Component: ARM Compiler 5.06 update 6 (build 750) Tool: armlink [4d35ed]

==============================================================================

Section Cross References

    startup_stm32f103xb.o(STACK) refers (Special) to heapauxi.o(.text) for __use_two_region_memory
    startup_stm32f103xb.o(HEAP) refers (Special) to heapauxi.o(.text) for __use_two_region_memory
    startup_stm32f103xb.o(RESET) refers (Special) to heapauxi.o(.text) for __use_two_region_memory
    startup_stm32f103xb.o(RESET) refers to startup_stm32f103xb.o(STACK) for __initial_sp
    startup_stm32f103xb.o(RESET) refers to startup_stm32f103xb.o(.text) for Reset_Handler
    startup_stm32f103xb.o(RESET) refers to stm32f1xx_it.o(i.NMI_Handler) for NMI_Handler
    startup_stm32f103xb.o(RESET) refers to stm32f1xx_it.o(i.HardFault_Handler) for HardFault_Handler
    startup_stm32f103xb.o(RESET) refers to stm32f1xx_it.o(i.MemManage_Handler) for MemManage_Handler
    startup_stm32f103xb.o(RESET) refers to stm32f1xx_it.o(i.BusFault_Handler) for BusFault_Handler
    startup_stm32f103xb.o(RESET) refers to stm32f1xx_it.o(i.UsageFault_Handler) for UsageFault_Handler
    startup_stm32f103xb.o(RESET) refers to port.o(.emb_text) for SVC_Handler
    startup_stm32f103xb.o(RESET) refers to stm32f1xx_it.o(i.DebugMon_Handler) for DebugMon_Handler
    startup_stm32f103xb.o(RESET) refers to cmsis_os2.o(i.SysTick_Handler) for SysTick_Handler
    startup_stm32f103xb.o(RESET) refers to stm32f1xx_it.o(i.DMA1_Channel4_IRQHandler) for DMA1_Channel4_IRQHandler
    startup_stm32f103xb.o(RESET) refers to stm32f1xx_it.o(i.DMA1_Channel5_IRQHandler) for DMA1_Channel5_IRQHandler
    startup_stm32f103xb.o(RESET) refers to stm32f1xx_it.o(i.TIM2_IRQHandler) for TIM2_IRQHandler
    startup_stm32f103xb.o(RESET) refers to stm32f1xx_it.o(i.USART1_IRQHandler) for USART1_IRQHandler
    startup_stm32f103xb.o(.text) refers (Special) to heapauxi.o(.text) for __use_two_region_memory
    startup_stm32f103xb.o(.text) refers to system_stm32f1xx.o(i.SystemInit) for SystemInit
    startup_stm32f103xb.o(.text) refers to __main.o(!!!main) for __main
    startup_stm32f103xb.o(.text) refers to startup_stm32f103xb.o(HEAP) for Heap_Mem
    startup_stm32f103xb.o(.text) refers to startup_stm32f103xb.o(STACK) for Stack_Mem
    main.o(i.HAL_TIM_PeriodElapsedCallback) refers to stm32f1xx_hal.o(i.HAL_IncTick) for HAL_IncTick
    main.o(i.SystemClock_Config) refers to rt_memclr_w.o(.text) for __aeabi_memclr4
    main.o(i.SystemClock_Config) refers to stm32f1xx_hal_rcc.o(i.HAL_RCC_OscConfig) for HAL_RCC_OscConfig
    main.o(i.SystemClock_Config) refers to stm32f1xx_hal_rcc.o(i.HAL_RCC_ClockConfig) for HAL_RCC_ClockConfig
    main.o(i.main) refers to stm32f1xx_hal.o(i.HAL_Init) for HAL_Init
    main.o(i.main) refers to main.o(i.SystemClock_Config) for SystemClock_Config
    main.o(i.main) refers to gpio.o(i.MX_GPIO_Init) for MX_GPIO_Init
    main.o(i.main) refers to dma.o(i.MX_DMA_Init) for MX_DMA_Init
    main.o(i.main) refers to tim.o(i.MX_TIM1_Init) for MX_TIM1_Init
    main.o(i.main) refers to usart.o(i.MX_USART1_UART_Init) for MX_USART1_UART_Init
    main.o(i.main) refers to stm32f1xx_hal_tim.o(i.HAL_TIM_PWM_Start) for HAL_TIM_PWM_Start
    main.o(i.main) refers to stm32f1xx_hal_uart.o(i.HAL_UART_Receive_DMA) for HAL_UART_Receive_DMA
    main.o(i.main) refers to stm32f1xx_hal_uart.o(i.HAL_UART_Transmit) for HAL_UART_Transmit
    main.o(i.main) refers to cmsis_os2.o(i.osKernelInitialize) for osKernelInitialize
    main.o(i.main) refers to freertos.o(i.MX_FREERTOS_Init) for MX_FREERTOS_Init
    main.o(i.main) refers to cmsis_os2.o(i.osKernelStart) for osKernelStart
    main.o(i.main) refers to tim.o(.bss) for htim1
    main.o(i.main) refers to main.o(.bss) for .bss
    main.o(i.main) refers to usart.o(.bss) for huart1
    gpio.o(i.MX_GPIO_Init) refers to stm32f1xx_hal_gpio.o(i.HAL_GPIO_WritePin) for HAL_GPIO_WritePin
    gpio.o(i.MX_GPIO_Init) refers to stm32f1xx_hal_gpio.o(i.HAL_GPIO_Init) for HAL_GPIO_Init
    freertos.o(i.MX_FREERTOS_Init) refers to cmsis_os2.o(i.osThreadNew) for osThreadNew
    freertos.o(i.MX_FREERTOS_Init) refers to freertos.o(.constdata) for .constdata
    freertos.o(i.MX_FREERTOS_Init) refers to freertos.o(i.StartB_LED) for StartB_LED
    freertos.o(i.MX_FREERTOS_Init) refers to freertos.o(.data) for .data
    freertos.o(i.MX_FREERTOS_Init) refers to freertos.o(i.StartDMA_IO) for StartDMA_IO
    freertos.o(i.StartB_LED) refers to dflt_clz.o(x$fpl$dflt) for __aeabi_i2d
    freertos.o(i.StartB_LED) refers to dmul.o(x$fpl$dmul) for __aeabi_dmul
    freertos.o(i.StartB_LED) refers to ddiv.o(x$fpl$ddiv) for __aeabi_ddiv
    freertos.o(i.StartB_LED) refers to sin.o(i.sin) for sin
    freertos.o(i.StartB_LED) refers to daddsub_clz.o(x$fpl$dadd) for __aeabi_dadd
    freertos.o(i.StartB_LED) refers to dfix.o(x$fpl$dfix) for __aeabi_d2iz
    freertos.o(i.StartB_LED) refers to stm32f1xx_hal.o(i.HAL_Delay) for HAL_Delay
    freertos.o(i.StartB_LED) refers to tim.o(.bss) for htim1
[...]
    i.prvHeapInit                            0x08002fbc   Section        0  heap_4.o(i.prvHeapInit)
    prvHeapInit                              0x08002fbd   Thumb Code    66  heap_4.o(i.prvHeapInit)
    i.prvIdleTask                            0x08003008   Section        0  tasks.o(i.prvIdleTask)
    prvIdleTask                              0x08003009   Thumb Code    82  tasks.o(i.prvIdleTask)
    i.prvInitialiseNewQueue                  0x08003068   Section        0  queue.o(i.prvInitialiseNewQueue)
    prvInitialiseNewQueue                    0x08003069   Thumb Code    34  queue.o(i.prvInitialiseNewQueue)
    i.prvInitialiseNewTask                   0x0800308c   Section        0  tasks.o(i.prvInitialiseNewTask)
    prvInitialiseNewTask                     0x0800308d   Thumb Code   176  tasks.o(i.prvInitialiseNewTask)
    i.prvInsertBlockIntoFreeList             0x0800313c   Section        0  heap_4.o(i.prvInsertBlockIntoFreeList)
    prvInsertBlockIntoFreeList               0x0800313d   Thumb Code    72  heap_4.o(i.prvInsertBlockIntoFreeList)
    i.prvInsertTimerInActiveList             0x08003188   Section        0  timers.o(i.prvInsertTimerInActiveList)
    prvInsertTimerInActiveList               0x08003189   Thumb Code    52  timers.o(i.prvInsertTimerInActiveList)
    i.prvIsQueueEmpty                        0x080031c0   Section        0  queue.o(i.prvIsQueueEmpty)
    prvIsQueueEmpty                          0x080031c1   Thumb Code    28  queue.o(i.prvIsQueueEmpty)
    i.prvProcessReceivedCommands             0x080031dc   Section        0  timers.o(i.prvProcessReceivedCommands)
    prvProcessReceivedCommands               0x080031dd   Thumb Code   248  timers.o(i.prvProcessReceivedCommands)
    i.prvProcessTimerOrBlockTask             0x080032d8   Section        0  timers.o(i.prvProcessTimerOrBlockTask)
    prvProcessTimerOrBlockTask               0x080032d9   Thumb Code   182  timers.o(i.prvProcessTimerOrBlockTask)
    i.prvResetNextTaskUnblockTime            0x08003398   Section        0  tasks.o(i.prvResetNextTaskUnblockTime)
    prvResetNextTaskUnblockTime              0x08003399   Thumb Code    26  tasks.o(i.prvResetNextTaskUnblockTime)
    i.prvSampleTimeNow                       0x080033b8   Section        0  timers.o(i.prvSampleTimeNow)
    prvSampleTimeNow                         0x080033b9   Thumb Code    36  timers.o(i.prvSampleTimeNow)
    i.prvSwitchTimerLists                    0x080033e0   Section        0  timers.o(i.prvSwitchTimerLists)
    prvSwitchTimerLists                      0x080033e1   Thumb Code   104  timers.o(i.prvSwitchTimerLists)
    i.prvTaskExitError                       0x0800344c   Section        0  port.o(i.prvTaskExitError)
    prvTaskExitError                         0x0800344d   Thumb Code    36  port.o(i.prvTaskExitError)
    i.prvTimerTask                           0x08003474   Section        0  timers.o(i.prvTimerTask)
    prvTimerTask                             0x08003475   Thumb Code    32  timers.o(i.prvTimerTask)
    i.prvUnlockQueue                         0x08003498   Section        0  queue.o(i.prvUnlockQueue)
    prvUnlockQueue                           0x08003499   Thumb Code   106  queue.o(i.prvUnlockQueue)
    i.pvPortMalloc                           0x08003504   Section        0  heap_4.o(i.pvPortMalloc)
    i.pxPortInitialiseStack                  0x080035e0   Section        0  port.o(i.pxPortInitialiseStack)
    i.sin                                    0x08003604   Section        0  sin.o(i.sin)
    i.uxListRemove                           0x080036a4   Section        0  list.o(i.uxListRemove)
    i.vApplicationGetIdleTaskMemory          0x080036cc   Section        0  cmsis_os2.o(i.vApplicationGetIdleTaskMemory)
    i.vApplicationGetTimerTaskMemory         0x080036e0   Section        0  cmsis_os2.o(i.vApplicationGetTimerTaskMemory)
    i.vListInitialise                        0x080036f8   Section        0  list.o(i.vListInitialise)
    i.vListInitialiseItem                    0x0800370e   Section        0  list.o(i.vListInitialiseItem)
    i.vListInsert                            0x08003714   Section        0  list.o(i.vListInsert)
    i.vListInsertEnd                         0x08003744   Section        0  list.o(i.vListInsertEnd)
    i.vPortEnterCritical                     0x0800375c   Section        0  port.o(i.vPortEnterCritical)
    i.vPortExitCritical                      0x0800379c   Section        0  port.o(i.vPortExitCritical)
    i.vPortFree                              0x080037c4   Section        0  heap_4.o(i.vPortFree)
    i.vPortSetupTimerInterrupt               0x08003828   Section        0  port.o(i.vPortSetupTimerInterrupt)
    i.vPortValidateInterruptPriority         0x0800384c   Section        0  port.o(i.vPortValidateInterruptPriority)
    i.vQueueAddToRegistry                    0x080038a0   Section        0  queue.o(i.vQueueAddToRegistry)
    i.vQueueWaitForMessageRestricted         0x080038c8   Section        0  queue.o(i.vQueueWaitForMessageRestricted)
    i.vTaskInternalSetTimeOutState           0x0800390c   Section        0  tasks.o(i.vTaskInternalSetTimeOutState)
    i.vTaskMissedYield                       0x0800391c   Section        0  tasks.o(i.vTaskMissedYield)
    i.vTaskPlaceOnEventList                  0x08003928   Section        0  tasks.o(i.vTaskPlaceOnEventList)
    i.vTaskPlaceOnEventListRestricted        0x08003958   Section        0  tasks.o(i.vTaskPlaceOnEventListRestricted)
    i.vTaskStartScheduler                    0x08003990   Section        0  tasks.o(i.vTaskStartScheduler)
    i.vTaskSuspendAll                        0x08003a18   Section        0  tasks.o(i.vTaskSuspendAll)
    i.vTaskSwitchContext                     0x08003a28   Section        0  tasks.o(i.vTaskSwitchContext)
    i.xPortStartScheduler                    0x08003a8c   Section        0  port.o(i.xPortStartScheduler)
    i.xPortSysTickHandler                    0x08003b34   Section        0  port.o(i.xPortSysTickHandler)
    i.xQueueGenericCreateStatic              0x08003b60   Section        0  queue.o(i.xQueueGenericCreateStatic)
    i.xQueueGenericReset                     0x08003bc8   Section        0  queue.o(i.xQueueGenericReset)
    i.xQueueGenericSend                      0x08003c50   Section        0  queue.o(i.xQueueGenericSend)
    i.xQueueGenericSendFromISR               0x08003db0   Section        0  queue.o(i.xQueueGenericSendFromISR)
    i.xQueueReceive                          0x08003e70   Section        0  queue.o(i.xQueueReceive)
    i.xTaskCheckForTimeOut                   0x08003fa8   Section        0  tasks.o(i.xTaskCheckForTimeOut)
    i.xTaskCreate                            0x0800401c   Section        0  tasks.o(i.xTaskCreate)
    i.xTaskCreateStatic                      0x08004076   Section        0  tasks.o(i.xTaskCreateStatic)
    i.xTaskGetSchedulerState                 0x080040cc   Section        0  tasks.o(i.xTaskGetSchedulerState)
    i.xTaskGetTickCount                      0x080040e8   Section        0  tasks.o(i.xTaskGetTickCount)
    i.xTaskIncrementTick                     0x080040f4   Section        0  tasks.o(i.xTaskIncrementTick)
    i.xTaskPriorityDisinherit                0x080041bc   Section        0  tasks.o(i.xTaskPriorityDisinherit)
    i.xTaskRemoveFromEventList               0x0800423c   Section        0  tasks.o(i.xTaskRemoveFromEventList)
    i.xTaskResumeAll                         0x080042ac   Section        0  tasks.o(i.xTaskResumeAll)
    i.xTimerCreateTimerTask                  0x08004370   Section        0  timers.o(i.xTimerCreateTimerTask)
    i.xTimerGenericCommand                   0x080043d0   Section        0  timers.o(i.xTimerGenericCommand)
    x$fpl$dadd                               0x08004438   Section      336  daddsub_clz.o(x$fpl$dadd)
    _dadd1                                   0x08004449   Thumb Code     0  daddsub_clz.o(x$fpl$dadd)
    x$fpl$dcheck1                            0x08004588   Section       16  dcheck1.o(x$fpl$dcheck1)
    x$fpl$ddiv                               0x08004598   Section      688  ddiv.o(x$fpl$ddiv)
    ddiv_entry                               0x0800459f   Thumb Code     0  ddiv.o(x$fpl$ddiv)
    x$fpl$dfix                               0x08004848   Section       94  dfix.o(x$fpl$dfix)
    x$fpl$dflt                               0x080048a6   Section       46  dflt_clz.o(x$fpl$dflt)
    x$fpl$dfltu                              0x080048d4   Section       38  dflt_clz.o(x$fpl$dfltu)
    x$fpl$dmul                               0x080048fc   Section      340  dmul.o(x$fpl$dmul)
    x$fpl$dnaninf                            0x08004a50   Section      156  dnaninf.o(x$fpl$dnaninf)
    x$fpl$dretinf                            0x08004aec   Section       12  dretinf.o(x$fpl$dretinf)
    x$fpl$drsb                               0x08004af8   Section       22  daddsub_clz.o(x$fpl$drsb)
    x$fpl$dsub                               0x08004b10   Section      468  daddsub_clz.o(x$fpl$dsub)
    _dsub1                                   0x08004b21   Thumb Code     0  daddsub_clz.o(x$fpl$dsub)
    x$fpl$retnan                             0x08004ce4   Section      100  retnan.o(x$fpl$retnan)
    x$fpl$scalbn                             0x08004d48   Section       92  scalbn.o(x$fpl$scalbn)
    x$fpl$trapveneer                         0x08004da4   Section       48  trapv.o(x$fpl$trapveneer)
    .constdata                               0x08004dd4   Section       72  freertos.o(.constdata)
    x$fpl$usenofp                            0x08004dd4   Section        0  usenofp.o(x$fpl$usenofp)
    .constdata                               0x08004e1c   Section       18  stm32f1xx_hal_rcc.o(.constdata)
    aPredivFactorTable                       0x08004e1c   Data           2  stm32f1xx_hal_rcc.o(.constdata)
    aPLLMULFactorTable                       0x08004e1e   Data          16  stm32f1xx_hal_rcc.o(.constdata)
    .constdata                               0x08004e2e   Section       16  system_stm32f1xx.o(.constdata)
    .constdata                               0x08004e3e   Section        8  system_stm32f1xx.o(.constdata)
    .constdata                               0x08004e48   Section       48  cos_i.o(.constdata)
    C                                        0x08004e48   Data          48  cos_i.o(.constdata)
    .constdata                               0x08004e78   Section      200  rred.o(.constdata)
    pio2s                                    0x08004e78   Data          48  rred.o(.constdata)
    twooverpi                                0x08004ea8   Data         152  rred.o(.constdata)
    .constdata                               0x08004f40   Section       40  sin_i.o(.constdata)
    S                                        0x08004f40   Data          40  sin_i.o(.constdata)
    .conststring                             0x08004f68   Section       15  freertos.o(.conststring)
    .data                                    0x20000000   Section        4  main.o(.data)
    .data                                    0x20000004   Section        4  main.o(.data)
    .data                                    0x20000008   Section        4  main.o(.data)
    .data                                    0x2000000c   Section        1  main.o(.data)
    .data                                    0x20000010   Section        8  freertos.o(.data)
    .data                                    0x20000018   Section       12  stm32f1xx_hal.o(.data)
    .data                                    0x20000024   Section        4  system_stm32f1xx.o(.data)
    .data                                    0x20000028   Section       60  tasks.o(.data)
    uxDeletedTasksWaitingCleanUp             0x2000002c   Data           4  tasks.o(.data)
    uxCurrentNumberOfTasks                   0x20000030   Data           4  tasks.o(.data)
    xTickCount                               0x20000034   Data           4  tasks.o(.data)
    uxTopReadyPriority                       0x20000038   Data           4  tasks.o(.data)
    xSchedulerRunning                        0x2000003c   Data           4  tasks.o(.data)
    xPendedTicks                             0x20000040   Data           4  tasks.o(.data)
    xYieldPending                            0x20000044   Data           4  tasks.o(.data)
    xNumOfOverflows                          0x20000048   Data           4  tasks.o(.data)
    uxTaskNumber                             0x2000004c   Data           4  tasks.o(.data)
    xNextTaskUnblockTime                     0x20000050   Data           4  tasks.o(.data)
    xIdleTaskHandle                          0x20000054   Data           4  tasks.o(.data)
    uxSchedulerSuspended                     0x20000058   Data           4  tasks.o(.data)
    pxDelayedTaskList                        0x2000005c   Data           4  tasks.o(.data)
    pxOverflowDelayedTaskList                0x20000060   Data           4  tasks.o(.data)
    .data                                    0x20000064   Section       20  timers.o(.data)
    xTimerQueue                              0x20000064   Data           4  timers.o(.data)
    xTimerTaskHandle                         0x20000068   Data           4  timers.o(.data)
    xLastTime                                0x2000006c   Data           4  timers.o(.data)
    pxCurrentTimerList                       0x20000070   Data           4  timers.o(.data)
    pxOverflowTimerList                      0x20000074   Data           4  timers.o(.data)
    .data                                    0x20000078   Section        4  cmsis_os2.o(.data)
    KernelState                              0x20000078   Data           4  cmsis_os2.o(.data)
    .data                                    0x2000007c   Section       32  heap_4.o(.data)
    pxEnd                                    0x2000007c   Data           4  heap_4.o(.data)
    xFreeBytesRemaining                      0x20000080   Data           4  heap_4.o(.data)
    xMinimumEverFreeBytesRemaining           0x20000084   Data           4  heap_4.o(.data)
    xNumberOfSuccessfulAllocations           0x20000088   Data           4  heap_4.o(.data)
    xNumberOfSuccessfulFrees                 0x2000008c   Data           4  heap_4.o(.data)
    xBlockAllocatedBit                       0x20000090   Data           4  heap_4.o(.data)
    xStart                                   0x20000094   Data           8  heap_4.o(.data)
    .data                                    0x2000009c   Section       12  port.o(.data)
    ucMaxSysCallPriority                     0x2000009c   Data           1  port.o(.data)
    uxCriticalNesting                        0x200000a0   Data           4  port.o(.data)
    ulMaxPRIGROUPValue                       0x200000a4   Data           4  port.o(.data)
    .bss                                     0x200000a8   Section      256  main.o(.bss)
    .bss                                     0x200001a8   Section      256  main.o(.bss)
    .bss                                     0x200002a8   Section       72  tim.o(.bss)
    .bss                                     0x200002f0   Section      208  usart.o(.bss)
    .bss                                     0x200003c0   Section       72  stm32f1xx_hal_timebase_tim.o(.bss)
    .bss                                     0x20000408   Section       64  queue.o(.bss)
    .bss                                     0x20000448   Section     1220  tasks.o(.bss)
    pxReadyTasksLists                        0x20000448   Data        1120  tasks.o(.bss)
    xDelayedTaskList1                        0x200008a8   Data          20  tasks.o(.bss)
    xDelayedTaskList2                        0x200008bc   Data          20  tasks.o(.bss)
    xPendingReadyList                        0x200008d0   Data          20  tasks.o(.bss)
    xTasksWaitingTermination                 0x200008e4   Data          20  tasks.o(.bss)
    xSuspendedTaskList                       0x200008f8   Data          20  tasks.o(.bss)
    .bss                                     0x2000090c   Section      280  timers.o(.bss)
    xStaticTimerQueue                        0x2000090c   Data          80  timers.o(.bss)
    ucStaticTimerQueueStorage                0x2000095c   Data         160  timers.o(.bss)
    xActiveTimerList1                        0x200009fc   Data          20  timers.o(.bss)
    xActiveTimerList2                        0x20000a10   Data          20  timers.o(.bss)
    .bss                                     0x20000a24   Section     1720  cmsis_os2.o(.bss)
    Idle_TCB                                 0x20000a24   Data          92  cmsis_os2.o(.bss)
    Idle_Stack                               0x20000a80   Data         512  cmsis_os2.o(.bss)
    Timer_TCB                                0x20000c80   Data          92  cmsis_os2.o(.bss)
    Timer_Stack                              0x20000cdc   Data        1024  cmsis_os2.o(.bss)
    .bss                                     0x200010dc   Section     3072  heap_4.o(.bss)
    ucHeap                                   0x200010dc   Data        3072  heap_4.o(.bss)
    .bss                                     0x20001cdc   Section       96  libspace.o(.bss)
    HEAP                                     0x20001d40   Section      512  startup_stm32f103xb.o(HEAP)
    Heap_Mem                                 0x20001d40   Data         512  startup_stm32f103xb.o(HEAP)
    STACK                                    0x20001f40   Section     1024  startup_stm32f103xb.o(STACK)
    Stack_Mem                                0x20001f40   Data        1024  startup_stm32f103xb.o(STACK)
    __initial_sp                             0x20002340   Data           0  startup_stm32f103xb.o(STACK)

    Global Symbols

    Symbol Name                              Value     Ov Type        Size  Object(Section)

    BuildAttributes$$THM_ISAv4$P$D$K$B$S$PE$A:L22UL41UL21$X:L11$S22US41US21$IEEE1$IW$USESV6$~STKCKD$USESV7$~SHL$OTIME$ROPI$IEEEX$EBA8$UX$STANDARDLIB$REQ8$PRES8$EABIv2 0x00000000   Number         0  anon$$obj.o ABSOLUTE
    __ARM_use_no_argv                        0x00000000   Number         0  main.o ABSOLUTE
    __ARM_exceptions_init                     - Undefined Weak Reference
    __alloca_initialize                       - Undefined Weak Reference
    __arm_preinit_                            - Undefined Weak Reference
    __cpp_initialize__aeabi_                  - Undefined Weak Reference
    __cxa_finalize                            - Undefined Weak Reference
    __rt_locale                               - Undefined Weak Reference
    __sigvec_lookup                           - Undefined Weak Reference
    _atexit_init                              - Undefined Weak Reference
    _call_atexit_fns                          - Undefined Weak Reference
    _clock_init                               - Undefined Weak Reference
    _fp_trap_init                             - Undefined Weak Reference
    _fp_trap_shutdown                         - Undefined Weak Reference
    _get_lc_collate                           - Undefined Weak Reference
    _get_lc_ctype                             - Undefined Weak Reference
    _get_lc_monetary                          - Undefined Weak Reference
    _get_lc_numeric                           - Undefined Weak Reference
    _get_lc_time                              - Undefined Weak Reference
    _getenv_init                              - Undefined Weak Reference
    _handle_redirection                       - Undefined Weak Reference
    _init_alloc                               - Undefined Weak Reference
    _init_user_alloc                          - Undefined Weak Reference
    _initio                                   - Undefined Weak Reference
    _rand_init                                - Undefined Weak Reference
    _signal_finish                            - Undefined Weak Reference
    _signal_init                              - Undefined Weak Reference
    _terminate_alloc                          - Undefined Weak Reference
    _terminate_user_alloc                     - Undefined Weak Reference
    _terminateio                              - Undefined Weak Reference
    __Vectors_Size                           0x000000ec   Number         0  startup_stm32f103xb.o ABSOLUTE
    __Vectors                                0x08000000   Data           4  startup_stm32f103xb.o(RESET)
    __Vectors_End                            0x080000ec   Data           0  startup_stm32f103xb.o(RESET)
    __main                                   0x080000ed   Thumb Code     8  __main.o(!!!main)
    __scatterload                            0x080000f5   Thumb Code     0  __scatter.o(!!!scatter)
    __scatterload_rt2                        0x080000f5   Thumb Code    44  __scatter.o(!!!scatter)
    __scatterload_rt2_thumb_only             0x080000f5   Thumb Code     0  __scatter.o(!!!scatter)
    __scatterload_null                       0x08000103   Thumb Code     0  __scatter.o(!!!scatter)
    __scatterload_copy                       0x08000129   Thumb Code    26  __scatter_copy.o(!!handler_copy)
    __scatterload_zeroinit                   0x08000145   Thumb Code    28  __scatter_zi.o(!!handler_zi)
    __rt_lib_init                            0x08000161   Thumb Code     0  libinit.o(.ARM.Collect$$libinit$$00000000)
    __rt_lib_init_alloca_1                   0x08000163   Thumb Code     0  libinit2.o(.ARM.Collect$$libinit$$0000002E)
    __rt_lib_init_argv_1                     0x08000163   Thumb Code     0  libinit2.o(.ARM.Collect$$libinit$$0000002C)
    __rt_lib_init_atexit_1                   0x08000163   Thumb Code     0  libinit2.o(.ARM.Collect$$libinit$$0000001B)
    __rt_lib_init_clock_1                    0x08000163   Thumb Code     0  libinit2.o(.ARM.Collect$$libinit$$00000021)
    __rt_lib_init_cpp_1                      0x08000163   Thumb Code     0  libinit2.o(.ARM.Collect$$libinit$$00000032)
    __rt_lib_init_exceptions_1               0x08000163   Thumb Code     0  libinit2.o(.ARM.Collect$$libinit$$00000030)
    __rt_lib_init_fp_1                       0x08000163   Thumb Code     0  libinit2.o(.ARM.Collect$$libinit$$00000002)
    __rt_lib_init_fp_trap_1                  0x08000163   Thumb Code     0  libinit2.o(.ARM.Collect$$libinit$$0000001F)
    __rt_lib_init_getenv_1                   0x08000163   Thumb Code     0  libinit2.o(.ARM.Collect$$libinit$$00000023)
    __rt_lib_init_heap_1                     0x08000163   Thumb Code     0  libinit2.o(.ARM.Collect$$libinit$$0000000A)
    __rt_lib_init_lc_collate_1               0x08000163   Thumb Code     0  libinit2.o(.ARM.Collect$$libinit$$00000011)
    __rt_lib_init_lc_ctype_1                 0x08000163   Thumb Code     0  libinit2.o(.ARM.Collect$$libinit$$00000013)
    __rt_lib_init_lc_monetary_1              0x08000163   Thumb Code     0  libinit2.o(.ARM.Collect$$libinit$$00000015)
    __rt_lib_init_lc_numeric_1               0x08000163   Thumb Code     0  libinit2.o(.ARM.Collect$$libinit$$00000017)
    __rt_lib_init_lc_time_1                  0x08000163   Thumb Code     0  libinit2.o(.ARM.Collect$$libinit$$00000019)
    __rt_lib_init_preinit_1                  0x08000163   Thumb Code     0  libinit2.o(.ARM.Collect$$libinit$$00000004)
    __rt_lib_init_rand_1                     0x08000163   Thumb Code     0  libinit2.o(.ARM.Collect$$libinit$$0000000E)
    __rt_lib_init_return                     0x08000163   Thumb Code     0  libinit2.o(.ARM.Collect$$libinit$$00000033)
    __rt_lib_init_signal_1                   0x08000163   Thumb Code     0  libinit2.o(.ARM.Collect$$libinit$$0000001D)
    __rt_lib_init_stdio_1                    0x08000163   Thumb Code     0  libinit2.o(.ARM.Collect$$libinit$$00000025)
    __rt_lib_init_user_alloc_1               0x08000163   Thumb Code     0  libinit2.o(.ARM.Collect$$libinit$$0000000C)
    __rt_lib_shutdown                        0x08000165   Thumb Code     0  libshutdown.o(.ARM.Collect$$libshutdown$$00000000)
    __rt_lib_shutdown_cpp_1                  0x08000167   Thumb Code     0  libshutdown2.o(.ARM.Collect$$libshutdown$$00000002)
    __rt_lib_shutdown_fp_trap_1              0x08000167   Thumb Code     0  libshutdown2.o(.ARM.Collect$$libshutdown$$00000007)
    __rt_lib_shutdown_heap_1                 0x08000167   Thumb Code     0  libshutdown2.o(.ARM.Collect$$libshutdown$$0000000F)
    __rt_lib_shutdown_return                 0x08000167   Thumb Code     0  libshutdown2.o(.ARM.Collect$$libshutdown$$00000010)
    __rt_lib_shutdown_signal_1               0x08000167   Thumb Code     0  libshutdown2.o(.ARM.Collect$$libshutdown$$0000000A)
    __rt_lib_shutdown_stdio_1                0x08000167   Thumb Code     0  libshutdown2.o(.ARM.Collect$$libshutdown$$00000004)
    __rt_lib_shutdown_user_alloc_1           0x08000167   Thumb Code     0  libshutdown2.o(.ARM.Collect$$libshutdown$$0000000C)
    __rt_entry                               0x08000169   Thumb Code     0  __rtentry.o(.ARM.Collect$$rtentry$$00000000)
    __rt_entry_presh_1                       0x08000169   Thumb Code     0  __rtentry2.o(.ARM.Collect$$rtentry$$00000002)
    __rt_entry_sh                            0x08000169   Thumb Code     0  __rtentry4.o(.ARM.Collect$$rtentry$$00000004)
    __rt_entry_li                            0x0800016f   Thumb Code     0  __rtentry2.o(.ARM.Collect$$rtentry$$0000000A)
    __rt_entry_postsh_1                      0x0800016f   Thumb Code     0  __rtentry2.o(.ARM.Collect$$rtentry$$00000009)
    __rt_entry_main                          0x08000173   Thumb Code     0  __rtentry2.o(.ARM.Collect$$rtentry$$0000000D)
    __rt_entry_postli_1                      0x08000173   Thumb Code     0  __rtentry2.o(.ARM.Collect$$rtentry$$0000000C)
    __rt_exit                                0x0800017b   Thumb Code     0  rtexit.o(.ARM.Collect$$rtexit$$00000000)
    __rt_exit_ls                             0x0800017d   Thumb Code     0  rtexit2.o(.ARM.Collect$$rtexit$$00000003)
    __rt_exit_prels_1                        0x0800017d   Thumb Code     0  rtexit2.o(.ARM.Collect$$rtexit$$00000002)
    __rt_exit_exit                           0x08000181   Thumb Code     0  rtexit2.o(.ARM.Collect$$rtexit$$00000004)
    SVC_Handler                              0x08000189   Thumb Code    32  port.o(.emb_text)
    __asm___6_port_c_39a90d8d__prvStartFirstTask 0x080001ad   Thumb Code    28  port.o(.emb_text)
    PendSV_Handler                           0x080001cd   Thumb Code    72  port.o(.emb_text)
    vPortGetIPSR                             0x08000219   Thumb Code     6  port.o(.emb_text)
    Reset_Handler                            0x08000221   Thumb Code     8  startup_stm32f103xb.o(.text)
    ADC1_2_IRQHandler                        0x0800023b   Thumb Code     0  startup_stm32f103xb.o(.text)
    CAN1_RX1_IRQHandler                      0x0800023b   Thumb Code     0  startup_stm32f103xb.o(.text)
    CAN1_SCE_IRQHandler                      0x0800023b   Thumb Code     0  startup_stm32f103xb.o(.text)
    DMA1_Channel1_IRQHandler                 0x0800023b   Thumb Code     0  startup_stm32f103xb.o(.text)
    DMA1_Channel2_IRQHandler                 0x0800023b   Thumb Code     0  startup_stm32f103xb.o(.text)
    DMA1_Channel3_IRQHandler                 0x0800023b   Thumb Code     0  startup_stm32f103xb.o(.text)
    DMA1_Channel6_IRQHandler                 0x0800023b   Thumb Code     0  startup_stm32f103xb.o(.text)
    DMA1_Channel7_IRQHandler                 0x0800023b   Thumb Code     0  startup_stm32f103xb.o(.text)
    EXTI0_IRQHandler                         0x0800023b   Thumb Code     0  startup_stm32f103xb.o(.text)
    EXTI15_10_IRQHandler                     0x0800023b   Thumb Code     0  startup_stm32f103xb.o(.text)
    EXTI1_IRQHandler                         0x0800023b   Thumb Code     0  startup_stm32f103xb.o(.text)
    EXTI2_IRQHandler                         0x0800023b   Thumb Code     0  startup_stm32f103xb.o(.text)
    EXTI3_IRQHandler                         0x0800023b   Thumb Code     0  startup_stm32f103xb.o(.text)
    EXTI4_IRQHandler                         0x0800023b   Thumb Code     0  startup_stm32f103xb.o(.text)
    EXTI9_5_IRQHandler                       0x0800023b   Thumb Code     0  startup_stm32f103xb.o(.text)
    FLASH_IRQHandler                         0x0800023b   Thumb Code     0  startup_stm32f103xb.o(.text)
    I2C1_ER_IRQHandler                       0x0800023b   Thumb Code     0  startup_stm32f103xb.o(.text)
    I2C1_EV_IRQHandler                       0x0800023b   Thumb Code     0  startup_stm32f103xb.o(.text)
    I2C2_ER_IRQHandler                       0x0800023b   Thumb Code     0  startup_stm32f103xb.o(.text)
    I2C2_EV_IRQHandler                       0x0800023b   Thumb Code     0  startup_stm32f103xb.o(.text)
    PVD_IRQHandler                           0x0800023b   Thumb Code     0  startup_stm32f103xb.o(.text)
    RCC_IRQHandler                           0x0800023b   Thumb Code     0  startup_stm32f103xb.o(.text)
    RTC_Alarm_IRQHandler                     0x0800023b   Thumb Code     0  startup_stm32f103xb.o(.text)
    RTC_IRQHandler                           0x0800023b   Thumb Code     0  startup_stm32f103xb.o(.text)
    SPI1_IRQHandler                          0x0800023b   Thumb Code     0  startup_stm32f103xb.o(.text)
    SPI2_IRQHandler                          0x0800023b   Thumb Code     0  startup_stm32f103xb.o(.text)
    TAMPER_IRQHandler                        0x0800023b   Thumb Code     0  startup_stm32f103xb.o(.text)
    TIM1_BRK_IRQHandler                      0x0800023b   Thumb Code     0  startup_stm32f103xb.o(.text)
    TIM1_CC_IRQHandler                       0x0800023b   Thumb Code     0  startup_stm32f103xb.o(.text)
    TIM1_TRG_COM_IRQHandler                  0x0800023b   Thumb Code     0  startup_stm32f103xb.o(.text)
    TIM1_UP_IRQHandler                       0x0800023b   Thumb Code     0  startup_stm32f103xb.o(.text)
    TIM3_IRQHandler                          0x0800023b   Thumb Code     0  startup_stm32f103xb.o(.text)
    TIM4_IRQHandler                          0x0800023b   Thumb Code     0  startup_stm32f103xb.o(.text)
    USART2_IRQHandler                        0x0800023b   Thumb Code     0  startup_stm32f103xb.o(.text)
    USART3_IRQHandler                        0x0800023b   Thumb Code     0  startup_stm32f103xb.o(.text)
    USBWakeUp_IRQHandler                     0x0800023b   Thumb Code     0  startup_stm32f103xb.o(.text)
    USB_HP_CAN1_TX_IRQHandler                0x0800023b   Thumb Code     0  startup_stm32f103xb.o(.text)
    USB_LP_CAN1_RX0_IRQHandler               0x0800023b   Thumb Code     0  startup_stm32f103xb.o(.text)
    WWDG_IRQHandler                          0x0800023b   Thumb Code     0  startup_stm32f103xb.o(.text)
    __user_initial_stackheap                 0x0800023d   Thumb Code     0  startup_stm32f103xb.o(.text)
    __aeabi_memcpy                           0x08000261   Thumb Code     0  rt_memcpy_v6.o(.text)
    __rt_memcpy                              0x08000261   Thumb Code   138  rt_memcpy_v6.o(.text)
    _memcpy_lastbytes                        0x080002c7   Thumb Code     0  rt_memcpy_v6.o(.text)
    __aeabi_memset                           0x080002eb   Thumb Code    16  aeabi_memset.o(.text)
    __aeabi_memclr4                          0x080002fb   Thumb Code     0  rt_memclr_w.o(.text)
    __aeabi_memclr8                          0x080002fb   Thumb Code     0  rt_memclr_w.o(.text)
    __rt_memclr_w                            0x080002fb   Thumb Code    78  rt_memclr_w.o(.text)
    _memset_w                                0x080002ff   Thumb Code     0  rt_memclr_w.o(.text)
    __use_two_region_memory                  0x08000349   Thumb Code     2  heapauxi.o(.text)
    __rt_heap_escrow$2region                 0x0800034b   Thumb Code     2  heapauxi.o(.text)
    __rt_heap_expand$2region                 0x0800034d   Thumb Code     2  heapauxi.o(.text)
    __read_errno                             0x0800034f   Thumb Code    10  _rserrno.o(.text)
    __set_errno                              0x08000359   Thumb Code    12  _rserrno.o(.text)
    __aeabi_memcpy4                          0x08000365   Thumb Code     0  rt_memcpy_w.o(.text)
    __aeabi_memcpy8                          0x08000365   Thumb Code     0  rt_memcpy_w.o(.text)
    __rt_memcpy_w                            0x08000365   Thumb Code   100  rt_memcpy_w.o(.text)
    _memcpy_lastbytes_aligned                0x080003ad   Thumb Code     0  rt_memcpy_w.o(.text)
    __aeabi_memclr                           0x080003c9   Thumb Code     0  rt_memclr.o(.text)
    __rt_memclr                              0x080003c9   Thumb Code    68  rt_memclr.o(.text)
    _memset                                  0x080003cd   Thumb Code     0  rt_memclr.o(.text)
    __aeabi_errno_addr                       0x0800040d   Thumb Code     8  rt_errno_addr_intlibspace.o(.text)
    __errno$intlibspace                      0x0800040d   Thumb Code     0  rt_errno_addr_intlibspace.o(.text)
    __rt_errno_addr$intlibspace              0x0800040d   Thumb Code     0  rt_errno_addr_intlibspace.o(.text)
    __user_libspace                          0x08000415   Thumb Code     8  libspace.o(.text)
    __user_perproc_libspace                  0x08000415   Thumb Code     0  libspace.o(.text)
    __user_perthread_libspace                0x08000415   Thumb Code     0  libspace.o(.text)
    __user_setup_stackheap                   0x0800041d   Thumb Code    74  sys_stackheap_outer.o(.text)
    exit                                     0x08000467   Thumb Code    18  exit.o(.text)
    _sys_exit                                0x08000479   Thumb Code     8  sys_exit.o(.text)
    __I$use$semihosting                      0x08000485   Thumb Code     0  use_no_semi.o(.text)
    __use_no_semihosting_swi                 0x08000485   Thumb Code     2  use_no_semi.o(.text)
    BusFault_Handler                         0x08000487   Thumb Code     2  stm32f1xx_it.o(i.BusFault_Handler)
    __semihosting_library_function           0x08000487   Thumb Code     0  indicate_semi.o(.text)
    DMA1_Channel4_IRQHandler                 0x08000489   Thumb Code     6  stm32f1xx_it.o(i.DMA1_Channel4_IRQHandler)
    DMA1_Channel5_IRQHandler                 0x08000495   Thumb Code     6  stm32f1xx_it.o(i.DMA1_Channel5_IRQHandler)
    DebugMon_Handler                         0x080004cb   Thumb Code     2  stm32f1xx_it.o(i.DebugMon_Handler)
    Error_Handler                            0x080004cd   Thumb Code     4  main.o(i.Error_Handler)
    HAL_DMA_Abort                            0x080004d1   Thumb Code    70  stm32f1xx_hal_dma.o(i.HAL_DMA_Abort)
    HAL_DMA_Abort_IT                         0x08000519   Thumb Code   148  stm32f1xx_hal_dma.o(i.HAL_DMA_Abort_IT)
    HAL_DMA_IRQHandler                       0x080005b1   Thumb Code   316  stm32f1xx_hal_dma.o(i.HAL_DMA_IRQHandler)
    HAL_DMA_Init                             0x08000705   Thumb Code    84  stm32f1xx_hal_dma.o(i.HAL_DMA_Init)
    HAL_DMA_Start_IT                         0x08000761   Thumb Code   112  stm32f1xx_hal_dma.o(i.HAL_DMA_Start_IT)
    HAL_Delay                                0x080007d1   Thumb Code    32  stm32f1xx_hal.o(i.HAL_Delay)
    HAL_GPIO_Init                            0x080007f5   Thumb Code   446  stm32f1xx_hal_gpio.o(i.HAL_GPIO_Init)
    HAL_GPIO_WritePin                        0x080009d5   Thumb Code    10  stm32f1xx_hal_gpio.o(i.HAL_GPIO_WritePin)
    HAL_GetTick                              0x080009e1   Thumb Code     6  stm32f1xx_hal.o(i.HAL_GetTick)
    HAL_IncTick                              0x080009ed   Thumb Code    12  stm32f1xx_hal.o(i.HAL_IncTick)
    HAL_Init                                 0x080009fd   Thumb Code    32  stm32f1xx_hal.o(i.HAL_Init)
    HAL_InitTick                             0x08000a21   Thumb Code   134  stm32f1xx_hal_timebase_tim.o(i.HAL_InitTick)
    HAL_MspInit                              0x08000ab9   Thumb Code    62  stm32f1xx_hal_msp.o(i.HAL_MspInit)
    HAL_NVIC_EnableIRQ                       0x08000b01   Thumb Code    26  stm32f1xx_hal_cortex.o(i.HAL_NVIC_EnableIRQ)
    HAL_NVIC_SetPriority                     0x08000b1d   Thumb Code    60  stm32f1xx_hal_cortex.o(i.HAL_NVIC_SetPriority)
    HAL_NVIC_SetPriorityGrouping             0x08000b5d   Thumb Code    26  stm32f1xx_hal_cortex.o(i.HAL_NVIC_SetPriorityGrouping)
    HAL_RCC_ClockConfig                      0x08000b81   Thumb Code   280  stm32f1xx_hal_rcc.o(i.HAL_RCC_ClockConfig)
    HAL_RCC_GetClockConfig                   0x08000cad   Thumb Code    54  stm32f1xx_hal_rcc.o(i.HAL_RCC_GetClockConfig)
    HAL_RCC_GetPCLK1Freq                     0x08000ced   Thumb Code    20  stm32f1xx_hal_rcc.o(i.HAL_RCC_GetPCLK1Freq)
    HAL_RCC_GetPCLK2Freq                     0x08000d0d   Thumb Code    20  stm32f1xx_hal_rcc.o(i.HAL_RCC_GetPCLK2Freq)
    HAL_RCC_GetSysClockFreq                  0x08000d2d   Thumb Code    58  stm32f1xx_hal_rcc.o(i.HAL_RCC_GetSysClockFreq)
    HAL_RCC_OscConfig                        0x08000d79   Thumb Code   778  stm32f1xx_hal_rcc.o(i.HAL_RCC_OscConfig)
    HAL_TIMEx_BreakCallback                  0x08001099   Thumb Code     2  stm32f1xx_hal_tim_ex.o(i.HAL_TIMEx_BreakCallback)
    HAL_TIMEx_CommutCallback                 0x0800109b   Thumb Code     2  stm32f1xx_hal_tim_ex.o(i.HAL_TIMEx_CommutCallback)
    HAL_TIMEx_ConfigBreakDeadTime            0x0800109d   Thumb Code    84  stm32f1xx_hal_tim_ex.o(i.HAL_TIMEx_ConfigBreakDeadTime)
    HAL_TIMEx_MasterConfigSynchronization    0x080010f1   Thumb Code    92  stm32f1xx_hal_tim_ex.o(i.HAL_TIMEx_MasterConfigSynchronization)
    HAL_TIM_Base_Init                        0x08001159   Thumb Code    90  stm32f1xx_hal_tim.o(i.HAL_TIM_Base_Init)
    HAL_TIM_Base_MspInit                     0x080011b5   Thumb Code    30  tim.o(i.HAL_TIM_Base_MspInit)
    HAL_TIM_Base_Start_IT                    0x080011dd   Thumb Code    76  stm32f1xx_hal_tim.o(i.HAL_TIM_Base_Start_IT)
    HAL_TIM_ConfigClockSource                0x08001235   Thumb Code   220  stm32f1xx_hal_tim.o(i.HAL_TIM_ConfigClockSource)
    HAL_TIM_IC_CaptureCallback               0x08001311   Thumb Code     2  stm32f1xx_hal_tim.o(i.HAL_TIM_IC_CaptureCallback)
    HAL_TIM_IRQHandler                       0x08001313   Thumb Code   304  stm32f1xx_hal_tim.o(i.HAL_TIM_IRQHandler)
    HAL_TIM_MspPostInit                      0x08001445   Thumb Code    64  tim.o(i.HAL_TIM_MspPostInit)
    HAL_TIM_OC_DelayElapsedCallback          0x08001491   Thumb Code     2  stm32f1xx_hal_tim.o(i.HAL_TIM_OC_DelayElapsedCallback)
    HAL_TIM_PWM_ConfigChannel                0x08001493   Thumb Code   204  stm32f1xx_hal_tim.o(i.HAL_TIM_PWM_ConfigChannel)
    HAL_TIM_PWM_Init                         0x0800155f   Thumb Code    90  stm32f1xx_hal_tim.o(i.HAL_TIM_PWM_Init)
    HAL_TIM_PWM_MspInit                      0x080015b9   Thumb Code     2  stm32f1xx_hal_tim.o(i.HAL_TIM_PWM_MspInit)
    HAL_TIM_PWM_PulseFinishedCallback        0x080015bb   Thumb Code     2  stm32f1xx_hal_tim.o(i.HAL_TIM_PWM_PulseFinishedCallback)
    HAL_TIM_PWM_Start                        0x080015bd   Thumb Code   144  stm32f1xx_hal_tim.o(i.HAL_TIM_PWM_Start)
    HAL_TIM_PeriodElapsedCallback            0x08001659   Thumb Code    14  main.o(i.HAL_TIM_PeriodElapsedCallback)
    HAL_TIM_TriggerCallback                  0x08001667   Thumb Code     2  stm32f1xx_hal_tim.o(i.HAL_TIM_TriggerCallback)
    HAL_UARTEx_RxEventCallback               0x08001669   Thumb Code     2  stm32f1xx_hal_uart.o(i.HAL_UARTEx_RxEventCallback)
    HAL_UART_ErrorCallback                   0x0800166b   Thumb Code     2  stm32f1xx_hal_uart.o(i.HAL_UART_ErrorCallback)
    HAL_UART_IRQHandler                      0x0800166d   Thumb Code   616  stm32f1xx_hal_uart.o(i.HAL_UART_IRQHandler)
    HAL_UART_Init                            0x080018d9   Thumb Code   100  stm32f1xx_hal_uart.o(i.HAL_UART_Init)
    HAL_UART_MspInit                         0x0800193d   Thumb Code   200  usart.o(i.HAL_UART_MspInit)
    HAL_UART_Receive_DMA                     0x08001a19   Thumb Code    28  stm32f1xx_hal_uart.o(i.HAL_UART_Receive_DMA)
    HAL_UART_RxCpltCallback                  0x08001a35   Thumb Code     2  stm32f1xx_hal_uart.o(i.HAL_UART_RxCpltCallback)
    HAL_UART_RxHalfCpltCallback              0x08001a37   Thumb Code     2  stm32f1xx_hal_uart.o(i.HAL_UART_RxHalfCpltCallback)
    HAL_UART_Transmit                        0x08001a39   Thumb Code   160  stm32f1xx_hal_uart.o(i.HAL_UART_Transmit)
    HAL_UART_Transmit_DMA                    0x08001ad9   Thumb Code   106  stm32f1xx_hal_uart.o(i.HAL_UART_Transmit_DMA)
    HAL_UART_TxCpltCallback                  0x08001b51   Thumb Code     2  stm32f1xx_hal_uart.o(i.HAL_UART_TxCpltCallback)
    HAL_UART_TxHalfCpltCallback              0x08001b53   Thumb Code     2  stm32f1xx_hal_uart.o(i.HAL_UART_TxHalfCpltCallback)
    HardFault_Handler                        0x08001b55   Thumb Code     2  stm32f1xx_it.o(i.HardFault_Handler)
    MX_DMA_Init                              0x08001b59   Thumb Code    56  dma.o(i.MX_DMA_Init)
    MX_FREERTOS_Init                         0x08001b95   Thumb Code    32  freertos.o(i.MX_FREERTOS_Init)
    MX_GPIO_Init                             0x08001bc5   Thumb Code   104  gpio.o(i.MX_GPIO_Init)
    MX_TIM1_Init                             0x08001c35   Thumb Code   192  tim.o(i.MX_TIM1_Init)
    MX_USART1_UART_Init                      0x08001cfd   Thumb Code    48  usart.o(i.MX_USART1_UART_Init)
    MemManage_Handler                        0x08001d35   Thumb Code     2  stm32f1xx_it.o(i.MemManage_Handler)
    NMI_Handler                              0x08001d37   Thumb Code     2  stm32f1xx_it.o(i.NMI_Handler)
    StartB_LED                               0x08001d39   Thumb Code    86  freertos.o(i.StartB_LED)
    StartDMA_IO                              0x08001da5   Thumb Code    46  freertos.o(i.StartDMA_IO)
    SysTick_Handler                          0x08001de5   Thumb Code    26  cmsis_os2.o(i.SysTick_Handler)
    SystemClock_Config                       0x08001dff   Thumb Code    94  main.o(i.SystemClock_Config)
    SystemInit                               0x08001e5d   Thumb Code     2  system_stm32f1xx.o(i.SystemInit)
    TIM2_IRQHandler                          0x08001e61   Thumb Code     6  stm32f1xx_it.o(i.TIM2_IRQHandler)
    TIM_Base_SetConfig                       0x08001e6d   Thumb Code   108  stm32f1xx_hal_tim.o(i.TIM_Base_SetConfig)
    TIM_CCxChannelCmd                        0x08001ee5   Thumb Code    26  stm32f1xx_hal_tim.o(i.TIM_CCxChannelCmd)
    TIM_ETR_SetConfig                        0x08001eff   Thumb Code    20  stm32f1xx_hal_tim.o(i.TIM_ETR_SetConfig)
    TIM_OC2_SetConfig                        0x08001f75   Thumb Code    84  stm32f1xx_hal_tim.o(i.TIM_OC2_SetConfig)
    UART_Start_Receive_DMA                   0x080023dd   Thumb Code   130  stm32f1xx_hal_uart.o(i.UART_Start_Receive_DMA)
    USART1_IRQHandler                        0x080024e1   Thumb Code   148  stm32f1xx_it.o(i.USART1_IRQHandler)
    UsageFault_Handler                       0x08002591   Thumb Code     2  stm32f1xx_it.o(i.UsageFault_Handler)
    __ARM_fpclassify                         0x08002593   Thumb Code    40  fpclassify.o(i.__ARM_fpclassify)
    __ieee754_rem_pio2                       0x080025dd   Thumb Code   828  rred.o(i.__ieee754_rem_pio2)
    __kernel_cos                             0x08002965   Thumb Code   230  cos_i.o(i.__kernel_cos)
    __kernel_poly                            0x08002a61   Thumb Code   170  poly.o(i.__kernel_poly)
    __kernel_sin                             0x08002b0d   Thumb Code   224  sin_i.o(i.__kernel_sin)
    __mathlib_dbl_infnan                     0x08002bf9   Thumb Code     6  dunder.o(i.__mathlib_dbl_infnan)
    __mathlib_dbl_invalid                    0x08002bff   Thumb Code    12  dunder.o(i.__mathlib_dbl_invalid)
    __mathlib_dbl_underflow                  0x08002c0d   Thumb Code    10  dunder.o(i.__mathlib_dbl_underflow)
    main                                     0x08002c1d   Thumb Code    82  main.o(i.main)
    osKernelInitialize                       0x08002c89   Thumb Code    32  cmsis_os2.o(i.osKernelInitialize)
    osKernelStart                            0x08002cad   Thumb Code    48  cmsis_os2.o(i.osKernelStart)
    osThreadNew                              0x08002ce5   Thumb Code   138  cmsis_os2.o(i.osThreadNew)
    pvPortMalloc                             0x08003505   Thumb Code   216  heap_4.o(i.pvPortMalloc)
    pxPortInitialiseStack                    0x080035e1   Thumb Code    32  port.o(i.pxPortInitialiseStack)
    sin                                      0x08003605   Thumb Code   150  sin.o(i.sin)
    uxListRemove                             0x080036a5   Thumb Code    38  list.o(i.uxListRemove)
    vApplicationGetIdleTaskMemory            0x080036cd   Thumb Code    16  cmsis_os2.o(i.vApplicationGetIdleTaskMemory)
    vApplicationGetTimerTaskMemory           0x080036e1   Thumb Code    18  cmsis_os2.o(i.vApplicationGetTimerTaskMemory)
    vListInitialise                          0x080036f9   Thumb Code    22  list.o(i.vListInitialise)
    vListInitialiseItem                      0x0800370f   Thumb Code     6  list.o(i.vListInitialiseItem)
    vListInsert                              0x08003715   Thumb Code    48  list.o(i.vListInsert)
    vListInsertEnd                           0x08003745   Thumb Code    24  list.o(i.vListInsertEnd)
    vPortEnterCritical                       0x0800375d   Thumb Code    54  port.o(i.vPortEnterCritical)
    vPortExitCritical                        0x0800379d   Thumb Code    34  port.o(i.vPortExitCritical)
    vPortFree                                0x080037c5   Thumb Code    94  heap_4.o(i.vPortFree)
    vPortSetupTimerInterrupt                 0x08003829   Thumb Code    32  port.o(i.vPortSetupTimerInterrupt)
    vPortValidateInterruptPriority           0x0800384d   Thumb Code    74  port.o(i.vPortValidateInterruptPriority)
    vQueueAddToRegistry                      0x080038a1   Thumb Code    34  queue.o(i.vQueueAddToRegistry)
    vQueueWaitForMessageRestricted           0x080038c9   Thumb Code    68  queue.o(i.vQueueWaitForMessageRestricted)
    vTaskInternalSetTimeOutState             0x0800390d   Thumb Code    12  tasks.o(i.vTaskInternalSetTimeOutState)
    vTaskMissedYield                         0x0800391d   Thumb Code     8  tasks.o(i.vTaskMissedYield)
    vTaskPlaceOnEventList                    0x08003929   Thumb Code    44  tasks.o(i.vTaskPlaceOnEventList)
    vTaskPlaceOnEventListRestricted          0x08003959   Thumb Code    52  tasks.o(i.vTaskPlaceOnEventListRestricted)
    vTaskStartScheduler                      0x08003991   Thumb Code   118  tasks.o(i.vTaskStartScheduler)
    vTaskSuspendAll                          0x08003a19   Thumb Code    10  tasks.o(i.vTaskSuspendAll)
    vTaskSwitchContext                       0x08003a29   Thumb Code    90  tasks.o(i.vTaskSwitchContext)
    xPortStartScheduler                      0x08003a8d   Thumb Code   154  port.o(i.xPortStartScheduler)
    xPortSysTickHandler                      0x08003b35   Thumb Code    38  port.o(i.xPortSysTickHandler)
    xQueueGenericCreateStatic                0x08003b61   Thumb Code   102  queue.o(i.xQueueGenericCreateStatic)
    xQueueGenericReset                       0x08003bc9   Thumb Code   132  queue.o(i.xQueueGenericReset)
    xQueueGenericSend                        0x08003c51   Thumb Code   346  queue.o(i.xQueueGenericSend)
    xQueueGenericSendFromISR                 0x08003db1   Thumb Code   190  queue.o(i.xQueueGenericSendFromISR)
    xQueueReceive                            0x08003e71   Thumb Code   308  queue.o(i.xQueueReceive)
    xTaskCheckForTimeOut                     0x08003fa9   Thumb Code   112  tasks.o(i.xTaskCheckForTimeOut)
    xTaskCreate                              0x0800401d   Thumb Code    90  tasks.o(i.xTaskCreate)
    xTaskCreateStatic                        0x08004077   Thumb Code    86  tasks.o(i.xTaskCreateStatic)
    xTaskGetSchedulerState                   0x080040cd   Thumb Code    22  tasks.o(i.xTaskGetSchedulerState)
    xTaskGetTickCount                        0x080040e9   Thumb Code     6  tasks.o(i.xTaskGetTickCount)
    xTaskIncrementTick                       0x080040f5   Thumb Code   192  tasks.o(i.xTaskIncrementTick)
    xTaskPriorityDisinherit                  0x080041bd   Thumb Code   118  tasks.o(i.xTaskPriorityDisinherit)
    xTaskRemoveFromEventList                 0x0800423d   Thumb Code    98  tasks.o(i.xTaskRemoveFromEventList)
    xTaskResumeAll                           0x080042ad   Thumb Code   182  tasks.o(i.xTaskResumeAll)
    xTimerCreateTimerTask                    0x08004371   Thumb Code    78  timers.o(i.xTimerCreateTimerTask)
    xTimerGenericCommand                     0x080043d1   Thumb Code    98  timers.o(i.xTimerGenericCommand)
    __aeabi_dadd                             0x08004439   Thumb Code     0  daddsub_clz.o(x$fpl$dadd)
    _dadd                                    0x08004439   Thumb Code   332  daddsub_clz.o(x$fpl$dadd)
    __fpl_dcheck_NaN1                        0x08004589   Thumb Code    10  dcheck1.o(x$fpl$dcheck1)
    __aeabi_ddiv                             0x08004599   Thumb Code     0  ddiv.o(x$fpl$ddiv)
    _ddiv                                    0x08004599   Thumb Code   552  ddiv.o(x$fpl$ddiv)
    __aeabi_d2iz                             0x08004849   Thumb Code     0  dfix.o(x$fpl$dfix)
    _dfix                                    0x08004849   Thumb Code    94  dfix.o(x$fpl$dfix)
    __aeabi_i2d                              0x080048a7   Thumb Code     0  dflt_clz.o(x$fpl$dflt)
    _dflt                                    0x080048a7   Thumb Code    46  dflt_clz.o(x$fpl$dflt)
    __aeabi_ui2d                             0x080048d5   Thumb Code     0  dflt_clz.o(x$fpl$dfltu)
    _dfltu                                   0x080048d5   Thumb Code    38  dflt_clz.o(x$fpl$dfltu)
    __aeabi_dmul                             0x080048fd   Thumb Code     0  dmul.o(x$fpl$dmul)
    _dmul                                    0x080048fd   Thumb Code   332  dmul.o(x$fpl$dmul)
    __fpl_dnaninf                            0x08004a51   Thumb Code   156  dnaninf.o(x$fpl$dnaninf)
    __fpl_dretinf                            0x08004aed   Thumb Code    12  dretinf.o(x$fpl$dretinf)
    __aeabi_drsub                            0x08004af9   Thumb Code     0  daddsub_clz.o(x$fpl$drsb)
    _drsb                                    0x08004af9   Thumb Code    22  daddsub_clz.o(x$fpl$drsb)
    __aeabi_dsub                             0x08004b11   Thumb Code     0  daddsub_clz.o(x$fpl$dsub)
    _dsub                                    0x08004b11   Thumb Code   464  daddsub_clz.o(x$fpl$dsub)
    __fpl_return_NaN                         0x08004ce5   Thumb Code   100  retnan.o(x$fpl$retnan)
    __ARM_scalbn                             0x08004d49   Thumb Code    92  scalbn.o(x$fpl$scalbn)
    __fpl_cmpreturn                          0x08004da5   Thumb Code    48  trapv.o(x$fpl$trapveneer)
    B_LED_attributes                         0x08004dd4   Data          36  freertos.o(.constdata)
    __I$use$fp                               0x08004dd4   Number         0  usenofp.o(x$fpl$usenofp)
    DMA_IO_attributes                        0x08004df8   Data          36  freertos.o(.constdata)
    AHBPrescTable                            0x08004e2e   Data          16  system_stm32f1xx.o(.constdata)
    APBPrescTable                            0x08004e3e   Data           8  system_stm32f1xx.o(.constdata)
    Region$$Table$$Base                      0x08004f78   Number         0  anon$$obj.o(Region$$Table)
    Region$$Table$$Limit                     0x08004f98   Number         0  anon$$obj.o(Region$$Table)
    head                                     0x20000000   Data           4  main.o(.data)
    datalen                                  0x20000004   Data           4  main.o(.data)
    all_datalen                              0x20000008   Data           4  main.o(.data)
    complete_flag                            0x2000000c   Data           1  main.o(.data)
    B_LEDHandle                              0x20000010   Data           4  freertos.o(.data)
    DMA_IOHandle                             0x20000014   Data           4  freertos.o(.data)
    uwTickFreq                               0x20000018   Data           1  stm32f1xx_hal.o(.data)
    uwTickPrio                               0x2000001c   Data           4  stm32f1xx_hal.o(.data)
    uwTick                                   0x20000020   Data           4  stm32f1xx_hal.o(.data)
    SystemCoreClock                          0x20000024   Data           4  system_stm32f1xx.o(.data)
    pxCurrentTCB                             0x20000028   Data           4  tasks.o(.data)
    tx_buffer                                0x200000a8   Data         256  main.o(.bss)
    rx_buffer                                0x200001a8   Data         256  main.o(.bss)
    htim1                                    0x200002a8   Data          72  tim.o(.bss)
    huart1                                   0x200002f0   Data          72  usart.o(.bss)
    hdma_usart1_rx                           0x20000338   Data          68  usart.o(.bss)
    hdma_usart1_tx                           0x2000037c   Data          68  usart.o(.bss)
    htim2                                    0x200003c0   Data          72  stm32f1xx_hal_timebase_tim.o(.bss)
    xQueueRegistry                           0x20000408   Data          64  queue.o(.bss)
    __libspace_start                         0x20001cdc   Data          96  libspace.o(.bss)
    __temporary_stack_top$libspace           0x20001d3c   Data           0  libspace.o(.bss)



==============================================================================

Memory Map of the image

  Image Entry point : 0x080000ed

  Load Region LR_IROM1 (Base: 0x08000000, Size: 0x00005040, Max: 0x00010000, ABSOLUTE)

    Execution Region ER_IROM1 (Exec base: 0x08000000, Load base: 0x08000000, Size: 0x00004f98, Max: 0x00010000, ABSOLUTE)

    Exec Addr    Load Addr    Size         Type   Attr      Idx    E Section Name        Object

    0x08000000   0x08000000   0x000000ec   Data   RO            3    RESET               startup_stm32f103xb.o
    0x080000ec   0x080000ec   0x00000008   Code   RO         4691  * !!!main             c_w.l(__main.o)
    0x080000f4   0x080000f4   0x00000034   Code   RO         4934    !!!scatter          c_w.l(__scatter.o)
    0x08000128   0x08000128   0x0000001a   Code   RO         4936    !!handler_copy      c_w.l(__scatter_copy.o)
    0x08000142   0x08000142   0x00000002   PAD
    0x08000144   0x08000144   0x0000001c   Code   RO         4938    !!handler_zi        c_w.l(__scatter_zi.o)
    0x08000160   0x08000160   0x00000002   Code   RO         4801    .ARM.Collect$$libinit$$00000000  c_w.l(libinit.o)
    0x08000162   0x08000162   0x00000000   Code   RO         4807    .ARM.Collect$$libinit$$00000002  c_w.l(libinit2.o)
    0x08000162   0x08000162   0x00000000   Code   RO         4809    .ARM.Collect$$libinit$$00000004  c_w.l(libinit2.o)
    0x08000162   0x08000162   0x00000000   Code   RO         4812    .ARM.Collect$$libinit$$0000000A  c_w.l(libinit2.o)
    0x08000162   0x08000162   0x00000000   Code   RO         4814    .ARM.Collect$$libinit$$0000000C  c_w.l(libinit2.o)
    0x08000162   0x08000162   0x00000000   Code   RO         4816    .ARM.Collect$$libinit$$0000000E  c_w.l(libinit2.o)
    0x08000162   0x08000162   0x00000000   Code   RO         4819    .ARM.Collect$$libinit$$00000011  c_w.l(libinit2.o)
    0x08000162   0x08000162   0x00000000   Code   RO         4821    .ARM.Collect$$libinit$$00000013  c_w.l(libinit2.o)
    0x08000162   0x08000162   0x00000000   Code   RO         4823    .ARM.Collect$$libinit$$00000015  c_w.l(libinit2.o)
    0x08000162   0x08000162   0x00000000   Code   RO         4825    .ARM.Collect$$libinit$$00000017  c_w.l(libinit2.o)
    0x08000162   0x08000162   0x00000000   Code   RO         4827    .ARM.Collect$$libinit$$00000019  c_w.l(libinit2.o)
    0x08000162   0x08000162   0x00000000   Code   RO         4829    .ARM.Collect$$libinit$$0000001B  c_w.l(libinit2.o)
    0x08000162   0x08000162   0x00000000   Code   RO         4831    .ARM.Collect$$libinit$$0000001D  c_w.l(libinit2.o)
    0x08000162   0x08000162   0x00000000   Code   RO         4833    .ARM.Collect$$libinit$$0000001F  c_w.l(libinit2.o)
    0x08000162   0x08000162   0x00000000   Code   RO         4835    .ARM.Collect$$libinit$$00000021  c_w.l(libinit2.o)
    0x08000162   0x08000162   0x00000000   Code   RO         4837    .ARM.Collect$$libinit$$00000023  c_w.l(libinit2.o)
    0x08000162   0x08000162   0x00000000   Code   RO         4839    .ARM.Collect$$libinit$$00000025  c_w.l(libinit2.o)
    0x08000162   0x08000162   0x00000000   Code   RO         4843    .ARM.Collect$$libinit$$0000002C  c_w.l(libinit2.o)
    0x08000162   0x08000162   0x00000000   Code   RO         4845    .ARM.Collect$$libinit$$0000002E  c_w.l(libinit2.o)
    0x08000162   0x08000162   0x00000000   Code   RO         4847    .ARM.Collect$$libinit$$00000030  c_w.l(libinit2.o)
    0x08000162   0x08000162   0x00000000   Code   RO         4849    .ARM.Collect$$libinit$$00000032  c_w.l(libinit2.o)
    0x08000162   0x08000162   0x00000002   Code   RO         4850    .ARM.Collect$$libinit$$00000033  c_w.l(libinit2.o)
    0x08000164   0x08000164   0x00000002   Code   RO         4874    .ARM.Collect$$libshutdown$$00000000  c_w.l(libshutdown.o)
    0x08000166   0x08000166   0x00000000   Code   RO         4887    .ARM.Collect$$libshutdown$$00000002  c_w.l(libshutdown2.o)
    0x08000166   0x08000166   0x00000000   Code   RO         4889    .ARM.Collect$$libshutdown$$00000004  c_w.l(libshutdown2.o)
    0x08000166   0x08000166   0x00000000   Code   RO         4892    .ARM.Collect$$libshutdown$$00000007  c_w.l(libshutdown2.o)
    0x08000166   0x08000166   0x00000000   Code   RO         4895    .ARM.Collect$$libshutdown$$0000000A  c_w.l(libshutdown2.o)
    0x08000166   0x08000166   0x00000000   Code   RO         4897    .ARM.Collect$$libshutdown$$0000000C  c_w.l(libshutdown2.o)
    0x08000166   0x08000166   0x00000000   Code   RO         4900    .ARM.Collect$$libshutdown$$0000000F  c_w.l(libshutdown2.o)
    0x08000166   0x08000166   0x00000002   Code   RO         4901    .ARM.Collect$$libshutdown$$00000010  c_w.l(libshutdown2.o)
    0x08000168   0x08000168   0x00000000   Code   RO         4723    .ARM.Collect$$rtentry$$00000000  c_w.l(__rtentry.o)
    0x08000168   0x08000168   0x00000000   Code   RO         4764    .ARM.Collect$$rtentry$$00000002  c_w.l(__rtentry2.o)
    0x08000168   0x08000168   0x00000006   Code   RO         4776    .ARM.Collect$$rtentry$$00000004  c_w.l(__rtentry4.o)
    0x0800016e   0x0800016e   0x00000000   Code   RO         4766    .ARM.Collect$$rtentry$$00000009  c_w.l(__rtentry2.o)
    0x0800016e   0x0800016e   0x00000004   Code   RO         4767    .ARM.Collect$$rtentry$$0000000A  c_w.l(__rtentry2.o)
    0x08000172   0x08000172   0x00000000   Code   RO         4769    .ARM.Collect$$rtentry$$0000000C  c_w.l(__rtentry2.o)
    0x08000172   0x08000172   0x00000008   Code   RO         4770    .ARM.Collect$$rtentry$$0000000D  c_w.l(__rtentry2.o)
    0x0800017a   0x0800017a   0x00000002   Code   RO         4804    .ARM.Collect$$rtexit$$00000000  c_w.l(rtexit.o)
    0x0800017c   0x0800017c   0x00000000   Code   RO         4854    .ARM.Collect$$rtexit$$00000002  c_w.l(rtexit2.o)
    0x0800017c   0x0800017c   0x00000004   Code   RO         4855    .ARM.Collect$$rtexit$$00000003  c_w.l(rtexit2.o)
    0x08000180   0x08000180   0x00000006   Code   RO         4856    .ARM.Collect$$rtexit$$00000004  c_w.l(rtexit2.o)
    0x08000186   0x08000186   0x00000002   PAD
    0x08000188   0x08000188   0x00000096   Code   RO         4600    .emb_text           port.o
    0x0800021e   0x0800021e   0x00000002   PAD
    0x08000220   0x08000220   0x00000040   Code   RO            4    .text               startup_stm32f103xb.o
    0x08000260   0x08000260   0x0000008a   Code   RO         4681    .text               c_w.l(rt_memcpy_v6.o)
    0x080002ea   0x080002ea   0x00000010   Code   RO         4685    .text               c_w.l(aeabi_memset.o)
    0x080002fa   0x080002fa   0x0000004e   Code   RO         4687    .text               c_w.l(rt_memclr_w.o)
    0x08000348   0x08000348   0x00000006   Code   RO         4689    .text               c_w.l(heapauxi.o)
    0x0800034e   0x0800034e   0x00000016   Code   RO         4724    .text               c_w.l(_rserrno.o)
    0x08000364   0x08000364   0x00000064   Code   RO         4726    .text               c_w.l(rt_memcpy_w.o)
    0x080003c8   0x080003c8   0x00000044   Code   RO         4728    .text               c_w.l(rt_memclr.o)
    0x0800040c   0x0800040c   0x00000008   Code   RO         4781    .text               c_w.l(rt_errno_addr_intlibspace.o)
    0x08000414   0x08000414   0x00000008   Code   RO         4789    .text               c_w.l(libspace.o)
    0x0800041c   0x0800041c   0x0000004a   Code   RO         4792    .text               c_w.l(sys_stackheap_outer.o)
    0x08000466   0x08000466   0x00000012   Code   RO         4794    .text               c_w.l(exit.o)
    0x08000478   0x08000478   0x0000000c   Code   RO         4866    .text               c_w.l(sys_exit.o)
    0x08000484   0x08000484   0x00000002   Code   RO         4877    .text               c_w.l(use_no_semi.o)
    0x08000486   0x08000486   0x00000000   Code   RO         4879    .text               c_w.l(indicate_semi.o)
    0x08000486   0x08000486   0x00000002   Code   RO          390    i.BusFault_Handler  stm32f1xx_it.o
    0x08000488   0x08000488   0x0000000c   Code   RO          391    i.DMA1_Channel4_IRQHandler  stm32f1xx_it.o
    0x08000494   0x08000494   0x0000000c   Code   RO          392    i.DMA1_Channel5_IRQHandler  stm32f1xx_it.o
    0x080004a0   0x080004a0   0x0000002a   Code   RO         1924    i.DMA_SetConfig     stm32f1xx_hal_dma.o
    0x080004ca   0x080004ca   0x00000002   Code   RO          393    i.DebugMon_Handler  stm32f1xx_it.o
    0x080004cc   0x080004cc   0x00000004   Code   RO           13    i.Error_Handler     main.o
    0x080004d0   0x080004d0   0x00000046   Code   RO         1925    i.HAL_DMA_Abort     stm32f1xx_hal_dma.o
    0x08000516   0x08000516   0x00000002   PAD
    0x08000518   0x08000518   0x00000098   Code   RO         1926    i.HAL_DMA_Abort_IT  stm32f1xx_hal_dma.o
    0x080005b0   0x080005b0   0x00000154   Code   RO         1930    i.HAL_DMA_IRQHandler  stm32f1xx_hal_dma.o
    0x08000704   0x08000704   0x0000005c   Code   RO         1931    i.HAL_DMA_Init      stm32f1xx_hal_dma.o
    0x08000760   0x08000760   0x00000070   Code   RO         1935    i.HAL_DMA_Start_IT  stm32f1xx_hal_dma.o
    0x080007d0   0x080007d0   0x00000024   Code   RO         1551    i.HAL_Delay         stm32f1xx_hal.o
    0x080007f4   0x080007f4   0x000001e0   Code   RO         1861    i.HAL_GPIO_Init     stm32f1xx_hal_gpio.o
    0x080009d4   0x080009d4   0x0000000a   Code   RO         1865    i.HAL_GPIO_WritePin  stm32f1xx_hal_gpio.o
    0x080009de   0x080009de   0x00000002   PAD
    0x080009e0   0x080009e0   0x0000000c   Code   RO         1555    i.HAL_GetTick       stm32f1xx_hal.o
    0x080009ec   0x080009ec   0x00000010   Code   RO         1561    i.HAL_IncTick       stm32f1xx_hal.o
    0x080009fc   0x080009fc   0x00000024   Code   RO         1562    i.HAL_Init          stm32f1xx_hal.o
    0x08000a20   0x08000a20   0x00000098   Code   RO          496    i.HAL_InitTick      stm32f1xx_hal_timebase_tim.o
    0x08000ab8   0x08000ab8   0x00000048   Code   RO          472    i.HAL_MspInit       stm32f1xx_hal_msp.o
    0x08000b00   0x08000b00   0x0000001a   Code   RO         2021    i.HAL_NVIC_EnableIRQ  stm32f1xx_hal_cortex.o
    0x08000b1a   0x08000b1a   0x00000002   PAD
    0x08000b1c   0x08000b1c   0x00000040   Code   RO         2027    i.HAL_NVIC_SetPriority  stm32f1xx_hal_cortex.o
    0x08000b5c   0x08000b5c   0x00000024   Code   RO         2028    i.HAL_NVIC_SetPriorityGrouping  stm32f1xx_hal_cortex.o
    0x08000b80   0x08000b80   0x0000012c   Code   RO         1719    i.HAL_RCC_ClockConfig  stm32f1xx_hal_rcc.o
    0x08000cac   0x08000cac   0x00000040   Code   RO         1723    i.HAL_RCC_GetClockConfig  stm32f1xx_hal_rcc.o
    0x08000cec   0x08000cec   0x00000020   Code   RO         1726    i.HAL_RCC_GetPCLK1Freq  stm32f1xx_hal_rcc.o
    0x08000d0c   0x08000d0c   0x00000020   Code   RO         1727    i.HAL_RCC_GetPCLK2Freq  stm32f1xx_hal_rcc.o
    0x08000d2c   0x08000d2c   0x0000004c   Code   RO         1728    i.HAL_RCC_GetSysClockFreq  stm32f1xx_hal_rcc.o
    0x08000d78   0x08000d78   0x00000320   Code   RO         1731    i.HAL_RCC_OscConfig  stm32f1xx_hal_rcc.o
    0x08001098   0x08001098   0x00000002   Code   RO         1277    i.HAL_TIMEx_BreakCallback  stm32f1xx_hal_tim_ex.o
    0x0800109a   0x0800109a   0x00000002   Code   RO         1278    i.HAL_TIMEx_CommutCallback  stm32f1xx_hal_tim_ex.o
    0x0800109c   0x0800109c   0x00000054   Code   RO         1280    i.HAL_TIMEx_ConfigBreakDeadTime  stm32f1xx_hal_tim_ex.o
    0x080010f0   0x080010f0   0x00000068   Code   RO         1296    i.HAL_TIMEx_MasterConfigSynchronization  stm32f1xx_hal_tim_ex.o
    0x08001158   0x08001158   0x0000005a   Code   RO          573    i.HAL_TIM_Base_Init  stm32f1xx_hal_tim.o
    0x080011b2   0x080011b2   0x00000002   PAD
    0x080011b4   0x080011b4   0x00000028   Code   RO          301    i.HAL_TIM_Base_MspInit  tim.o
    0x080011dc   0x080011dc   0x00000058   Code   RO          578    i.HAL_TIM_Base_Start_IT  stm32f1xx_hal_tim.o
    0x08001234   0x08001234   0x000000dc   Code   RO          582    i.HAL_TIM_ConfigClockSource  stm32f1xx_hal_tim.o
    0x08001310   0x08001310   0x00000002   Code   RO          607    i.HAL_TIM_IC_CaptureCallback  stm32f1xx_hal_tim.o
    0x08001312   0x08001312   0x00000130   Code   RO          621    i.HAL_TIM_IRQHandler  stm32f1xx_hal_tim.o
    0x08001442   0x08001442   0x00000002   PAD
    0x08001444   0x08001444   0x0000004c   Code   RO          302    i.HAL_TIM_MspPostInit  tim.o
    0x08001490   0x08001490   0x00000002   Code   RO          624    i.HAL_TIM_OC_DelayElapsedCallback  stm32f1xx_hal_tim.o
    0x08001492   0x08001492   0x000000cc   Code   RO          645    i.HAL_TIM_PWM_ConfigChannel  stm32f1xx_hal_tim.o
    0x0800155e   0x0800155e   0x0000005a   Code   RO          648    i.HAL_TIM_PWM_Init  stm32f1xx_hal_tim.o
    0x080015b8   0x080015b8   0x00000002   Code   RO          650    i.HAL_TIM_PWM_MspInit  stm32f1xx_hal_tim.o
    0x080015ba   0x080015ba   0x00000002   Code   RO          651    i.HAL_TIM_PWM_PulseFinishedCallback  stm32f1xx_hal_tim.o
    0x080015bc   0x080015bc   0x0000009c   Code   RO          653    i.HAL_TIM_PWM_Start  stm32f1xx_hal_tim.o
    0x08001658   0x08001658   0x0000000e   Code   RO           14    i.HAL_TIM_PeriodElapsedCallback  main.o
    0x08001666   0x08001666   0x00000002   Code   RO          664    i.HAL_TIM_TriggerCallback  stm32f1xx_hal_tim.o
    0x08001668   0x08001668   0x00000002   Code   RO         2533    i.HAL_UARTEx_RxEventCallback  stm32f1xx_hal_uart.o
    0x0800166a   0x0800166a   0x00000002   Code   RO         2547    i.HAL_UART_ErrorCallback  stm32f1xx_hal_uart.o
    0x0800166c   0x0800166c   0x0000026c   Code   RO         2550    i.HAL_UART_IRQHandler  stm32f1xx_hal_uart.o
    0x080018d8   0x080018d8   0x00000064   Code   RO         2551    i.HAL_UART_Init     stm32f1xx_hal_uart.o
    0x0800193c   0x0800193c   0x000000dc   Code   RO          349    i.HAL_UART_MspInit  usart.o
    0x08001a18   0x08001a18   0x0000001c   Code   RO         2555    i.HAL_UART_Receive_DMA  stm32f1xx_hal_uart.o
    0x08001a34   0x08001a34   0x00000002   Code   RO         2557    i.HAL_UART_RxCpltCallback  stm32f1xx_hal_uart.o
    0x08001a36   0x08001a36   0x00000002   Code   RO         2558    i.HAL_UART_RxHalfCpltCallback  stm32f1xx_hal_uart.o
    0x08001a38   0x08001a38   0x000000a0   Code   RO         2559    i.HAL_UART_Transmit  stm32f1xx_hal_uart.o
    0x08001ad8   0x08001ad8   0x00000078   Code   RO         2560    i.HAL_UART_Transmit_DMA  stm32f1xx_hal_uart.o
    0x08001b50   0x08001b50   0x00000002   Code   RO         2562    i.HAL_UART_TxCpltCallback  stm32f1xx_hal_uart.o
    0x08001b52   0x08001b52   0x00000002   Code   RO         2563    i.HAL_UART_TxHalfCpltCallback  stm32f1xx_hal_uart.o
    0x08001b54   0x08001b54   0x00000002   Code   RO          394    i.HardFault_Handler  stm32f1xx_it.o
    0x08001b56   0x08001b56   0x00000002   PAD
    0x08001b58   0x08001b58   0x0000003c   Code   RO          276    i.MX_DMA_Init       dma.o
    0x08001b94   0x08001b94   0x00000030   Code   RO          222    i.MX_FREERTOS_Init  freertos.o
    0x08001bc4   0x08001bc4   0x00000070   Code   RO          198    i.MX_GPIO_Init      gpio.o
    0x08001c34   0x08001c34   0x000000c8   Code   RO          303    i.MX_TIM1_Init      tim.o
    0x08001cfc   0x08001cfc   0x00000038   Code   RO          350    i.MX_USART1_UART_Init  usart.o
    0x08001d34   0x08001d34   0x00000002   Code   RO          395    i.MemManage_Handler  stm32f1xx_it.o
    0x08001d36   0x08001d36   0x00000002   Code   RO          396    i.NMI_Handler       stm32f1xx_it.o
    0x08001d38   0x08001d38   0x0000006c   Code   RO          223    i.StartB_LED        freertos.o
    0x08001da4   0x08001da4   0x00000040   Code   RO          224    i.StartDMA_IO       freertos.o
    0x08001de4   0x08001de4   0x0000001a   Code   RO         4032    i.SysTick_Handler   cmsis_os2.o
    0x08001dfe   0x08001dfe   0x0000005e   Code   RO           15    i.SystemClock_Config  main.o
    0x08001e5c   0x08001e5c   0x00000002   Code   RO         2885    i.SystemInit        system_stm32f1xx.o
    0x08001e5e   0x08001e5e   0x00000002   PAD
    0x08001e60   0x08001e60   0x0000000c   Code   RO          397    i.TIM2_IRQHandler   stm32f1xx_it.o
    0x08001e6c   0x08001e6c   0x00000078   Code   RO          666    i.TIM_Base_SetConfig  stm32f1xx_hal_tim.o
    0x08001ee4   0x08001ee4   0x0000001a   Code   RO          667    i.TIM_CCxChannelCmd  stm32f1xx_hal_tim.o
    0x08001efe   0x08001efe   0x00000014   Code   RO          677    i.TIM_ETR_SetConfig  stm32f1xx_hal_tim.o
    0x08001f12   0x08001f12   0x00000010   Code   RO          678    i.TIM_ITRx_SetConfig  stm32f1xx_hal_tim.o
    0x08001f22   0x08001f22   0x00000002   PAD
    0x08001f24   0x08001f24   0x00000050   Code   RO          679    i.TIM_OC1_SetConfig  stm32f1xx_hal_tim.o
    0x08001f74   0x08001f74   0x00000058   Code   RO          680    i.TIM_OC2_SetConfig  stm32f1xx_hal_tim.o
    0x08001fcc   0x08001fcc   0x00000058   Code   RO          681    i.TIM_OC3_SetConfig  stm32f1xx_hal_tim.o
    0x08002024   0x08002024   0x00000044   Code   RO          682    i.TIM_OC4_SetConfig  stm32f1xx_hal_tim.o
    0x08002068   0x08002068   0x00000022   Code   RO          684    i.TIM_TI1_ConfigInputStage  stm32f1xx_hal_tim.o
    0x0800208a   0x0800208a   0x00000024   Code   RO          686    i.TIM_TI2_ConfigInputStage  stm32f1xx_hal_tim.o
    0x080020ae   0x080020ae   0x00000010   Code   RO         2564    i.UART_DMAAbortOnError  stm32f1xx_hal_uart.o
    0x080020be   0x080020be   0x0000004a   Code   RO         2565    i.UART_DMAError     stm32f1xx_hal_uart.o
    0x08002108   0x08002108   0x00000086   Code   RO         2566    i.UART_DMAReceiveCplt  stm32f1xx_hal_uart.o
    0x0800218e   0x0800218e   0x0000001e   Code   RO         2568    i.UART_DMARxHalfCplt  stm32f1xx_hal_uart.o
    0x080021ac   0x080021ac   0x00000042   Code   RO         2570    i.UART_DMATransmitCplt  stm32f1xx_hal_uart.o
    0x080021ee   0x080021ee   0x0000000a   Code   RO         2572    i.UART_DMATxHalfCplt  stm32f1xx_hal_uart.o
    0x080021f8   0x080021f8   0x0000004e   Code   RO         2574    i.UART_EndRxTransfer  stm32f1xx_hal_uart.o
    0x08002246   0x08002246   0x0000001c   Code   RO         2575    i.UART_EndTxTransfer  stm32f1xx_hal_uart.o
    0x08002262   0x08002262   0x000000c2   Code   RO         2576    i.UART_Receive_IT   stm32f1xx_hal_uart.o
    0x08002324   0x08002324   0x000000b8   Code   RO         2577    i.UART_SetConfig    stm32f1xx_hal_uart.o
    0x080023dc   0x080023dc   0x00000090   Code   RO         2578    i.UART_Start_Receive_DMA  stm32f1xx_hal_uart.o
    0x0800246c   0x0800246c   0x00000072   Code   RO         2580    i.UART_WaitOnFlagUntilTimeout  stm32f1xx_hal_uart.o
    0x080024de   0x080024de   0x00000002   PAD
    0x080024e0   0x080024e0   0x000000b0   Code   RO          398    i.USART1_IRQHandler  stm32f1xx_it.o
    0x08002590   0x08002590   0x00000002   Code   RO          399    i.UsageFault_Handler  stm32f1xx_it.o
    0x08002592   0x08002592   0x00000028   Code   RO         4785    i.__ARM_fpclassify  m_ws.l(fpclassify.o)
    0x080025ba   0x080025ba   0x00000020   Code   RO         2034    i.__NVIC_SetPriority  stm32f1xx_hal_cortex.o
    0x080025da   0x080025da   0x00000002   PAD
    0x080025dc   0x080025dc   0x00000388   Code   RO         4752    i.__ieee754_rem_pio2  m_ws.l(rred.o)
    0x08002964   0x08002964   0x000000fc   Code   RO         4735    i.__kernel_cos      m_ws.l(cos_i.o)
    0x08002a60   0x08002a60   0x000000aa   Code   RO         4787    i.__kernel_poly     m_ws.l(poly.o)
    0x08002b0a   0x08002b0a   0x00000002   PAD
    0x08002b0c   0x08002b0c   0x000000ec   Code   RO         4757    i.__kernel_sin      m_ws.l(sin_i.o)
    0x08002bf8   0x08002bf8   0x00000006   Code   RO         4739    i.__mathlib_dbl_infnan  m_ws.l(dunder.o)
    0x08002bfe   0x08002bfe   0x0000000c   Code   RO         4741    i.__mathlib_dbl_invalid  m_ws.l(dunder.o)
    0x08002c0a   0x08002c0a   0x00000002   PAD
    0x08002c0c   0x08002c0c   0x00000010   Code   RO         4744    i.__mathlib_dbl_underflow  m_ws.l(dunder.o)
    0x08002c1c   0x08002c1c   0x0000006c   Code   RO           16    i.main              main.o
    0x08002c88   0x08002c88   0x00000024   Code   RO         4048    i.osKernelInitialize  cmsis_os2.o
    0x08002cac   0x08002cac   0x00000038   Code   RO         4051    i.osKernelStart     cmsis_os2.o
    0x08002ce4   0x08002ce4   0x0000008a   Code   RO         4093    i.osThreadNew       cmsis_os2.o
    0x08002d6e   0x08002d6e   0x00000002   PAD
    0x08002d70   0x08002d70   0x0000005c   Code   RO         3493    i.prvAddCurrentTaskToDelayedList  tasks.o
    0x08002dcc   0x08002dcc   0x000000d0   Code   RO         3494    i.prvAddNewTaskToReadyList  tasks.o
    0x08002e9c   0x08002e9c   0x00000058   Code   RO         3858    i.prvCheckForValidListAndQueue  timers.o
    0x08002ef4   0x08002ef4   0x00000026   Code   RO         3090    i.prvCopyDataFromQueue  queue.o
    0x08002f1a   0x08002f1a   0x0000006c   Code   RO         3091    i.prvCopyDataToQueue  queue.o
    0x08002f86   0x08002f86   0x00000034   Code   RO         3495    i.prvDeleteTCB      tasks.o
    0x08002fba   0x08002fba   0x00000002   PAD
    0x08002fbc   0x08002fbc   0x0000004c   Code   RO         4545    i.prvHeapInit       heap_4.o
    0x08003008   0x08003008   0x00000060   Code   RO         3496    i.prvIdleTask       tasks.o
    0x08003068   0x08003068   0x00000022   Code   RO         3093    i.prvInitialiseNewQueue  queue.o
    0x0800308a   0x0800308a   0x00000002   PAD
    0x0800308c   0x0800308c   0x000000b0   Code   RO         3497    i.prvInitialiseNewTask  tasks.o
    0x0800313c   0x0800313c   0x0000004c   Code   RO         4546    i.prvInsertBlockIntoFreeList  heap_4.o
    0x08003188   0x08003188   0x00000038   Code   RO         3860    i.prvInsertTimerInActiveList  timers.o
    0x080031c0   0x080031c0   0x0000001c   Code   RO         3094    i.prvIsQueueEmpty   queue.o
    0x080031dc   0x080031dc   0x000000fc   Code   RO         3861    i.prvProcessReceivedCommands  timers.o
    0x080032d8   0x080032d8   0x000000c0   Code   RO         3862    i.prvProcessTimerOrBlockTask  timers.o
    0x08003398   0x08003398   0x00000020   Code   RO         3499    i.prvResetNextTaskUnblockTime  tasks.o
    0x080033b8   0x080033b8   0x00000028   Code   RO         3863    i.prvSampleTimeNow  timers.o
    0x080033e0   0x080033e0   0x0000006c   Code   RO         3864    i.prvSwitchTimerLists  timers.o
    0x0800344c   0x0800344c   0x00000028   Code   RO         4601    i.prvTaskExitError  port.o
    0x08003474   0x08003474   0x00000024   Code   RO         3865    i.prvTimerTask      timers.o
    0x08003498   0x08003498   0x0000006a   Code   RO         3095    i.prvUnlockQueue    queue.o
    0x08003502   0x08003502   0x00000002   PAD
    0x08003504   0x08003504   0x000000dc   Code   RO         4547    i.pvPortMalloc      heap_4.o
    0x080035e0   0x080035e0   0x00000024   Code   RO         4602    i.pxPortInitialiseStack  port.o
    0x08003604   0x08003604   0x000000a0   Code   RO         4716    i.sin               m_ws.l(sin.o)
    0x080036a4   0x080036a4   0x00000026   Code   RO         3050    i.uxListRemove      list.o
    0x080036ca   0x080036ca   0x00000002   PAD
    0x080036cc   0x080036cc   0x00000014   Code   RO         4105    i.vApplicationGetIdleTaskMemory  cmsis_os2.o
    0x080036e0   0x080036e0   0x00000018   Code   RO         4106    i.vApplicationGetTimerTaskMemory  cmsis_os2.o
    0x080036f8   0x080036f8   0x00000016   Code   RO         3051    i.vListInitialise   list.o
    0x0800370e   0x0800370e   0x00000006   Code   RO         3052    i.vListInitialiseItem  list.o
    0x08003714   0x08003714   0x00000030   Code   RO         3053    i.vListInsert       list.o
    0x08003744   0x08003744   0x00000018   Code   RO         3054    i.vListInsertEnd    list.o
    0x0800375c   0x0800375c   0x00000040   Code   RO         4604    i.vPortEnterCritical  port.o
    0x0800379c   0x0800379c   0x00000028   Code   RO         4605    i.vPortExitCritical  port.o
    0x080037c4   0x080037c4   0x00000064   Code   RO         4548    i.vPortFree         heap_4.o
    0x08003828   0x08003828   0x00000024   Code   RO         4606    i.vPortSetupTimerInterrupt  port.o
    0x0800384c   0x0800384c   0x00000054   Code   RO         4607    i.vPortValidateInterruptPriority  port.o
    0x080038a0   0x080038a0   0x00000028   Code   RO         3101    i.vQueueAddToRegistry  queue.o
    0x080038c8   0x080038c8   0x00000044   Code   RO         3105    i.vQueueWaitForMessageRestricted  queue.o
    0x0800390c   0x0800390c   0x00000010   Code   RO         3517    i.vTaskInternalSetTimeOutState  tasks.o
    0x0800391c   0x0800391c   0x0000000c   Code   RO         3518    i.vTaskMissedYield  tasks.o
    0x08003928   0x08003928   0x00000030   Code   RO         3520    i.vTaskPlaceOnEventList  tasks.o
    0x08003958   0x08003958   0x00000038   Code   RO         3521    i.vTaskPlaceOnEventListRestricted  tasks.o
    0x08003990   0x08003990   0x00000088   Code   RO         3529    i.vTaskStartScheduler  tasks.o
    0x08003a18   0x08003a18   0x00000010   Code   RO         3531    i.vTaskSuspendAll   tasks.o
    0x08003a28   0x08003a28   0x00000064   Code   RO         3532    i.vTaskSwitchContext  tasks.o
    0x08003a8c   0x08003a8c   0x000000a8   Code   RO         4608    i.xPortStartScheduler  port.o
    0x08003b34   0x08003b34   0x0000002c   Code   RO         4609    i.xPortSysTickHandler  port.o
    0x08003b60   0x08003b60   0x00000066   Code   RO         3111    i.xQueueGenericCreateStatic  queue.o
    0x08003bc6   0x08003bc6   0x00000002   PAD
    0x08003bc8   0x08003bc8   0x00000088   Code   RO         3112    i.xQueueGenericReset  queue.o
    0x08003c50   0x08003c50   0x00000160   Code   RO         3113    i.xQueueGenericSend  queue.o
    0x08003db0   0x08003db0   0x000000be   Code   RO         3114    i.xQueueGenericSendFromISR  queue.o
    0x08003e6e   0x08003e6e   0x00000002   PAD
    0x08003e70   0x08003e70   0x00000138   Code   RO         3123    i.xQueueReceive     queue.o
    0x08003fa8   0x08003fa8   0x00000074   Code   RO         3534    i.xTaskCheckForTimeOut  tasks.o
    0x0800401c   0x0800401c   0x0000005a   Code   RO         3535    i.xTaskCreate       tasks.o
    0x08004076   0x08004076   0x00000056   Code   RO         3536    i.xTaskCreateStatic  tasks.o
    0x080040cc   0x080040cc   0x0000001c   Code   RO         3540    i.xTaskGetSchedulerState  tasks.o
    0x080040e8   0x080040e8   0x0000000c   Code   RO         3541    i.xTaskGetTickCount  tasks.o
    0x080040f4   0x080040f4   0x000000c8   Code   RO         3543    i.xTaskIncrementTick  tasks.o
    0x080041bc   0x080041bc   0x00000080   Code   RO         3546    i.xTaskPriorityDisinherit  tasks.o
    0x0800423c   0x0800423c   0x00000070   Code   RO         3548    i.xTaskRemoveFromEventList  tasks.o
    0x080042ac   0x080042ac   0x000000c4   Code   RO         3549    i.xTaskResumeAll    tasks.o
    0x08004370   0x08004370   0x00000060   Code   RO         3874    i.xTimerCreateTimerTask  timers.o
    0x080043d0   0x080043d0   0x00000068   Code   RO         3875    i.xTimerGenericCommand  timers.o
    0x08004438   0x08004438   0x00000150   Code   RO         4693    x$fpl$dadd          fz_ws.l(daddsub_clz.o)
    0x08004588   0x08004588   0x00000010   Code   RO         4802    x$fpl$dcheck1       fz_ws.l(dcheck1.o)
    0x08004598   0x08004598   0x000002b0   Code   RO         4700    x$fpl$ddiv          fz_ws.l(ddiv.o)
    0x08004848   0x08004848   0x0000005e   Code   RO         4703    x$fpl$dfix          fz_ws.l(dfix.o)
    0x080048a6   0x080048a6   0x0000002e   Code   RO         4708    x$fpl$dflt          fz_ws.l(dflt_clz.o)
    0x080048d4   0x080048d4   0x00000026   Code   RO         4707    x$fpl$dfltu         fz_ws.l(dflt_clz.o)
    0x080048fa   0x080048fa   0x00000002   PAD
    0x080048fc   0x080048fc   0x00000154   Code   RO         4713    x$fpl$dmul          fz_ws.l(dmul.o)
    0x08004a50   0x08004a50   0x0000009c   Code   RO         4730    x$fpl$dnaninf       fz_ws.l(dnaninf.o)
    0x08004aec   0x08004aec   0x0000000c   Code   RO         4732    x$fpl$dretinf       fz_ws.l(dretinf.o)
    0x08004af8   0x08004af8   0x00000016   Code   RO         4694    x$fpl$drsb          fz_ws.l(daddsub_clz.o)
    0x08004b0e   0x08004b0e   0x00000002   PAD
    0x08004b10   0x08004b10   0x000001d4   Code   RO         4695    x$fpl$dsub          fz_ws.l(daddsub_clz.o)
    0x08004ce4   0x08004ce4   0x00000064   Code   RO         4851    x$fpl$retnan        fz_ws.l(retnan.o)
    0x08004d48   0x08004d48   0x0000005c   Code   RO         4783    x$fpl$scalbn        fz_ws.l(scalbn.o)
    0x08004da4   0x08004da4   0x00000030   Code   RO         4864    x$fpl$trapveneer    fz_ws.l(trapv.o)
    0x08004dd4   0x08004dd4   0x00000000   Code   RO         4734    x$fpl$usenofp       fz_ws.l(usenofp.o)
    0x08004dd4   0x08004dd4   0x00000048   Data   RO          225    .constdata          freertos.o
    0x08004e1c   0x08004e1c   0x00000012   Data   RO         1732    .constdata          stm32f1xx_hal_rcc.o
    0x08004e2e   0x08004e2e   0x00000010   Data   RO         2886    .constdata          system_stm32f1xx.o
    0x08004e3e   0x08004e3e   0x00000008   Data   RO         2887    .constdata          system_stm32f1xx.o
    0x08004e46   0x08004e46   0x00000002   PAD
    0x08004e48   0x08004e48   0x00000030   Data   RO         4736    .constdata          m_ws.l(cos_i.o)
    0x08004e78   0x08004e78   0x000000c8   Data   RO         4754    .constdata          m_ws.l(rred.o)
    0x08004f40   0x08004f40   0x00000028   Data   RO         4758    .constdata          m_ws.l(sin_i.o)
    0x08004f68   0x08004f68   0x0000000f   Data   RO          226    .conststring        freertos.o
    0x08004f77   0x08004f77   0x00000001   PAD
    0x08004f78   0x08004f78   0x00000020   Data   RO         4932    Region$$Table       anon$$obj.o


    Execution Region RW_IRAM1 (Exec base: 0x20000000, Load base: 0x08004f98, Size: 0x00002340, Max: 0x00005000, ABSOLUTE)

    Exec Addr    Load Addr    Size         Type   Attr      Idx    E Section Name        Object

    0x20000000   0x08004f98   0x00000004   Data   RW           19    .data               main.o
    0x20000004   0x08004f9c   0x00000004   Data   RW           20    .data               main.o
    0x20000008   0x08004fa0   0x00000004   Data   RW           21    .data               main.o
    0x2000000c   0x08004fa4   0x00000001   Data   RW           22    .data               main.o
    0x2000000d   0x08004fa5   0x00000003   PAD
    0x20000010   0x08004fa8   0x00000008   Data   RW          227    .data               freertos.o
    0x20000018   0x08004fb0   0x0000000c   Data   RW         1569    .data               stm32f1xx_hal.o
    0x20000024   0x08004fbc   0x00000004   Data   RW         2888    .data               system_stm32f1xx.o
    0x20000028   0x08004fc0   0x0000003c   Data   RW         3552    .data               tasks.o
    0x20000064   0x08004ffc   0x00000014   Data   RW         3883    .data               timers.o
    0x20000078   0x08005010   0x00000004   Data   RW         4108    .data               cmsis_os2.o
    0x2000007c   0x08005014   0x00000020   Data   RW         4554    .data               heap_4.o
    0x2000009c   0x08005034   0x0000000c   Data   RW         4610    .data               port.o
    0x200000a8        -       0x00000100   Zero   RW           17    .bss                main.o
    0x200001a8        -       0x00000100   Zero   RW           18    .bss                main.o
    0x200002a8        -       0x00000048   Zero   RW          304    .bss                tim.o
    0x200002f0        -       0x000000d0   Zero   RW          351    .bss                usart.o
    0x200003c0        -       0x00000048   Zero   RW          499    .bss                stm32f1xx_hal_timebase_tim.o
    0x20000408        -       0x00000040   Zero   RW         3127    .bss                queue.o
    0x20000448        -       0x000004c4   Zero   RW         3551    .bss                tasks.o
    0x2000090c        -       0x00000118   Zero   RW         3882    .bss                timers.o
    0x20000a24        -       0x000006b8   Zero   RW         4107    .bss                cmsis_os2.o
    0x200010dc        -       0x00000c00   Zero   RW         4553    .bss                heap_4.o
    0x20001cdc        -       0x00000060   Zero   RW         4790    .bss                c_w.l(libspace.o)
    0x20001d3c   0x08005040   0x00000004   PAD
    0x20001d40        -       0x00000200   Zero   RW            2    HEAP                startup_stm32f103xb.o
    0x20001f40        -       0x00000400   Zero   RW            1    STACK               startup_stm32f103xb.o


==============================================================================

Image component sizes


      Code (inc. data)   RO Data    RW Data    ZI Data      Debug   Object Name

       300         22          0          4       1720      57709   cmsis_os2.o
        60          4          0          0          0        730   dma.o
         0          0          0          0          0      19540   event_groups.o
       220         56         87          8          0       2574   freertos.o
       112          8          0          0          0        879   gpio.o
       472         24          0         32       3072       4659   heap_4.o
       138          0          0          0          0       3294   list.o
       220         26          0         13        512     438973   main.o
       662         70          0         12          0      10525   port.o
      1514         20          0          0         64      16792   queue.o
        64         26        236          0       1536        792   startup_stm32f103xb.o
       100         18          0         12          0       5122   stm32f1xx_hal.o
       158         14          0          0          0      28098   stm32f1xx_hal_cortex.o
       808         36          0          0          0       4862   stm32f1xx_hal_dma.o
       490         34          0          0          0       2832   stm32f1xx_hal_gpio.o
        72         10          0          0          0        834   stm32f1xx_hal_msp.o
      1304         94         18          0          0       5613   stm32f1xx_hal_rcc.o
      1738         56          0          0          0      15714   stm32f1xx_hal_tim.o
       192         12          0          0          0       3097   stm32f1xx_hal_tim_ex.o
       152         18          0          0         72       1427   stm32f1xx_hal_timebase_tim.o
      2112         38          0          0          0      16712   stm32f1xx_hal_uart.o
       224         46          0          0          0       5109   stm32f1xx_it.o
         0          0          0          0          0        404   stream_buffer.o
         2          0         24          4          0       1059   system_stm32f1xx.o
      2008        158          0         60       1220      24983   tasks.o
       316         30          0          0         72       2268   tim.o
       972         80          0         20        280      31747   timers.o
       276         28          0          0        208       1812   usart.o

    ----------------------------------------------------------------------
     14722        928        400        168       8756     708160   Object Totals
         0          0         32          0          0          0   (incl. Generated)
        36          0          3          3          0          0   (incl. Padding)

    ----------------------------------------------------------------------

      Code (inc. data)   RO Data    RW Data    ZI Data      Debug   Library Member Name

         8          0          0          0          0         68   __main.o
         0          0          0          0          0          0   __rtentry.o
        12          0          0          0          0          0   __rtentry2.o
         6          0          0          0          0          0   __rtentry4.o
        52          8          0          0          0          0   __scatter.o
        26          0          0          0          0          0   __scatter_copy.o
        28          0          0          0          0          0   __scatter_zi.o
        22          0          0          0          0        100   _rserrno.o
        16          0          0          0          0         68   aeabi_memset.o
        18          0          0          0          0         80   exit.o
         6          0          0          0          0        152   heapauxi.o
         0          0          0          0          0          0   indicate_semi.o
         2          0          0          0          0          0   libinit.o
         2          0          0          0          0          0   libinit2.o
         2          0          0          0          0          0   libshutdown.o
         2          0          0          0          0          0   libshutdown2.o
         8          4          0          0         96         68   libspace.o
         8          4          0          0          0         68   rt_errno_addr_intlibspace.o
        68          0          0          0          0         68   rt_memclr.o
        78          0          0          0          0         80   rt_memclr_w.o
       138          0          0          0          0         68   rt_memcpy_v6.o
       100          0          0          0          0         80   rt_memcpy_w.o
         2          0          0          0          0          0   rtexit.o
        10          0          0          0          0          0   rtexit2.o
        12          4          0          0          0         68   sys_exit.o
        74          0          0          0          0         80   sys_stackheap_outer.o
         2          0          0          0          0         68   use_no_semi.o
       826         16          0          0          0        348   daddsub_clz.o
        16          4          0          0          0         68   dcheck1.o
       688        140          0          0          0        208   ddiv.o
        94          4          0          0          0         92   dfix.o
        84          0          0          0          0        136   dflt_clz.o
       340         12          0          0          0        104   dmul.o
       156          4          0          0          0         92   dnaninf.o
        12          0          0          0          0         68   dretinf.o
       100          0          0          0          0         68   retnan.o
        92          0          0          0          0         68   scalbn.o
        48          0          0          0          0         68   trapv.o
         0          0          0          0          0          0   usenofp.o
       252         22         48          0          0        124   cos_i.o
        34          6          0          0          0        204   dunder.o
        40          0          0          0          0         68   fpclassify.o
       170          0          0          0          0         96   poly.o
       904         76        200          0          0        140   rred.o
       160         10          0          0          0        108   sin.o
       236         12         40          0          0        128   sin_i.o

    ----------------------------------------------------------------------
      4966        326        288          0        100       3304   Library Totals
        12          0          0          0          4          0   (incl. Padding)

    ----------------------------------------------------------------------

      Code (inc. data)   RO Data    RW Data    ZI Data      Debug   Library Name

       702         20          0          0         96       1116   c_w.l
      2456        180          0          0          0       1320   fz_ws.l
      1796        126        288          0          0        868   m_ws.l

    ----------------------------------------------------------------------
      4966        326        288          0        100       3304   Library Totals

    ----------------------------------------------------------------------

==============================================================================


      Code (inc. data)   RO Data    RW Data    ZI Data      Debug   

     19688       1254        688        168       8856     701476   Grand Totals
     19688       1254        688        168       8856     701476   ELF Image Totals
     19688       1254        688        168          0          0   ROM Totals

==============================================================================

    Total RO  Size (Code + RO Data)                20376 (  19.90kB)
    Total RW  Size (RW Data + ZI Data)              9024 (   8.81kB)
    Total ROM Size (Code + RO Data + RW Data)      20544 (  20.06kB)

==============================================================================

