Component: ARM Compiler 5.06 update 6 (build 750) Tool: armlink [4d35ed]

==============================================================================

Section Cross References

    startup_stm32f103xb.o(STACK) refers (Special) to heapauxi.o(.text) for __use_two_region_memory
    startup_stm32f103xb.o(HEAP) refers (Special) to heapauxi.o(.text) for __use_two_region_memory
    startup_stm32f103xb.o(RESET) refers (Special) to heapauxi.o(.text) for __use_two_region_memory
    startup_stm32f103xb.o(RESET) refers to startup_stm32f103xb.o(STACK) for __initial_sp
    startup_stm32f103xb.o(RESET) refers to startup_stm32f103xb.o(.text) for Reset_Handler
    startup_stm32f103xb.o(RESET) refers to stm32f1xx_it.o(i.NMI_Handler) for NMI_Handler
    startup_stm32f103xb.o(RESET) refers to stm32f1xx_it.o(i.HardFault_Handler) for HardFault_Handler
    startup_stm32f103xb.o(RESET) refers to stm32f1xx_it.o(i.MemManage_Handler) for MemManage_Handler
    startup_stm32f103xb.o(RESET) refers to stm32f1xx_it.o(i.BusFault_Handler) for BusFault_Handler
    startup_stm32f103xb.o(RESET) refers to stm32f1xx_it.o(i.UsageFault_Handler) for UsageFault_Handler
    startup_stm32f103xb.o(RESET) refers to port.o(.emb_text) for SVC_Handler
    startup_stm32f103xb.o(RESET) refers to stm32f1xx_it.o(i.DebugMon_Handler) for DebugMon_Handler
    startup_stm32f103xb.o(RESET) refers to port.o(i.SysTick_Handler) for SysTick_Handler
    startup_stm32f103xb.o(RESET) refers to stm32f1xx_it.o(i.DMA1_Channel4_IRQHandler) for DMA1_Channel4_IRQHandler
    startup_stm32f103xb.o(RESET) refers to stm32f1xx_it.o(i.DMA1_Channel5_IRQHandler) for DMA1_Channel5_IRQHandler
    startup_stm32f103xb.o(RESET) refers to stm32f1xx_it.o(i.TIM3_IRQHandler) for TIM3_IRQHandler
    startup_stm32f103xb.o(RESET) refers to stm32f1xx_it.o(i.USART1_IRQHandler) for USART1_IRQHandler
    startup_stm32f103xb.o(.text) refers (Special) to heapauxi.o(.text) for __use_two_region_memory
    startup_stm32f103xb.o(.text) refers to system_stm32f1xx.o(i.SystemInit) for SystemInit
    startup_stm32f103xb.o(.text) refers to __main.o(!!!main) for __main
    startup_stm32f103xb.o(.text) refers to startup_stm32f103xb.o(HEAP) for Heap_Mem
    startup_stm32f103xb.o(.text) refers to startup_stm32f103xb.o(STACK) for Stack_Mem
    pid.o(i.PID_compute) refers to faddsub_clz.o(x$fpl$fsub) for __aeabi_fsub
    pid.o(i.PID_compute) refers to stm32f1xx_hal.o(i.HAL_GetTick) for HAL_GetTick
    pid.o(i.PID_compute) refers to fflt_clz.o(x$fpl$ffltu) for __aeabi_ui2f
    pid.o(i.PID_compute) refers to ffltll_clz.o(x$fpl$ffltll) for __aeabi_ul2f
    pid.o(i.PID_compute) refers to faddsub_clz.o(x$fpl$frsb) for __aeabi_frsub
    pid.o(i.PID_compute) refers to fmul.o(x$fpl$fmul) for __aeabi_fmul
    pid.o(i.PID_compute) refers to fdiv.o(x$fpl$fdiv) for __aeabi_fdiv
    pid.o(i.PID_compute) refers to faddsub_clz.o(x$fpl$fadd) for __aeabi_fadd
    pid.o(i.PID_compute) refers to scalbnf.o(x$fpl$scalbnf) for __ARM_scalbnf
    pid.o(i.PID_compute) refers to ffixull.o(x$fpl$llufromf) for __aeabi_f2ulz
    motor_ctrl.o(i.Motor_Excu) refers to stm32f1xx_hal.o(i.HAL_GetTick) for HAL_GetTick
    motor_ctrl.o(i.Motor_Excu) refers to app_encoder.o(i.GetEncoder) for GetEncoder
    motor_ctrl.o(i.Motor_Excu) refers to pid.o(i.PID_compute) for PID_compute
    motor_ctrl.o(i.Motor_Excu) refers to fmul.o(x$fpl$fmul) for __aeabi_fmul
    motor_ctrl.o(i.Motor_Excu) refers to ffixu.o(x$fpl$ffixu) for __aeabi_f2uiz
    motor_ctrl.o(i.Motor_Excu) refers to motor_ctrl.o(.data) for .data
    motor_ctrl.o(i.Motor_Excu) refers to motor_ctrl.o(.bss) for .bss
    motor_ctrl.o(i.Motor_Excu) refers to tim.o(.bss) for htim2
    motor_ctrl.o(i.Motor_Init) refers to pid.o(i.PID_Init) for PID_Init
    motor_ctrl.o(i.Motor_Init) refers to pid.o(i.PID_SPinit) for PID_SPinit
    motor_ctrl.o(i.Motor_Init) refers to motor_ctrl.o(.bss) for .bss
    app_encoder.o(i.Encoder_Init) refers to stm32f1xx_hal_tim.o(i.HAL_TIM_Encoder_Start) for HAL_TIM_Encoder_Start
    app_encoder.o(i.Encoder_Init) refers to tim.o(.bss) for htim4
    app_encoder.o(i.GetEncoder) refers to fflt_clz.o(x$fpl$fflt) for __aeabi_i2f
    app_encoder.o(i.GetEncoder) refers to fflt_clz.o(x$fpl$ffltu) for __aeabi_ui2f
    app_encoder.o(i.GetEncoder) refers to fdiv.o(x$fpl$fdiv) for __aeabi_fdiv
    app_encoder.o(i.GetEncoder) refers to fmul.o(x$fpl$fmul) for __aeabi_fmul
    app_encoder.o(i.GetEncoder) refers to tim.o(.bss) for htim4
    main.o(i.HAL_TIM_PeriodElapsedCallback) refers to stm32f1xx_hal.o(i.HAL_IncTick) for HAL_IncTick
    main.o(i.SystemClock_Config) refers to rt_memclr_w.o(.text) for __aeabi_memclr4
    main.o(i.SystemClock_Config) refers to stm32f1xx_hal_rcc.o(i.HAL_RCC_OscConfig) for HAL_RCC_OscConfig
    main.o(i.SystemClock_Config) refers to stm32f1xx_hal_rcc.o(i.HAL_RCC_ClockConfig) for HAL_RCC_ClockConfig
    main.o(i.main) refers to stm32f1xx_hal.o(i.HAL_Init) for HAL_Init
    main.o(i.main) refers to main.o(i.SystemClock_Config) for SystemClock_Config
[...]
    ..\\Core\\Src\\pid.c                     0x00000000   Number         0  pid.o ABSOLUTE
    dc.s                                     0x00000000   Number         0  dc.o ABSOLUTE
    startup_stm32f103xb.s                    0x00000000   Number         0  startup_stm32f103xb.o ABSOLUTE
    RESET                                    0x08000000   Section      236  startup_stm32f103xb.o(RESET)
    !!!main                                  0x080000ec   Section        8  __main.o(!!!main)
    !!!scatter                               0x080000f4   Section       52  __scatter.o(!!!scatter)
    !!handler_copy                           0x08000128   Section       26  __scatter_copy.o(!!handler_copy)
    !!handler_zi                             0x08000144   Section       28  __scatter_zi.o(!!handler_zi)
    .ARM.Collect$$libinit$$00000000          0x08000160   Section        2  libinit.o(.ARM.Collect$$libinit$$00000000)
    .ARM.Collect$$libinit$$00000002          0x08000162   Section        0  libinit2.o(.ARM.Collect$$libinit$$00000002)
    .ARM.Collect$$libinit$$00000004          0x08000162   Section        0  libinit2.o(.ARM.Collect$$libinit$$00000004)
    .ARM.Collect$$libinit$$0000000A          0x08000162   Section        0  libinit2.o(.ARM.Collect$$libinit$$0000000A)
    .ARM.Collect$$libinit$$0000000C          0x08000162   Section        0  libinit2.o(.ARM.Collect$$libinit$$0000000C)
    .ARM.Collect$$libinit$$0000000E          0x08000162   Section        0  libinit2.o(.ARM.Collect$$libinit$$0000000E)
    .ARM.Collect$$libinit$$00000011          0x08000162   Section        0  libinit2.o(.ARM.Collect$$libinit$$00000011)
    .ARM.Collect$$libinit$$00000013          0x08000162   Section        0  libinit2.o(.ARM.Collect$$libinit$$00000013)
    .ARM.Collect$$libinit$$00000015          0x08000162   Section        0  libinit2.o(.ARM.Collect$$libinit$$00000015)
    .ARM.Collect$$libinit$$00000017          0x08000162   Section        0  libinit2.o(.ARM.Collect$$libinit$$00000017)
    .ARM.Collect$$libinit$$00000019          0x08000162   Section        0  libinit2.o(.ARM.Collect$$libinit$$00000019)
    .ARM.Collect$$libinit$$0000001B          0x08000162   Section        0  libinit2.o(.ARM.Collect$$libinit$$0000001B)
    .ARM.Collect$$libinit$$0000001D          0x08000162   Section        0  libinit2.o(.ARM.Collect$$libinit$$0000001D)
    .ARM.Collect$$libinit$$0000001F          0x08000162   Section        0  libinit2.o(.ARM.Collect$$libinit$$0000001F)
    .ARM.Collect$$libinit$$00000021          0x08000162   Section        0  libinit2.o(.ARM.Collect$$libinit$$00000021)
    .ARM.Collect$$libinit$$00000023          0x08000162   Section        0  libinit2.o(.ARM.Collect$$libinit$$00000023)
    .ARM.Collect$$libinit$$00000025          0x08000162   Section        0  libinit2.o(.ARM.Collect$$libinit$$00000025)
    .ARM.Collect$$libinit$$0000002C          0x08000162   Section        0  libinit2.o(.ARM.Collect$$libinit$$0000002C)
    .ARM.Collect$$libinit$$0000002E          0x08000162   Section        0  libinit2.o(.ARM.Collect$$libinit$$0000002E)
    .ARM.Collect$$libinit$$00000030          0x08000162   Section        0  libinit2.o(.ARM.Collect$$libinit$$00000030)
    .ARM.Collect$$libinit$$00000032          0x08000162   Section        0  libinit2.o(.ARM.Collect$$libinit$$00000032)
    .ARM.Collect$$libinit$$00000033          0x08000162   Section        2  libinit2.o(.ARM.Collect$$libinit$$00000033)
    .ARM.Collect$$libshutdown$$00000000      0x08000164   Section        2  libshutdown.o(.ARM.Collect$$libshutdown$$00000000)
    .ARM.Collect$$libshutdown$$00000002      0x08000166   Section        0  libshutdown2.o(.ARM.Collect$$libshutdown$$00000002)
    .ARM.Collect$$libshutdown$$00000004      0x08000166   Section        0  libshutdown2.o(.ARM.Collect$$libshutdown$$00000004)
    .ARM.Collect$$libshutdown$$00000007      0x08000166   Section        0  libshutdown2.o(.ARM.Collect$$libshutdown$$00000007)
    .ARM.Collect$$libshutdown$$0000000A      0x08000166   Section        0  libshutdown2.o(.ARM.Collect$$libshutdown$$0000000A)
    .ARM.Collect$$libshutdown$$0000000C      0x08000166   Section        0  libshutdown2.o(.ARM.Collect$$libshutdown$$0000000C)
    .ARM.Collect$$libshutdown$$0000000F      0x08000166   Section        0  libshutdown2.o(.ARM.Collect$$libshutdown$$0000000F)
    .ARM.Collect$$libshutdown$$00000010      0x08000166   Section        2  libshutdown2.o(.ARM.Collect$$libshutdown$$00000010)
    .ARM.Collect$$rtentry$$00000000          0x08000168   Section        0  __rtentry.o(.ARM.Collect$$rtentry$$00000000)
    .ARM.Collect$$rtentry$$00000002          0x08000168   Section        0  __rtentry2.o(.ARM.Collect$$rtentry$$00000002)
    .ARM.Collect$$rtentry$$00000004          0x08000168   Section        6  __rtentry4.o(.ARM.Collect$$rtentry$$00000004)
    .ARM.Collect$$rtentry$$00000009          0x0800016e   Section        0  __rtentry2.o(.ARM.Collect$$rtentry$$00000009)
    .ARM.Collect$$rtentry$$0000000A          0x0800016e   Section        4  __rtentry2.o(.ARM.Collect$$rtentry$$0000000A)
    .ARM.Collect$$rtentry$$0000000C          0x08000172   Section        0  __rtentry2.o(.ARM.Collect$$rtentry$$0000000C)
    .ARM.Collect$$rtentry$$0000000D          0x08000172   Section        8  __rtentry2.o(.ARM.Collect$$rtentry$$0000000D)
    .ARM.Collect$$rtexit$$00000000           0x0800017a   Section        2  rtexit.o(.ARM.Collect$$rtexit$$00000000)
    .ARM.Collect$$rtexit$$00000002           0x0800017c   Section        0  rtexit2.o(.ARM.Collect$$rtexit$$00000002)
    .ARM.Collect$$rtexit$$00000003           0x0800017c   Section        4  rtexit2.o(.ARM.Collect$$rtexit$$00000003)
    .ARM.Collect$$rtexit$$00000004           0x08000180   Section        6  rtexit2.o(.ARM.Collect$$rtexit$$00000004)
    .emb_text                                0x08000188   Section      150  port.o(.emb_text)
    .text                                    0x08000220   Section       64  startup_stm32f103xb.o(.text)
    .text                                    0x08000260   Section      100  rt_memcpy_w.o(.text)
    .text                                    0x080002c4   Section       78  rt_memclr_w.o(.text)
    .text                                    0x08000312   Section        0  heapauxi.o(.text)
    .text                                    0x08000318   Section       74  sys_stackheap_outer.o(.text)
    .text                                    0x08000362   Section        0  exit.o(.text)
    .text                                    0x08000374   Section        8  libspace.o(.text)
    .text                                    0x0800037c   Section        0  sys_exit.o(.text)
    .text                                    0x08000388   Section        2  use_no_semi.o(.text)
    .text                                    0x0800038a   Section        0  indicate_semi.o(.text)
    i.BusFault_Handler                       0x0800038a   Section        0  stm32f1xx_it.o(i.BusFault_Handler)
    i.DMA1_Channel4_IRQHandler               0x0800038c   Section        0  stm32f1xx_it.o(i.DMA1_Channel4_IRQHandler)
    i.DMA1_Channel5_IRQHandler               0x08000398   Section        0  stm32f1xx_it.o(i.DMA1_Channel5_IRQHandler)
    i.DebugMon_Handler                       0x080003a4   Section        0  stm32f1xx_it.o(i.DebugMon_Handler)
    i.Encoder_Init                           0x080003a8   Section        0  app_encoder.o(i.Encoder_Init)
    i.Error_Handler                          0x080003b4   Section        0  main.o(i.Error_Handler)
    i.GetEncoder                             0x080003b8   Section        0  app_encoder.o(i.GetEncoder)
    i.HAL_DMA_Abort                          0x080003f8   Section        0  stm32f1xx_hal_dma.o(i.HAL_DMA_Abort)
    i.HAL_DMA_Abort_IT                       0x08000440   Section        0  stm32f1xx_hal_dma.o(i.HAL_DMA_Abort_IT)
    i.HAL_DMA_IRQHandler                     0x080004d8   Section        0  stm32f1xx_hal_dma.o(i.HAL_DMA_IRQHandler)
    i.HAL_DMA_Init                           0x0800062c   Section        0  stm32f1xx_hal_dma.o(i.HAL_DMA_Init)
    i.HAL_GPIO_Init                          0x08000688   Section        0  stm32f1xx_hal_gpio.o(i.HAL_GPIO_Init)
    i.HAL_GPIO_WritePin                      0x08000868   Section        0  stm32f1xx_hal_gpio.o(i.HAL_GPIO_WritePin)
    i.HAL_GetTick                            0x08000874   Section        0  stm32f1xx_hal.o(i.HAL_GetTick)
    i.HAL_IncTick                            0x08000880   Section        0  stm32f1xx_hal.o(i.HAL_IncTick)
    i.HAL_Init                               0x08000890   Section        0  stm32f1xx_hal.o(i.HAL_Init)
    i.HAL_InitTick                           0x080008b4   Section        0  stm32f1xx_hal_timebase_tim.o(i.HAL_InitTick)
    i.HAL_MspInit                            0x0800094c   Section        0  stm32f1xx_hal_msp.o(i.HAL_MspInit)
    i.HAL_NVIC_EnableIRQ                     0x08000994   Section        0  stm32f1xx_hal_cortex.o(i.HAL_NVIC_EnableIRQ)
    i.HAL_NVIC_SetPriority                   0x080009b0   Section        0  stm32f1xx_hal_cortex.o(i.HAL_NVIC_SetPriority)
    i.HAL_NVIC_SetPriorityGrouping           0x080009f0   Section        0  stm32f1xx_hal_cortex.o(i.HAL_NVIC_SetPriorityGrouping)
    i.HAL_RCC_ClockConfig                    0x08000a14   Section        0  stm32f1xx_hal_rcc.o(i.HAL_RCC_ClockConfig)
    i.HAL_RCC_GetClockConfig                 0x08000b40   Section        0  stm32f1xx_hal_rcc.o(i.HAL_RCC_GetClockConfig)
    i.HAL_RCC_GetPCLK1Freq                   0x08000b80   Section        0  stm32f1xx_hal_rcc.o(i.HAL_RCC_GetPCLK1Freq)
    i.HAL_RCC_GetPCLK2Freq                   0x08000ba0   Section        0  stm32f1xx_hal_rcc.o(i.HAL_RCC_GetPCLK2Freq)
    i.HAL_RCC_GetSysClockFreq                0x08000bc0   Section        0  stm32f1xx_hal_rcc.o(i.HAL_RCC_GetSysClockFreq)
    i.HAL_RCC_OscConfig                      0x08000c0c   Section        0  stm32f1xx_hal_rcc.o(i.HAL_RCC_OscConfig)
    i.HAL_TIMEx_BreakCallback                0x08000f2c   Section        0  stm32f1xx_hal_tim_ex.o(i.HAL_TIMEx_BreakCallback)
    i.HAL_TIMEx_CommutCallback               0x08000f2e   Section        0  stm32f1xx_hal_tim_ex.o(i.HAL_TIMEx_CommutCallback)
    i.HAL_TIMEx_MasterConfigSynchronization  0x08000f30   Section        0  stm32f1xx_hal_tim_ex.o(i.HAL_TIMEx_MasterConfigSynchronization)
    i.HAL_TIM_Base_Init                      0x08000f98   Section        0  stm32f1xx_hal_tim.o(i.HAL_TIM_Base_Init)
    i.HAL_TIM_Base_MspInit                   0x08000ff4   Section        0  tim.o(i.HAL_TIM_Base_MspInit)
    i.HAL_TIM_Base_Start_IT                  0x08001018   Section        0  stm32f1xx_hal_tim.o(i.HAL_TIM_Base_Start_IT)
    i.HAL_TIM_ConfigClockSource              0x08001070   Section        0  stm32f1xx_hal_tim.o(i.HAL_TIM_ConfigClockSource)
    i.HAL_TIM_Encoder_Init                   0x0800114c   Section        0  stm32f1xx_hal_tim.o(i.HAL_TIM_Encoder_Init)
    i.HAL_TIM_Encoder_MspInit                0x080011f0   Section        0  tim.o(i.HAL_TIM_Encoder_MspInit)
    i.HAL_TIM_Encoder_Start                  0x08001248   Section        0  stm32f1xx_hal_tim.o(i.HAL_TIM_Encoder_Start)
    i.HAL_TIM_IC_CaptureCallback             0x080012d6   Section        0  stm32f1xx_hal_tim.o(i.HAL_TIM_IC_CaptureCallback)
    i.HAL_TIM_IRQHandler                     0x080012d8   Section        0  stm32f1xx_hal_tim.o(i.HAL_TIM_IRQHandler)
    i.HAL_TIM_MspPostInit                    0x08001408   Section        0  tim.o(i.HAL_TIM_MspPostInit)
    i.HAL_TIM_OC_DelayElapsedCallback        0x08001450   Section        0  stm32f1xx_hal_tim.o(i.HAL_TIM_OC_DelayElapsedCallback)
    i.HAL_TIM_PWM_ConfigChannel              0x08001452   Section        0  stm32f1xx_hal_tim.o(i.HAL_TIM_PWM_ConfigChannel)
    i.HAL_TIM_PWM_Init                       0x0800151e   Section        0  stm32f1xx_hal_tim.o(i.HAL_TIM_PWM_Init)
    i.HAL_TIM_PWM_MspInit                    0x08001578   Section        0  stm32f1xx_hal_tim.o(i.HAL_TIM_PWM_MspInit)
    i.HAL_TIM_PWM_PulseFinishedCallback      0x0800157a   Section        0  stm32f1xx_hal_tim.o(i.HAL_TIM_PWM_PulseFinishedCallback)
    i.HAL_TIM_PWM_Start                      0x0800157c   Section        0  stm32f1xx_hal_tim.o(i.HAL_TIM_PWM_Start)
    i.HAL_TIM_PeriodElapsedCallback          0x08001618   Section        0  main.o(i.HAL_TIM_PeriodElapsedCallback)
    i.HAL_TIM_TriggerCallback                0x0800162c   Section        0  stm32f1xx_hal_tim.o(i.HAL_TIM_TriggerCallback)
    i.HAL_UARTEx_RxEventCallback             0x0800162e   Section        0  stm32f1xx_hal_uart.o(i.HAL_UARTEx_RxEventCallback)
    i.HAL_UART_ErrorCallback                 0x08001630   Section        0  stm32f1xx_hal_uart.o(i.HAL_UART_ErrorCallback)
    i.HAL_UART_IRQHandler                    0x08001634   Section        0  stm32f1xx_hal_uart.o(i.HAL_UART_IRQHandler)
    i.HAL_UART_Init                          0x080018a0   Section        0  stm32f1xx_hal_uart.o(i.HAL_UART_Init)
    i.HAL_UART_MspInit                       0x08001904   Section        0  usart.o(i.HAL_UART_MspInit)
    i.HAL_UART_RxCpltCallback                0x080019e0   Section        0  stm32f1xx_hal_uart.o(i.HAL_UART_RxCpltCallback)
    i.HAL_UART_TxCpltCallback                0x080019e2   Section        0  stm32f1xx_hal_uart.o(i.HAL_UART_TxCpltCallback)
    i.HardFault_Handler                      0x080019e4   Section        0  stm32f1xx_it.o(i.HardFault_Handler)
    i.MX_DMA_Init                            0x080019e8   Section        0  dma.o(i.MX_DMA_Init)
    i.MX_FREERTOS_Init                       0x08001a24   Section        0  freertos.o(i.MX_FREERTOS_Init)
    i.MX_GPIO_Init                           0x08001a4c   Section        0  gpio.o(i.MX_GPIO_Init)
    i.MX_TIM2_Init                           0x08001acc   Section        0  tim.o(i.MX_TIM2_Init)
    i.MX_TIM4_Init                           0x08001b64   Section        0  tim.o(i.MX_TIM4_Init)
    i.MX_USART1_UART_Init                    0x08001bd0   Section        0  usart.o(i.MX_USART1_UART_Init)
    i.MemManage_Handler                      0x08001c08   Section        0  stm32f1xx_it.o(i.MemManage_Handler)
    i.Motor_Excu                             0x08001c0c   Section        0  motor_ctrl.o(i.Motor_Excu)
    i.Motor_Init                             0x08001c54   Section        0  motor_ctrl.o(i.Motor_Init)
    i.NMI_Handler                            0x08001c78   Section        0  stm32f1xx_it.o(i.NMI_Handler)
    i.PID_Init                               0x08001c7a   Section        0  pid.o(i.PID_Init)
    i.PID_SPinit                             0x08001c8c   Section        0  pid.o(i.PID_SPinit)
    i.PID_compute                            0x08001c90   Section        0  pid.o(i.PID_compute)
    i.StartPID                               0x08001d38   Section        0  freertos.o(i.StartPID)
    i.SysTick_Handler                        0x08001d58   Section        0  port.o(i.SysTick_Handler)
    i.SystemClock_Config                     0x08001d84   Section        0  main.o(i.SystemClock_Config)
    i.SystemInit                             0x08001de2   Section        0  system_stm32f1xx.o(i.SystemInit)
    i.TIM3_IRQHandler                        0x08001de4   Section        0  stm32f1xx_it.o(i.TIM3_IRQHandler)
    i.TIM_Base_SetConfig                     0x08001df0   Section        0  stm32f1xx_hal_tim.o(i.TIM_Base_SetConfig)
    i.TIM_CCxChannelCmd                      0x08001e68   Section        0  stm32f1xx_hal_tim.o(i.TIM_CCxChannelCmd)
    i.TIM_ETR_SetConfig                      0x08001e82   Section        0  stm32f1xx_hal_tim.o(i.TIM_ETR_SetConfig)
    i.TIM_ITRx_SetConfig                     0x08001e96   Section        0  stm32f1xx_hal_tim.o(i.TIM_ITRx_SetConfig)
    TIM_ITRx_SetConfig                       0x08001e97   Thumb Code    16  stm32f1xx_hal_tim.o(i.TIM_ITRx_SetConfig)
    i.TIM_OC1_SetConfig                      0x08001ea8   Section        0  stm32f1xx_hal_tim.o(i.TIM_OC1_SetConfig)
    TIM_OC1_SetConfig                        0x08001ea9   Thumb Code    74  stm32f1xx_hal_tim.o(i.TIM_OC1_SetConfig)
    i.TIM_OC2_SetConfig                      0x08001ef8   Section        0  stm32f1xx_hal_tim.o(i.TIM_OC2_SetConfig)
    i.TIM_OC3_SetConfig                      0x08001f50   Section        0  stm32f1xx_hal_tim.o(i.TIM_OC3_SetConfig)
    TIM_OC3_SetConfig                        0x08001f51   Thumb Code    82  stm32f1xx_hal_tim.o(i.TIM_OC3_SetConfig)
    i.TIM_OC4_SetConfig                      0x08001fa8   Section        0  stm32f1xx_hal_tim.o(i.TIM_OC4_SetConfig)
    TIM_OC4_SetConfig                        0x08001fa9   Thumb Code    64  stm32f1xx_hal_tim.o(i.TIM_OC4_SetConfig)
    i.TIM_TI1_ConfigInputStage               0x08001fec   Section        0  stm32f1xx_hal_tim.o(i.TIM_TI1_ConfigInputStage)
    TIM_TI1_ConfigInputStage                 0x08001fed   Thumb Code    34  stm32f1xx_hal_tim.o(i.TIM_TI1_ConfigInputStage)
    i.TIM_TI2_ConfigInputStage               0x0800200e   Section        0  stm32f1xx_hal_tim.o(i.TIM_TI2_ConfigInputStage)
    TIM_TI2_ConfigInputStage                 0x0800200f   Thumb Code    36  stm32f1xx_hal_tim.o(i.TIM_TI2_ConfigInputStage)
    i.UART_DMAAbortOnError                   0x08002032   Section        0  stm32f1xx_hal_uart.o(i.UART_DMAAbortOnError)
    UART_DMAAbortOnError                     0x08002033   Thumb Code    16  stm32f1xx_hal_uart.o(i.UART_DMAAbortOnError)
    i.UART_EndRxTransfer                     0x08002042   Section        0  stm32f1xx_hal_uart.o(i.UART_EndRxTransfer)
    UART_EndRxTransfer                       0x08002043   Thumb Code    78  stm32f1xx_hal_uart.o(i.UART_EndRxTransfer)
    i.UART_Receive_IT                        0x08002090   Section        0  stm32f1xx_hal_uart.o(i.UART_Receive_IT)
    UART_Receive_IT                          0x08002091   Thumb Code   194  stm32f1xx_hal_uart.o(i.UART_Receive_IT)
    i.UART_SetConfig                         0x08002154   Section        0  stm32f1xx_hal_uart.o(i.UART_SetConfig)
    UART_SetConfig                           0x08002155   Thumb Code   178  stm32f1xx_hal_uart.o(i.UART_SetConfig)
    i.USART1_IRQHandler                      0x0800220c   Section        0  stm32f1xx_it.o(i.USART1_IRQHandler)
    i.UsageFault_Handler                     0x08002218   Section        0  stm32f1xx_it.o(i.UsageFault_Handler)
    i.__NVIC_SetPriority                     0x0800221a   Section        0  stm32f1xx_hal_cortex.o(i.__NVIC_SetPriority)
    __NVIC_SetPriority                       0x0800221b   Thumb Code    32  stm32f1xx_hal_cortex.o(i.__NVIC_SetPriority)
    i.main                                   0x0800223a   Section        0  main.o(i.main)
    i.makeFreeRtosPriority                   0x08002260   Section        0  cmsis_os.o(i.makeFreeRtosPriority)
    makeFreeRtosPriority                     0x08002261   Thumb Code    12  cmsis_os.o(i.makeFreeRtosPriority)
    i.osKernelStart                          0x0800226c   Section        0  cmsis_os.o(i.osKernelStart)
    i.osThreadCreate                         0x08002276   Section        0  cmsis_os.o(i.osThreadCreate)
    i.prvAddNewTaskToReadyList               0x080022cc   Section        0  tasks.o(i.prvAddNewTaskToReadyList)
    prvAddNewTaskToReadyList                 0x080022cd   Thumb Code   194  tasks.o(i.prvAddNewTaskToReadyList)
    i.prvDeleteTCB                           0x0800239c   Section        0  tasks.o(i.prvDeleteTCB)
    prvDeleteTCB                             0x0800239d   Thumb Code    52  tasks.o(i.prvDeleteTCB)
    i.prvHeapInit                            0x080023d0   Section        0  heap_4.o(i.prvHeapInit)
    prvHeapInit                              0x080023d1   Thumb Code    66  heap_4.o(i.prvHeapInit)
    i.prvIdleTask                            0x0800241c   Section        0  tasks.o(i.prvIdleTask)
    prvIdleTask                              0x0800241d   Thumb Code    82  tasks.o(i.prvIdleTask)
    i.prvInitialiseNewTask                   0x0800247c   Section        0  tasks.o(i.prvInitialiseNewTask)
    prvInitialiseNewTask                     0x0800247d   Thumb Code   152  tasks.o(i.prvInitialiseNewTask)
    i.prvInsertBlockIntoFreeList             0x08002514   Section        0  heap_4.o(i.prvInsertBlockIntoFreeList)
    prvInsertBlockIntoFreeList               0x08002515   Thumb Code    72  heap_4.o(i.prvInsertBlockIntoFreeList)
    i.prvResetNextTaskUnblockTime            0x08002560   Section        0  tasks.o(i.prvResetNextTaskUnblockTime)
    prvResetNextTaskUnblockTime              0x08002561   Thumb Code    26  tasks.o(i.prvResetNextTaskUnblockTime)
    i.prvTaskExitError                       0x08002580   Section        0  port.o(i.prvTaskExitError)
    prvTaskExitError                         0x08002581   Thumb Code    36  port.o(i.prvTaskExitError)
    i.pvPortMalloc                           0x080025a8   Section        0  heap_4.o(i.pvPortMalloc)
    i.pxPortInitialiseStack                  0x08002684   Section        0  port.o(i.pxPortInitialiseStack)
    i.uxListRemove                           0x080026a8   Section        0  list.o(i.uxListRemove)
    i.vApplicationGetIdleTaskMemory          0x080026d0   Section        0  freertos.o(i.vApplicationGetIdleTaskMemory)
    i.vListInitialise                        0x080026e4   Section        0  list.o(i.vListInitialise)
    i.vListInitialiseItem                    0x080026fa   Section        0  list.o(i.vListInitialiseItem)
    i.vListInsertEnd                         0x08002700   Section        0  list.o(i.vListInsertEnd)
    i.vPortEnterCritical                     0x08002718   Section        0  port.o(i.vPortEnterCritical)
    i.vPortExitCritical                      0x08002758   Section        0  port.o(i.vPortExitCritical)
    i.vPortFree                              0x08002780   Section        0  heap_4.o(i.vPortFree)
    i.vPortSetupTimerInterrupt               0x080027e4   Section        0  port.o(i.vPortSetupTimerInterrupt)
    i.vTaskStartScheduler                    0x08002808   Section        0  tasks.o(i.vTaskStartScheduler)
    i.vTaskSuspendAll                        0x08002874   Section        0  tasks.o(i.vTaskSuspendAll)
    i.vTaskSwitchContext                     0x08002884   Section        0  tasks.o(i.vTaskSwitchContext)
    i.xPortStartScheduler                    0x080028e0   Section        0  port.o(i.xPortStartScheduler)
    i.xTaskCreate                            0x08002988   Section        0  tasks.o(i.xTaskCreate)
    i.xTaskCreateStatic                      0x080029e2   Section        0  tasks.o(i.xTaskCreateStatic)
    i.xTaskIncrementTick                     0x08002a38   Section        0  tasks.o(i.xTaskIncrementTick)
    i.xTaskResumeAll                         0x08002b04   Section        0  tasks.o(i.xTaskResumeAll)
    x$fpl$fadd                               0x08002bc8   Section      196  faddsub_clz.o(x$fpl$fadd)
    _fadd1                                   0x08002bd7   Thumb Code     0  faddsub_clz.o(x$fpl$fadd)
    x$fpl$fcheck1                            0x08002c8c   Section       12  fcheck1.o(x$fpl$fcheck1)
    x$fpl$fdiv                               0x08002c98   Section      388  fdiv.o(x$fpl$fdiv)
    _fdiv1                                   0x08002c99   Thumb Code     0  fdiv.o(x$fpl$fdiv)
    x$fpl$ffixu                              0x08002e1c   Section       62  ffixu.o(x$fpl$ffixu)
    x$fpl$fflt                               0x08002e5c   Section       48  fflt_clz.o(x$fpl$fflt)
    x$fpl$ffltll                             0x08002e8c   Section       96  ffltll_clz.o(x$fpl$ffltll)
    x$fpl$ffltu                              0x08002eec   Section       38  fflt_clz.o(x$fpl$ffltu)
    x$fpl$fmul                               0x08002f14   Section      258  fmul.o(x$fpl$fmul)
    x$fpl$fnaninf                            0x08003016   Section      140  fnaninf.o(x$fpl$fnaninf)
    x$fpl$fretinf                            0x080030a2   Section       10  fretinf.o(x$fpl$fretinf)
    x$fpl$frsb                               0x080030ac   Section       20  faddsub_clz.o(x$fpl$frsb)
    x$fpl$fsub                               0x080030c0   Section      234  faddsub_clz.o(x$fpl$fsub)
    _fsub1                                   0x080030cf   Thumb Code     0  faddsub_clz.o(x$fpl$fsub)
    x$fpl$llufromf                           0x080031ac   Section       92  ffixull.o(x$fpl$llufromf)
    x$fpl$retnan                             0x08003208   Section      100  retnan.o(x$fpl$retnan)
    x$fpl$scalbnf                            0x0800326c   Section       76  scalbnf.o(x$fpl$scalbnf)
    x$fpl$trapveneer                         0x080032b8   Section       48  trapv.o(x$fpl$trapveneer)
    .constdata                               0x080032e8   Section       28  freertos.o(.constdata)
    x$fpl$usenofp                            0x080032e8   Section        0  usenofp.o(x$fpl$usenofp)
    .constdata                               0x08003304   Section       18  stm32f1xx_hal_rcc.o(.constdata)
    aPredivFactorTable                       0x08003304   Data           2  stm32f1xx_hal_rcc.o(.constdata)
    aPLLMULFactorTable                       0x08003306   Data          16  stm32f1xx_hal_rcc.o(.constdata)
    .constdata                               0x08003316   Section       16  system_stm32f1xx.o(.constdata)
    .constdata                               0x08003326   Section        8  system_stm32f1xx.o(.constdata)
    .conststring                             0x08003330   Section        4  freertos.o(.conststring)
    .data                                    0x20000000   Section        4  motor_ctrl.o(.data)
    nxt                                      0x20000000   Data           4  motor_ctrl.o(.data)
    .data                                    0x20000004   Section        4  freertos.o(.data)
    .data                                    0x20000008   Section       12  stm32f1xx_hal.o(.data)
    .data                                    0x20000014   Section        4  system_stm32f1xx.o(.data)
    .data                                    0x20000018   Section       60  tasks.o(.data)
    uxDeletedTasksWaitingCleanUp             0x2000001c   Data           4  tasks.o(.data)
    uxCurrentNumberOfTasks                   0x20000020   Data           4  tasks.o(.data)
    xTickCount                               0x20000024   Data           4  tasks.o(.data)
    uxTopReadyPriority                       0x20000028   Data           4  tasks.o(.data)
    xSchedulerRunning                        0x2000002c   Data           4  tasks.o(.data)
    xPendedTicks                             0x20000030   Data           4  tasks.o(.data)
    xYieldPending                            0x20000034   Data           4  tasks.o(.data)
    xNumOfOverflows                          0x20000038   Data           4  tasks.o(.data)
    uxTaskNumber                             0x2000003c   Data           4  tasks.o(.data)
    xNextTaskUnblockTime                     0x20000040   Data           4  tasks.o(.data)
    xIdleTaskHandle                          0x20000044   Data           4  tasks.o(.data)
    uxSchedulerSuspended                     0x20000048   Data           4  tasks.o(.data)
    pxDelayedTaskList                        0x2000004c   Data           4  tasks.o(.data)
    pxOverflowDelayedTaskList                0x20000050   Data           4  tasks.o(.data)
    .data                                    0x20000054   Section       32  heap_4.o(.data)
    pxEnd                                    0x20000054   Data           4  heap_4.o(.data)
    xFreeBytesRemaining                      0x20000058   Data           4  heap_4.o(.data)
    xMinimumEverFreeBytesRemaining           0x2000005c   Data           4  heap_4.o(.data)
    xNumberOfSuccessfulAllocations           0x20000060   Data           4  heap_4.o(.data)
    xNumberOfSuccessfulFrees                 0x20000064   Data           4  heap_4.o(.data)
    xBlockAllocatedBit                       0x20000068   Data           4  heap_4.o(.data)
    xStart                                   0x2000006c   Data           8  heap_4.o(.data)
    .data                                    0x20000074   Section       12  port.o(.data)
    ucMaxSysCallPriority                     0x20000074   Data           1  port.o(.data)
    uxCriticalNesting                        0x20000078   Data           4  port.o(.data)
    ulMaxPRIGROUPValue                       0x2000007c   Data           4  port.o(.data)
    .bss                                     0x20000080   Section       32  motor_ctrl.o(.bss)
    the_pid                                  0x20000080   Data          32  motor_ctrl.o(.bss)
    .bss                                     0x200000a0   Section      596  freertos.o(.bss)
    xIdleTaskTCBBuffer                       0x200000a0   Data          84  freertos.o(.bss)
    xIdleStack                               0x200000f4   Data         512  freertos.o(.bss)
    .bss                                     0x200002f4   Section      144  tim.o(.bss)
    .bss                                     0x20000384   Section      208  usart.o(.bss)
    .bss                                     0x20000454   Section       72  stm32f1xx_hal_timebase_tim.o(.bss)
    .bss                                     0x2000049c   Section      240  tasks.o(.bss)
    pxReadyTasksLists                        0x2000049c   Data         140  tasks.o(.bss)
    xDelayedTaskList1                        0x20000528   Data          20  tasks.o(.bss)
    xDelayedTaskList2                        0x2000053c   Data          20  tasks.o(.bss)
    xPendingReadyList                        0x20000550   Data          20  tasks.o(.bss)
    xTasksWaitingTermination                 0x20000564   Data          20  tasks.o(.bss)
    xSuspendedTaskList                       0x20000578   Data          20  tasks.o(.bss)
    .bss                                     0x2000058c   Section     3072  heap_4.o(.bss)
    ucHeap                                   0x2000058c   Data        3072  heap_4.o(.bss)
    .bss                                     0x2000118c   Section       96  libspace.o(.bss)
    HEAP                                     0x200011f0   Section      512  startup_stm32f103xb.o(HEAP)
    Heap_Mem                                 0x200011f0   Data         512  startup_stm32f103xb.o(HEAP)
    STACK                                    0x200013f0   Section     1024  startup_stm32f103xb.o(STACK)
    Stack_Mem                                0x200013f0   Data        1024  startup_stm32f103xb.o(STACK)
    __initial_sp                             0x200017f0   Data           0  startup_stm32f103xb.o(STACK)

    Global Symbols

    Symbol Name                              Value     Ov Type        Size  Object(Section)

    BuildAttributes$$THM_ISAv4$P$D$K$B$S$PE$A:L22UL41UL21$X:L11$S22US41US21$IEEE1$IW$USESV6$~STKCKD$USESV7$~SHL$OSPACE$ROPI$EBA8$UX$STANDARDLIB$REQ8$PRES8$EABIv2 0x00000000   Number         0  anon$$obj.o ABSOLUTE
    __ARM_use_no_argv                        0x00000000   Number         0  main.o ABSOLUTE
    __ARM_exceptions_init                     - Undefined Weak Reference
    __alloca_initialize                       - Undefined Weak Reference
    __arm_preinit_                            - Undefined Weak Reference
    __cpp_initialize__aeabi_                  - Undefined Weak Reference
    __cxa_finalize                            - Undefined Weak Reference
    __rt_locale                               - Undefined Weak Reference
    __sigvec_lookup                           - Undefined Weak Reference
    _atexit_init                              - Undefined Weak Reference
    _call_atexit_fns                          - Undefined Weak Reference
    _clock_init                               - Undefined Weak Reference
    _fp_trap_init                             - Undefined Weak Reference
    _fp_trap_shutdown                         - Undefined Weak Reference
    _get_lc_collate                           - Undefined Weak Reference
    _get_lc_ctype                             - Undefined Weak Reference
    _get_lc_monetary                          - Undefined Weak Reference
    _get_lc_numeric                           - Undefined Weak Reference
    _get_lc_time                              - Undefined Weak Reference
    _getenv_init                              - Undefined Weak Reference
    _handle_redirection                       - Undefined Weak Reference
    _init_alloc                               - Undefined Weak Reference
    _init_user_alloc                          - Undefined Weak Reference
    _initio                                   - Undefined Weak Reference
    _rand_init                                - Undefined Weak Reference
    _signal_finish                            - Undefined Weak Reference
    _signal_init                              - Undefined Weak Reference
    _terminate_alloc                          - Undefined Weak Reference
    _terminate_user_alloc                     - Undefined Weak Reference
    _terminateio                              - Undefined Weak Reference
    __Vectors_Size                           0x000000ec   Number         0  startup_stm32f103xb.o ABSOLUTE
    __Vectors                                0x08000000   Data           4  startup_stm32f103xb.o(RESET)
    __Vectors_End                            0x080000ec   Data           0  startup_stm32f103xb.o(RESET)
    __main                                   0x080000ed   Thumb Code     8  __main.o(!!!main)
    __scatterload                            0x080000f5   Thumb Code     0  __scatter.o(!!!scatter)
    __scatterload_rt2                        0x080000f5   Thumb Code    44  __scatter.o(!!!scatter)
    __scatterload_rt2_thumb_only             0x080000f5   Thumb Code     0  __scatter.o(!!!scatter)
    __scatterload_null                       0x08000103   Thumb Code     0  __scatter.o(!!!scatter)
    __scatterload_copy                       0x08000129   Thumb Code    26  __scatter_copy.o(!!handler_copy)
    __scatterload_zeroinit                   0x08000145   Thumb Code    28  __scatter_zi.o(!!handler_zi)
    __rt_lib_init                            0x08000161   Thumb Code     0  libinit.o(.ARM.Collect$$libinit$$00000000)
    __rt_lib_init_alloca_1                   0x08000163   Thumb Code     0  libinit2.o(.ARM.Collect$$libinit$$0000002E)
    __rt_lib_init_argv_1                     0x08000163   Thumb Code     0  libinit2.o(.ARM.Collect$$libinit$$0000002C)
    __rt_lib_init_atexit_1                   0x08000163   Thumb Code     0  libinit2.o(.ARM.Collect$$libinit$$0000001B)
    __rt_lib_init_clock_1                    0x08000163   Thumb Code     0  libinit2.o(.ARM.Collect$$libinit$$00000021)
    __rt_lib_init_cpp_1                      0x08000163   Thumb Code     0  libinit2.o(.ARM.Collect$$libinit$$00000032)
    __rt_lib_init_exceptions_1               0x08000163   Thumb Code     0  libinit2.o(.ARM.Collect$$libinit$$00000030)
    __rt_lib_init_fp_1                       0x08000163   Thumb Code     0  libinit2.o(.ARM.Collect$$libinit$$00000002)
    __rt_lib_init_fp_trap_1                  0x08000163   Thumb Code     0  libinit2.o(.ARM.Collect$$libinit$$0000001F)
    __rt_lib_init_getenv_1                   0x08000163   Thumb Code     0  libinit2.o(.ARM.Collect$$libinit$$00000023)
    __rt_lib_init_heap_1                     0x08000163   Thumb Code     0  libinit2.o(.ARM.Collect$$libinit$$0000000A)
    __rt_lib_init_lc_collate_1               0x08000163   Thumb Code     0  libinit2.o(.ARM.Collect$$libinit$$00000011)
    __rt_lib_init_lc_ctype_1                 0x08000163   Thumb Code     0  libinit2.o(.ARM.Collect$$libinit$$00000013)
    __rt_lib_init_lc_monetary_1              0x08000163   Thumb Code     0  libinit2.o(.ARM.Collect$$libinit$$00000015)
    __rt_lib_init_lc_numeric_1               0x08000163   Thumb Code     0  libinit2.o(.ARM.Collect$$libinit$$00000017)
    __rt_lib_init_lc_time_1                  0x08000163   Thumb Code     0  libinit2.o(.ARM.Collect$$libinit$$00000019)
    __rt_lib_init_preinit_1                  0x08000163   Thumb Code     0  libinit2.o(.ARM.Collect$$libinit$$00000004)
    __rt_lib_init_rand_1                     0x08000163   Thumb Code     0  libinit2.o(.ARM.Collect$$libinit$$0000000E)
    __rt_lib_init_return                     0x08000163   Thumb Code     0  libinit2.o(.ARM.Collect$$libinit$$00000033)
    __rt_lib_init_signal_1                   0x08000163   Thumb Code     0  libinit2.o(.ARM.Collect$$libinit$$0000001D)
    __rt_lib_init_stdio_1                    0x08000163   Thumb Code     0  libinit2.o(.ARM.Collect$$libinit$$00000025)
    __rt_lib_init_user_alloc_1               0x08000163   Thumb Code     0  libinit2.o(.ARM.Collect$$libinit$$0000000C)
    __rt_lib_shutdown                        0x08000165   Thumb Code     0  libshutdown.o(.ARM.Collect$$libshutdown$$00000000)
    __rt_lib_shutdown_cpp_1                  0x08000167   Thumb Code     0  libshutdown2.o(.ARM.Collect$$libshutdown$$00000002)
    __rt_lib_shutdown_fp_trap_1              0x08000167   Thumb Code     0  libshutdown2.o(.ARM.Collect$$libshutdown$$00000007)
    __rt_lib_shutdown_heap_1                 0x08000167   Thumb Code     0  libshutdown2.o(.ARM.Collect$$libshutdown$$0000000F)
    __rt_lib_shutdown_return                 0x08000167   Thumb Code     0  libshutdown2.o(.ARM.Collect$$libshutdown$$00000010)
    __rt_lib_shutdown_signal_1               0x08000167   Thumb Code     0  libshutdown2.o(.ARM.Collect$$libshutdown$$0000000A)
    __rt_lib_shutdown_stdio_1                0x08000167   Thumb Code     0  libshutdown2.o(.ARM.Collect$$libshutdown$$00000004)
    __rt_lib_shutdown_user_alloc_1           0x08000167   Thumb Code     0  libshutdown2.o(.ARM.Collect$$libshutdown$$0000000C)
    __rt_entry                               0x08000169   Thumb Code     0  __rtentry.o(.ARM.Collect$$rtentry$$00000000)
    __rt_entry_presh_1                       0x08000169   Thumb Code     0  __rtentry2.o(.ARM.Collect$$rtentry$$00000002)
    __rt_entry_sh                            0x08000169   Thumb Code     0  __rtentry4.o(.ARM.Collect$$rtentry$$00000004)
    __rt_entry_li                            0x0800016f   Thumb Code     0  __rtentry2.o(.ARM.Collect$$rtentry$$0000000A)
    __rt_entry_postsh_1                      0x0800016f   Thumb Code     0  __rtentry2.o(.ARM.Collect$$rtentry$$00000009)
    __rt_entry_main                          0x08000173   Thumb Code     0  __rtentry2.o(.ARM.Collect$$rtentry$$0000000D)
    __rt_entry_postli_1                      0x08000173   Thumb Code     0  __rtentry2.o(.ARM.Collect$$rtentry$$0000000C)
    __rt_exit                                0x0800017b   Thumb Code     0  rtexit.o(.ARM.Collect$$rtexit$$00000000)
    __rt_exit_ls                             0x0800017d   Thumb Code     0  rtexit2.o(.ARM.Collect$$rtexit$$00000003)
    __rt_exit_prels_1                        0x0800017d   Thumb Code     0  rtexit2.o(.ARM.Collect$$rtexit$$00000002)
    __rt_exit_exit                           0x08000181   Thumb Code     0  rtexit2.o(.ARM.Collect$$rtexit$$00000004)
    SVC_Handler                              0x08000189   Thumb Code    32  port.o(.emb_text)
    __asm___6_port_c_39a90d8d__prvStartFirstTask 0x080001ad   Thumb Code    28  port.o(.emb_text)
    PendSV_Handler                           0x080001cd   Thumb Code    72  port.o(.emb_text)
    vPortGetIPSR                             0x08000219   Thumb Code     6  port.o(.emb_text)
    Reset_Handler                            0x08000221   Thumb Code     8  startup_stm32f103xb.o(.text)
    ADC1_2_IRQHandler                        0x0800023b   Thumb Code     0  startup_stm32f103xb.o(.text)
    CAN1_RX1_IRQHandler                      0x0800023b   Thumb Code     0  startup_stm32f103xb.o(.text)
    CAN1_SCE_IRQHandler                      0x0800023b   Thumb Code     0  startup_stm32f103xb.o(.text)
    DMA1_Channel1_IRQHandler                 0x0800023b   Thumb Code     0  startup_stm32f103xb.o(.text)
    DMA1_Channel2_IRQHandler                 0x0800023b   Thumb Code     0  startup_stm32f103xb.o(.text)
    DMA1_Channel3_IRQHandler                 0x0800023b   Thumb Code     0  startup_stm32f103xb.o(.text)
    DMA1_Channel6_IRQHandler                 0x0800023b   Thumb Code     0  startup_stm32f103xb.o(.text)
    DMA1_Channel7_IRQHandler                 0x0800023b   Thumb Code     0  startup_stm32f103xb.o(.text)
    EXTI0_IRQHandler                         0x0800023b   Thumb Code     0  startup_stm32f103xb.o(.text)
    EXTI15_10_IRQHandler                     0x0800023b   Thumb Code     0  startup_stm32f103xb.o(.text)
    EXTI1_IRQHandler                         0x0800023b   Thumb Code     0  startup_stm32f103xb.o(.text)
    EXTI2_IRQHandler                         0x0800023b   Thumb Code     0  startup_stm32f103xb.o(.text)
    EXTI3_IRQHandler                         0x0800023b   Thumb Code     0  startup_stm32f103xb.o(.text)
    EXTI4_IRQHandler                         0x0800023b   Thumb Code     0  startup_stm32f103xb.o(.text)
    EXTI9_5_IRQHandler                       0x0800023b   Thumb Code     0  startup_stm32f103xb.o(.text)
    FLASH_IRQHandler                         0x0800023b   Thumb Code     0  startup_stm32f103xb.o(.text)
    I2C1_ER_IRQHandler                       0x0800023b   Thumb Code     0  startup_stm32f103xb.o(.text)
    I2C1_EV_IRQHandler                       0x0800023b   Thumb Code     0  startup_stm32f103xb.o(.text)
    I2C2_ER_IRQHandler                       0x0800023b   Thumb Code     0  startup_stm32f103xb.o(.text)
    I2C2_EV_IRQHandler                       0x0800023b   Thumb Code     0  startup_stm32f103xb.o(.text)
    PVD_IRQHandler                           0x0800023b   Thumb Code     0  startup_stm32f103xb.o(.text)
    RCC_IRQHandler                           0x0800023b   Thumb Code     0  startup_stm32f103xb.o(.text)
    RTC_Alarm_IRQHandler                     0x0800023b   Thumb Code     0  startup_stm32f103xb.o(.text)
    RTC_IRQHandler                           0x0800023b   Thumb Code     0  startup_stm32f103xb.o(.text)
    SPI1_IRQHandler                          0x0800023b   Thumb Code     0  startup_stm32f103xb.o(.text)
    SPI2_IRQHandler                          0x0800023b   Thumb Code     0  startup_stm32f103xb.o(.text)
    TAMPER_IRQHandler                        0x0800023b   Thumb Code     0  startup_stm32f103xb.o(.text)
    TIM1_BRK_IRQHandler                      0x0800023b   Thumb Code     0  startup_stm32f103xb.o(.text)
    TIM1_CC_IRQHandler                       0x0800023b   Thumb Code     0  startup_stm32f103xb.o(.text)
    TIM1_TRG_COM_IRQHandler                  0x0800023b   Thumb Code     0  startup_stm32f103xb.o(.text)
    TIM1_UP_IRQHandler                       0x0800023b   Thumb Code     0  startup_stm32f103xb.o(.text)
    TIM2_IRQHandler                          0x0800023b   Thumb Code     0  startup_stm32f103xb.o(.text)
    TIM4_IRQHandler                          0x0800023b   Thumb Code     0  startup_stm32f103xb.o(.text)
    USART2_IRQHandler                        0x0800023b   Thumb Code     0  startup_stm32f103xb.o(.text)
    USART3_IRQHandler                        0x0800023b   Thumb Code     0  startup_stm32f103xb.o(.text)
    USBWakeUp_IRQHandler                     0x0800023b   Thumb Code     0  startup_stm32f103xb.o(.text)
    USB_HP_CAN1_TX_IRQHandler                0x0800023b   Thumb Code     0  startup_stm32f103xb.o(.text)
    USB_LP_CAN1_RX0_IRQHandler               0x0800023b   Thumb Code     0  startup_stm32f103xb.o(.text)
    WWDG_IRQHandler                          0x0800023b   Thumb Code     0  startup_stm32f103xb.o(.text)
    __user_initial_stackheap                 0x0800023d   Thumb Code     0  startup_stm32f103xb.o(.text)
    __aeabi_memcpy4                          0x08000261   Thumb Code     0  rt_memcpy_w.o(.text)
    __aeabi_memcpy8                          0x08000261   Thumb Code     0  rt_memcpy_w.o(.text)
    __rt_memcpy_w                            0x08000261   Thumb Code   100  rt_memcpy_w.o(.text)
    _memcpy_lastbytes_aligned                0x080002a9   Thumb Code     0  rt_memcpy_w.o(.text)
    __aeabi_memclr4                          0x080002c5   Thumb Code     0  rt_memclr_w.o(.text)
    __aeabi_memclr8                          0x080002c5   Thumb Code     0  rt_memclr_w.o(.text)
    __rt_memclr_w                            0x080002c5   Thumb Code    78  rt_memclr_w.o(.text)
    _memset_w                                0x080002c9   Thumb Code     0  rt_memclr_w.o(.text)
    __use_two_region_memory                  0x08000313   Thumb Code     2  heapauxi.o(.text)
    __rt_heap_escrow$2region                 0x08000315   Thumb Code     2  heapauxi.o(.text)
    __rt_heap_expand$2region                 0x08000317   Thumb Code     2  heapauxi.o(.text)
    __user_setup_stackheap                   0x08000319   Thumb Code    74  sys_stackheap_outer.o(.text)
    exit                                     0x08000363   Thumb Code    18  exit.o(.text)
    __user_libspace                          0x08000375   Thumb Code     8  libspace.o(.text)
    __user_perproc_libspace                  0x08000375   Thumb Code     0  libspace.o(.text)
    __user_perthread_libspace                0x08000375   Thumb Code     0  libspace.o(.text)
    _sys_exit                                0x0800037d   Thumb Code     8  sys_exit.o(.text)
    __I$use$semihosting                      0x08000389   Thumb Code     0  use_no_semi.o(.text)
    __use_no_semihosting_swi                 0x08000389   Thumb Code     2  use_no_semi.o(.text)
    BusFault_Handler                         0x0800038b   Thumb Code     2  stm32f1xx_it.o(i.BusFault_Handler)
    __semihosting_library_function           0x0800038b   Thumb Code     0  indicate_semi.o(.text)
    DMA1_Channel4_IRQHandler                 0x0800038d   Thumb Code     6  stm32f1xx_it.o(i.DMA1_Channel4_IRQHandler)
    DMA1_Channel5_IRQHandler                 0x08000399   Thumb Code     6  stm32f1xx_it.o(i.DMA1_Channel5_IRQHandler)
    DebugMon_Handler                         0x080003a5   Thumb Code     2  stm32f1xx_it.o(i.DebugMon_Handler)
    Encoder_Init                             0x080003a9   Thumb Code     8  app_encoder.o(i.Encoder_Init)
    Error_Handler                            0x080003b5   Thumb Code     4  main.o(i.Error_Handler)
    GetEncoder                               0x080003b9   Thumb Code    54  app_encoder.o(i.GetEncoder)
    HAL_DMA_Abort                            0x080003f9   Thumb Code    70  stm32f1xx_hal_dma.o(i.HAL_DMA_Abort)
    HAL_DMA_Abort_IT                         0x08000441   Thumb Code   148  stm32f1xx_hal_dma.o(i.HAL_DMA_Abort_IT)
    HAL_DMA_IRQHandler                       0x080004d9   Thumb Code   316  stm32f1xx_hal_dma.o(i.HAL_DMA_IRQHandler)
    HAL_DMA_Init                             0x0800062d   Thumb Code    84  stm32f1xx_hal_dma.o(i.HAL_DMA_Init)
    HAL_GPIO_Init                            0x08000689   Thumb Code   446  stm32f1xx_hal_gpio.o(i.HAL_GPIO_Init)
    HAL_GPIO_WritePin                        0x08000869   Thumb Code    10  stm32f1xx_hal_gpio.o(i.HAL_GPIO_WritePin)
    HAL_GetTick                              0x08000875   Thumb Code     6  stm32f1xx_hal.o(i.HAL_GetTick)
    HAL_IncTick                              0x08000881   Thumb Code    12  stm32f1xx_hal.o(i.HAL_IncTick)
    HAL_Init                                 0x08000891   Thumb Code    32  stm32f1xx_hal.o(i.HAL_Init)
    HAL_InitTick                             0x080008b5   Thumb Code   132  stm32f1xx_hal_timebase_tim.o(i.HAL_InitTick)
    HAL_MspInit                              0x0800094d   Thumb Code    62  stm32f1xx_hal_msp.o(i.HAL_MspInit)
    HAL_NVIC_EnableIRQ                       0x08000995   Thumb Code    26  stm32f1xx_hal_cortex.o(i.HAL_NVIC_EnableIRQ)
    HAL_NVIC_SetPriority                     0x080009b1   Thumb Code    60  stm32f1xx_hal_cortex.o(i.HAL_NVIC_SetPriority)
    HAL_NVIC_SetPriorityGrouping             0x080009f1   Thumb Code    26  stm32f1xx_hal_cortex.o(i.HAL_NVIC_SetPriorityGrouping)
    HAL_RCC_ClockConfig                      0x08000a15   Thumb Code   280  stm32f1xx_hal_rcc.o(i.HAL_RCC_ClockConfig)
    HAL_RCC_GetClockConfig                   0x08000b41   Thumb Code    54  stm32f1xx_hal_rcc.o(i.HAL_RCC_GetClockConfig)
    HAL_RCC_GetPCLK1Freq                     0x08000b81   Thumb Code    20  stm32f1xx_hal_rcc.o(i.HAL_RCC_GetPCLK1Freq)
    HAL_RCC_GetPCLK2Freq                     0x08000ba1   Thumb Code    20  stm32f1xx_hal_rcc.o(i.HAL_RCC_GetPCLK2Freq)
    HAL_RCC_GetSysClockFreq                  0x08000bc1   Thumb Code    58  stm32f1xx_hal_rcc.o(i.HAL_RCC_GetSysClockFreq)
    HAL_RCC_OscConfig                        0x08000c0d   Thumb Code   778  stm32f1xx_hal_rcc.o(i.HAL_RCC_OscConfig)
    HAL_TIMEx_BreakCallback                  0x08000f2d   Thumb Code     2  stm32f1xx_hal_tim_ex.o(i.HAL_TIMEx_BreakCallback)
    HAL_TIMEx_CommutCallback                 0x08000f2f   Thumb Code     2  stm32f1xx_hal_tim_ex.o(i.HAL_TIMEx_CommutCallback)
    HAL_TIMEx_MasterConfigSynchronization    0x08000f31   Thumb Code    92  stm32f1xx_hal_tim_ex.o(i.HAL_TIMEx_MasterConfigSynchronization)
    HAL_TIM_Base_Init                        0x08000f99   Thumb Code    90  stm32f1xx_hal_tim.o(i.HAL_TIM_Base_Init)
    HAL_TIM_Base_MspInit                     0x08000ff5   Thumb Code    30  tim.o(i.HAL_TIM_Base_MspInit)
    HAL_TIM_Base_Start_IT                    0x08001019   Thumb Code    76  stm32f1xx_hal_tim.o(i.HAL_TIM_Base_Start_IT)
    HAL_TIM_ConfigClockSource                0x08001071   Thumb Code   220  stm32f1xx_hal_tim.o(i.HAL_TIM_ConfigClockSource)
    HAL_TIM_Encoder_Init                     0x0800114d   Thumb Code   164  stm32f1xx_hal_tim.o(i.HAL_TIM_Encoder_Init)
    HAL_TIM_Encoder_MspInit                  0x080011f1   Thumb Code    76  tim.o(i.HAL_TIM_Encoder_MspInit)
    HAL_TIM_Encoder_Start                    0x08001249   Thumb Code   142  stm32f1xx_hal_tim.o(i.HAL_TIM_Encoder_Start)
    HAL_TIM_IC_CaptureCallback               0x080012d7   Thumb Code     2  stm32f1xx_hal_tim.o(i.HAL_TIM_IC_CaptureCallback)
    HAL_TIM_IRQHandler                       0x080012d9   Thumb Code   304  stm32f1xx_hal_tim.o(i.HAL_TIM_IRQHandler)
    HAL_TIM_MspPostInit                      0x08001409   Thumb Code    62  tim.o(i.HAL_TIM_MspPostInit)
    HAL_TIM_OC_DelayElapsedCallback          0x08001451   Thumb Code     2  stm32f1xx_hal_tim.o(i.HAL_TIM_OC_DelayElapsedCallback)
    HAL_TIM_PWM_ConfigChannel                0x08001453   Thumb Code   204  stm32f1xx_hal_tim.o(i.HAL_TIM_PWM_ConfigChannel)
    HAL_TIM_PWM_Init                         0x0800151f   Thumb Code    90  stm32f1xx_hal_tim.o(i.HAL_TIM_PWM_Init)
    HAL_TIM_PWM_MspInit                      0x08001579   Thumb Code     2  stm32f1xx_hal_tim.o(i.HAL_TIM_PWM_MspInit)
    HAL_TIM_PWM_PulseFinishedCallback        0x0800157b   Thumb Code     2  stm32f1xx_hal_tim.o(i.HAL_TIM_PWM_PulseFinishedCallback)
    HAL_TIM_PWM_Start                        0x0800157d   Thumb Code   144  stm32f1xx_hal_tim.o(i.HAL_TIM_PWM_Start)
    HAL_TIM_PeriodElapsedCallback            0x08001619   Thumb Code    14  main.o(i.HAL_TIM_PeriodElapsedCallback)
    HAL_TIM_TriggerCallback                  0x0800162d   Thumb Code     2  stm32f1xx_hal_tim.o(i.HAL_TIM_TriggerCallback)
    HAL_UARTEx_RxEventCallback               0x0800162f   Thumb Code     2  stm32f1xx_hal_uart.o(i.HAL_UARTEx_RxEventCallback)
    HAL_UART_ErrorCallback                   0x08001631   Thumb Code     2  stm32f1xx_hal_uart.o(i.HAL_UART_ErrorCallback)
    HAL_UART_IRQHandler                      0x08001635   Thumb Code   616  stm32f1xx_hal_uart.o(i.HAL_UART_IRQHandler)
    HAL_UART_Init                            0x080018a1   Thumb Code   100  stm32f1xx_hal_uart.o(i.HAL_UART_Init)
    HAL_UART_MspInit                         0x08001905   Thumb Code   198  usart.o(i.HAL_UART_MspInit)
    HAL_UART_RxCpltCallback                  0x080019e1   Thumb Code     2  stm32f1xx_hal_uart.o(i.HAL_UART_RxCpltCallback)
    HAL_UART_TxCpltCallback                  0x080019e3   Thumb Code     2  stm32f1xx_hal_uart.o(i.HAL_UART_TxCpltCallback)
    HardFault_Handler                        0x080019e5   Thumb Code     2  stm32f1xx_it.o(i.HardFault_Handler)
    MX_DMA_Init                              0x080019e9   Thumb Code    56  dma.o(i.MX_DMA_Init)
    MX_FREERTOS_Init                         0x08001a25   Thumb Code    30  freertos.o(i.MX_FREERTOS_Init)
    MX_GPIO_Init                             0x08001a4d   Thumb Code   120  gpio.o(i.MX_GPIO_Init)
    MX_TIM2_Init                             0x08001acd   Thumb Code   148  tim.o(i.MX_TIM2_Init)
    MX_TIM4_Init                             0x08001b65   Thumb Code    98  tim.o(i.MX_TIM4_Init)
    MX_USART1_UART_Init                      0x08001bd1   Thumb Code    48  usart.o(i.MX_USART1_UART_Init)
    MemManage_Handler                        0x08001c09   Thumb Code     2  stm32f1xx_it.o(i.MemManage_Handler)
    Motor_Excu                               0x08001c0d   Thumb Code    54  motor_ctrl.o(i.Motor_Excu)
    Motor_Init                               0x08001c55   Thumb Code    30  motor_ctrl.o(i.Motor_Init)
    NMI_Handler                              0x08001c79   Thumb Code     2  stm32f1xx_it.o(i.NMI_Handler)
    PID_Init                                 0x08001c7b   Thumb Code    18  pid.o(i.PID_Init)
    PID_SPinit                               0x08001c8d   Thumb Code     4  pid.o(i.PID_SPinit)
    PID_compute                              0x08001c91   Thumb Code   164  pid.o(i.PID_compute)
    StartPID                                 0x08001d39   Thumb Code    26  freertos.o(i.StartPID)
    SysTick_Handler                          0x08001d59   Thumb Code    38  port.o(i.SysTick_Handler)
    SystemClock_Config                       0x08001d85   Thumb Code    94  main.o(i.SystemClock_Config)
    SystemInit                               0x08001de3   Thumb Code     2  system_stm32f1xx.o(i.SystemInit)
    TIM3_IRQHandler                          0x08001de5   Thumb Code     6  stm32f1xx_it.o(i.TIM3_IRQHandler)
    TIM_Base_SetConfig                       0x08001df1   Thumb Code   108  stm32f1xx_hal_tim.o(i.TIM_Base_SetConfig)
    TIM_CCxChannelCmd                        0x08001e69   Thumb Code    26  stm32f1xx_hal_tim.o(i.TIM_CCxChannelCmd)
    TIM_ETR_SetConfig                        0x08001e83   Thumb Code    20  stm32f1xx_hal_tim.o(i.TIM_ETR_SetConfig)
    TIM_OC2_SetConfig                        0x08001ef9   Thumb Code    84  stm32f1xx_hal_tim.o(i.TIM_OC2_SetConfig)
    USART1_IRQHandler                        0x0800220d   Thumb Code     6  stm32f1xx_it.o(i.USART1_IRQHandler)
    UsageFault_Handler                       0x08002219   Thumb Code     2  stm32f1xx_it.o(i.UsageFault_Handler)
    main                                     0x0800223b   Thumb Code    38  main.o(i.main)
    osKernelStart                            0x0800226d   Thumb Code    10  cmsis_os.o(i.osKernelStart)
    osThreadCreate                           0x08002277   Thumb Code    84  cmsis_os.o(i.osThreadCreate)
    pvPortMalloc                             0x080025a9   Thumb Code   216  heap_4.o(i.pvPortMalloc)
    pxPortInitialiseStack                    0x08002685   Thumb Code    32  port.o(i.pxPortInitialiseStack)
    uxListRemove                             0x080026a9   Thumb Code    38  list.o(i.uxListRemove)
    vApplicationGetIdleTaskMemory            0x080026d1   Thumb Code    16  freertos.o(i.vApplicationGetIdleTaskMemory)
    vListInitialise                          0x080026e5   Thumb Code    22  list.o(i.vListInitialise)
    vListInitialiseItem                      0x080026fb   Thumb Code     6  list.o(i.vListInitialiseItem)
    vListInsertEnd                           0x08002701   Thumb Code    24  list.o(i.vListInsertEnd)
    vPortEnterCritical                       0x08002719   Thumb Code    54  port.o(i.vPortEnterCritical)
    vPortExitCritical                        0x08002759   Thumb Code    34  port.o(i.vPortExitCritical)
    vPortFree                                0x08002781   Thumb Code    94  heap_4.o(i.vPortFree)
    vPortSetupTimerInterrupt                 0x080027e5   Thumb Code    32  port.o(i.vPortSetupTimerInterrupt)
    vTaskStartScheduler                      0x08002809   Thumb Code    90  tasks.o(i.vTaskStartScheduler)
    vTaskSuspendAll                          0x08002875   Thumb Code    10  tasks.o(i.vTaskSuspendAll)
    vTaskSwitchContext                       0x08002885   Thumb Code    82  tasks.o(i.vTaskSwitchContext)
    xPortStartScheduler                      0x080028e1   Thumb Code   154  port.o(i.xPortStartScheduler)
    xTaskCreate                              0x08002989   Thumb Code    90  tasks.o(i.xTaskCreate)
    xTaskCreateStatic                        0x080029e3   Thumb Code    86  tasks.o(i.xTaskCreateStatic)
    xTaskIncrementTick                       0x08002a39   Thumb Code   194  tasks.o(i.xTaskIncrementTick)
    xTaskResumeAll                           0x08002b05   Thumb Code   182  tasks.o(i.xTaskResumeAll)
    __aeabi_fadd                             0x08002bc9   Thumb Code     0  faddsub_clz.o(x$fpl$fadd)
    _fadd                                    0x08002bc9   Thumb Code   196  faddsub_clz.o(x$fpl$fadd)
    __fpl_fcheck_NaN1                        0x08002c8d   Thumb Code     6  fcheck1.o(x$fpl$fcheck1)
    __aeabi_fdiv                             0x08002c99   Thumb Code     0  fdiv.o(x$fpl$fdiv)
    _fdiv                                    0x08002c99   Thumb Code   384  fdiv.o(x$fpl$fdiv)
    __aeabi_f2uiz                            0x08002e1d   Thumb Code     0  ffixu.o(x$fpl$ffixu)
    _ffixu                                   0x08002e1d   Thumb Code    62  ffixu.o(x$fpl$ffixu)
    __aeabi_i2f                              0x08002e5d   Thumb Code     0  fflt_clz.o(x$fpl$fflt)
    _fflt                                    0x08002e5d   Thumb Code    48  fflt_clz.o(x$fpl$fflt)
    __aeabi_ul2f                             0x08002e8d   Thumb Code     0  ffltll_clz.o(x$fpl$ffltll)
    _ll_uto_f                                0x08002e8d   Thumb Code     6  ffltll_clz.o(x$fpl$ffltll)
    __aeabi_l2f                              0x08002e93   Thumb Code     0  ffltll_clz.o(x$fpl$ffltll)
    _ll_sto_f                                0x08002e93   Thumb Code    90  ffltll_clz.o(x$fpl$ffltll)
    __aeabi_ui2f                             0x08002eed   Thumb Code     0  fflt_clz.o(x$fpl$ffltu)
    _ffltu                                   0x08002eed   Thumb Code    38  fflt_clz.o(x$fpl$ffltu)
    __aeabi_fmul                             0x08002f15   Thumb Code     0  fmul.o(x$fpl$fmul)
    _fmul                                    0x08002f15   Thumb Code   258  fmul.o(x$fpl$fmul)
    __fpl_fnaninf                            0x08003017   Thumb Code   140  fnaninf.o(x$fpl$fnaninf)
    __fpl_fretinf                            0x080030a3   Thumb Code    10  fretinf.o(x$fpl$fretinf)
    __aeabi_frsub                            0x080030ad   Thumb Code     0  faddsub_clz.o(x$fpl$frsb)
    _frsb                                    0x080030ad   Thumb Code    20  faddsub_clz.o(x$fpl$frsb)
    __aeabi_fsub                             0x080030c1   Thumb Code     0  faddsub_clz.o(x$fpl$fsub)
    _fsub                                    0x080030c1   Thumb Code   234  faddsub_clz.o(x$fpl$fsub)
    __aeabi_f2ulz                            0x080031ad   Thumb Code     0  ffixull.o(x$fpl$llufromf)
    _ll_ufrom_f                              0x080031ad   Thumb Code    92  ffixull.o(x$fpl$llufromf)
    __fpl_return_NaN                         0x08003209   Thumb Code   100  retnan.o(x$fpl$retnan)
    __ARM_scalbnf                            0x0800326d   Thumb Code    76  scalbnf.o(x$fpl$scalbnf)
    __fpl_cmpreturn                          0x080032b9   Thumb Code    48  trapv.o(x$fpl$trapveneer)
    __I$use$fp                               0x080032e8   Number         0  usenofp.o(x$fpl$usenofp)
    AHBPrescTable                            0x08003316   Data          16  system_stm32f1xx.o(.constdata)
    APBPrescTable                            0x08003326   Data           8  system_stm32f1xx.o(.constdata)
    Region$$Table$$Base                      0x08003334   Number         0  anon$$obj.o(Region$$Table)
    Region$$Table$$Limit                     0x08003354   Number         0  anon$$obj.o(Region$$Table)
    PIDHandle                                0x20000004   Data           4  freertos.o(.data)
    uwTickFreq                               0x20000008   Data           1  stm32f1xx_hal.o(.data)
    uwTickPrio                               0x2000000c   Data           4  stm32f1xx_hal.o(.data)
    uwTick                                   0x20000010   Data           4  stm32f1xx_hal.o(.data)
    SystemCoreClock                          0x20000014   Data           4  system_stm32f1xx.o(.data)
    pxCurrentTCB                             0x20000018   Data           4  tasks.o(.data)
    htim2                                    0x200002f4   Data          72  tim.o(.bss)
    htim4                                    0x2000033c   Data          72  tim.o(.bss)
    huart1                                   0x20000384   Data          72  usart.o(.bss)
    hdma_usart1_rx                           0x200003cc   Data          68  usart.o(.bss)
    hdma_usart1_tx                           0x20000410   Data          68  usart.o(.bss)
    htim3                                    0x20000454   Data          72  stm32f1xx_hal_timebase_tim.o(.bss)
    __libspace_start                         0x2000118c   Data          96  libspace.o(.bss)
    __temporary_stack_top$libspace           0x200011ec   Data           0  libspace.o(.bss)



==============================================================================

Memory Map of the image

  Image Entry point : 0x080000ed

  Load Region LR_IROM1 (Base: 0x08000000, Size: 0x000033d4, Max: 0x00010000, ABSOLUTE)

    Execution Region ER_IROM1 (Exec base: 0x08000000, Load base: 0x08000000, Size: 0x00003354, Max: 0x00010000, ABSOLUTE)

    Exec Addr    Load Addr    Size         Type   Attr      Idx    E Section Name        Object

    0x08000000   0x08000000   0x000000ec   Data   RO            3    RESET               startup_stm32f103xb.o
    0x080000ec   0x080000ec   0x00000008   Code   RO         4363  * !!!main             c_w.l(__main.o)
    0x080000f4   0x080000f4   0x00000034   Code   RO         4563    !!!scatter          c_w.l(__scatter.o)
    0x08000128   0x08000128   0x0000001a   Code   RO         4565    !!handler_copy      c_w.l(__scatter_copy.o)
    0x08000142   0x08000142   0x00000002   PAD
    0x08000144   0x08000144   0x0000001c   Code   RO         4567    !!handler_zi        c_w.l(__scatter_zi.o)
    0x08000160   0x08000160   0x00000002   Code   RO         4431    .ARM.Collect$$libinit$$00000000  c_w.l(libinit.o)
    0x08000162   0x08000162   0x00000000   Code   RO         4440    .ARM.Collect$$libinit$$00000002  c_w.l(libinit2.o)
    0x08000162   0x08000162   0x00000000   Code   RO         4442    .ARM.Collect$$libinit$$00000004  c_w.l(libinit2.o)
    0x08000162   0x08000162   0x00000000   Code   RO         4445    .ARM.Collect$$libinit$$0000000A  c_w.l(libinit2.o)
    0x08000162   0x08000162   0x00000000   Code   RO         4447    .ARM.Collect$$libinit$$0000000C  c_w.l(libinit2.o)
    0x08000162   0x08000162   0x00000000   Code   RO         4449    .ARM.Collect$$libinit$$0000000E  c_w.l(libinit2.o)
    0x08000162   0x08000162   0x00000000   Code   RO         4452    .ARM.Collect$$libinit$$00000011  c_w.l(libinit2.o)
    0x08000162   0x08000162   0x00000000   Code   RO         4454    .ARM.Collect$$libinit$$00000013  c_w.l(libinit2.o)
    0x08000162   0x08000162   0x00000000   Code   RO         4456    .ARM.Collect$$libinit$$00000015  c_w.l(libinit2.o)
    0x08000162   0x08000162   0x00000000   Code   RO         4458    .ARM.Collect$$libinit$$00000017  c_w.l(libinit2.o)
    0x08000162   0x08000162   0x00000000   Code   RO         4460    .ARM.Collect$$libinit$$00000019  c_w.l(libinit2.o)
    0x08000162   0x08000162   0x00000000   Code   RO         4462    .ARM.Collect$$libinit$$0000001B  c_w.l(libinit2.o)
    0x08000162   0x08000162   0x00000000   Code   RO         4464    .ARM.Collect$$libinit$$0000001D  c_w.l(libinit2.o)
    0x08000162   0x08000162   0x00000000   Code   RO         4466    .ARM.Collect$$libinit$$0000001F  c_w.l(libinit2.o)
    0x08000162   0x08000162   0x00000000   Code   RO         4468    .ARM.Collect$$libinit$$00000021  c_w.l(libinit2.o)
    0x08000162   0x08000162   0x00000000   Code   RO         4470    .ARM.Collect$$libinit$$00000023  c_w.l(libinit2.o)
    0x08000162   0x08000162   0x00000000   Code   RO         4472    .ARM.Collect$$libinit$$00000025  c_w.l(libinit2.o)
    0x08000162   0x08000162   0x00000000   Code   RO         4476    .ARM.Collect$$libinit$$0000002C  c_w.l(libinit2.o)
    0x08000162   0x08000162   0x00000000   Code   RO         4478    .ARM.Collect$$libinit$$0000002E  c_w.l(libinit2.o)
    0x08000162   0x08000162   0x00000000   Code   RO         4480    .ARM.Collect$$libinit$$00000030  c_w.l(libinit2.o)
    0x08000162   0x08000162   0x00000000   Code   RO         4482    .ARM.Collect$$libinit$$00000032  c_w.l(libinit2.o)
    0x08000162   0x08000162   0x00000002   Code   RO         4483    .ARM.Collect$$libinit$$00000033  c_w.l(libinit2.o)
    0x08000164   0x08000164   0x00000002   Code   RO         4503    .ARM.Collect$$libshutdown$$00000000  c_w.l(libshutdown.o)
    0x08000166   0x08000166   0x00000000   Code   RO         4516    .ARM.Collect$$libshutdown$$00000002  c_w.l(libshutdown2.o)
    0x08000166   0x08000166   0x00000000   Code   RO         4518    .ARM.Collect$$libshutdown$$00000004  c_w.l(libshutdown2.o)
    0x08000166   0x08000166   0x00000000   Code   RO         4521    .ARM.Collect$$libshutdown$$00000007  c_w.l(libshutdown2.o)
    0x08000166   0x08000166   0x00000000   Code   RO         4524    .ARM.Collect$$libshutdown$$0000000A  c_w.l(libshutdown2.o)
    0x08000166   0x08000166   0x00000000   Code   RO         4526    .ARM.Collect$$libshutdown$$0000000C  c_w.l(libshutdown2.o)
    0x08000166   0x08000166   0x00000000   Code   RO         4529    .ARM.Collect$$libshutdown$$0000000F  c_w.l(libshutdown2.o)
    0x08000166   0x08000166   0x00000002   Code   RO         4530    .ARM.Collect$$libshutdown$$00000010  c_w.l(libshutdown2.o)
    0x08000168   0x08000168   0x00000000   Code   RO         4395    .ARM.Collect$$rtentry$$00000000  c_w.l(__rtentry.o)
    0x08000168   0x08000168   0x00000000   Code   RO         4406    .ARM.Collect$$rtentry$$00000002  c_w.l(__rtentry2.o)
    0x08000168   0x08000168   0x00000006   Code   RO         4418    .ARM.Collect$$rtentry$$00000004  c_w.l(__rtentry4.o)
    0x0800016e   0x0800016e   0x00000000   Code   RO         4408    .ARM.Collect$$rtentry$$00000009  c_w.l(__rtentry2.o)
    0x0800016e   0x0800016e   0x00000004   Code   RO         4409    .ARM.Collect$$rtentry$$0000000A  c_w.l(__rtentry2.o)
    0x08000172   0x08000172   0x00000000   Code   RO         4411    .ARM.Collect$$rtentry$$0000000C  c_w.l(__rtentry2.o)
    0x08000172   0x08000172   0x00000008   Code   RO         4412    .ARM.Collect$$rtentry$$0000000D  c_w.l(__rtentry2.o)
    0x0800017a   0x0800017a   0x00000002   Code   RO         4437    .ARM.Collect$$rtexit$$00000000  c_w.l(rtexit.o)
    0x0800017c   0x0800017c   0x00000000   Code   RO         4485    .ARM.Collect$$rtexit$$00000002  c_w.l(rtexit2.o)
    0x0800017c   0x0800017c   0x00000004   Code   RO         4486    .ARM.Collect$$rtexit$$00000003  c_w.l(rtexit2.o)
    0x08000180   0x08000180   0x00000006   Code   RO         4487    .ARM.Collect$$rtexit$$00000004  c_w.l(rtexit2.o)
    0x08000186   0x08000186   0x00000002   PAD
    0x08000188   0x08000188   0x00000096   Code   RO         4272    .emb_text           port.o
    0x0800021e   0x0800021e   0x00000002   PAD
    0x08000220   0x08000220   0x00000040   Code   RO            4    .text               startup_stm32f103xb.o
    0x08000260   0x08000260   0x00000064   Code   RO         4355    .text               c_w.l(rt_memcpy_w.o)
    0x080002c4   0x080002c4   0x0000004e   Code   RO         4359    .text               c_w.l(rt_memclr_w.o)
    0x08000312   0x08000312   0x00000006   Code   RO         4361    .text               c_w.l(heapauxi.o)
    0x08000318   0x08000318   0x0000004a   Code   RO         4422    .text               c_w.l(sys_stackheap_outer.o)
    0x08000362   0x08000362   0x00000012   Code   RO         4424    .text               c_w.l(exit.o)
    0x08000374   0x08000374   0x00000008   Code   RO         4434    .text               c_w.l(libspace.o)
    0x0800037c   0x0800037c   0x0000000c   Code   RO         4495    .text               c_w.l(sys_exit.o)
    0x08000388   0x08000388   0x00000002   Code   RO         4506    .text               c_w.l(use_no_semi.o)
    0x0800038a   0x0800038a   0x00000000   Code   RO         4508    .text               c_w.l(indicate_semi.o)
    0x0800038a   0x0800038a   0x00000002   Code   RO          523    i.BusFault_Handler  stm32f1xx_it.o
    0x0800038c   0x0800038c   0x0000000c   Code   RO          524    i.DMA1_Channel4_IRQHandler  stm32f1xx_it.o
    0x08000398   0x08000398   0x0000000c   Code   RO          525    i.DMA1_Channel5_IRQHandler  stm32f1xx_it.o
    0x080003a4   0x080003a4   0x00000002   Code   RO          526    i.DebugMon_Handler  stm32f1xx_it.o
    0x080003a6   0x080003a6   0x00000002   PAD
    0x080003a8   0x080003a8   0x0000000c   Code   RO          183    i.Encoder_Init      app_encoder.o
    0x080003b4   0x080003b4   0x00000004   Code   RO          213    i.Error_Handler     main.o
    0x080003b8   0x080003b8   0x00000040   Code   RO          184    i.GetEncoder        app_encoder.o
    0x080003f8   0x080003f8   0x00000046   Code   RO         2058    i.HAL_DMA_Abort     stm32f1xx_hal_dma.o
    0x0800043e   0x0800043e   0x00000002   PAD
    0x08000440   0x08000440   0x00000098   Code   RO         2059    i.HAL_DMA_Abort_IT  stm32f1xx_hal_dma.o
    0x080004d8   0x080004d8   0x00000154   Code   RO         2063    i.HAL_DMA_IRQHandler  stm32f1xx_hal_dma.o
    0x0800062c   0x0800062c   0x0000005c   Code   RO         2064    i.HAL_DMA_Init      stm32f1xx_hal_dma.o
    0x08000688   0x08000688   0x000001e0   Code   RO         1994    i.HAL_GPIO_Init     stm32f1xx_hal_gpio.o
    0x08000868   0x08000868   0x0000000a   Code   RO         1998    i.HAL_GPIO_WritePin  stm32f1xx_hal_gpio.o
    0x08000872   0x08000872   0x00000002   PAD
    0x08000874   0x08000874   0x0000000c   Code   RO         1688    i.HAL_GetTick       stm32f1xx_hal.o
    0x08000880   0x08000880   0x00000010   Code   RO         1694    i.HAL_IncTick       stm32f1xx_hal.o
    0x08000890   0x08000890   0x00000024   Code   RO         1695    i.HAL_Init          stm32f1xx_hal.o
    0x080008b4   0x080008b4   0x00000098   Code   RO          629    i.HAL_InitTick      stm32f1xx_hal_timebase_tim.o
    0x0800094c   0x0800094c   0x00000048   Code   RO          605    i.HAL_MspInit       stm32f1xx_hal_msp.o
    0x08000994   0x08000994   0x0000001a   Code   RO         2154    i.HAL_NVIC_EnableIRQ  stm32f1xx_hal_cortex.o
    0x080009ae   0x080009ae   0x00000002   PAD
    0x080009b0   0x080009b0   0x00000040   Code   RO         2160    i.HAL_NVIC_SetPriority  stm32f1xx_hal_cortex.o
    0x080009f0   0x080009f0   0x00000024   Code   RO         2161    i.HAL_NVIC_SetPriorityGrouping  stm32f1xx_hal_cortex.o
    0x08000a14   0x08000a14   0x0000012c   Code   RO         1852    i.HAL_RCC_ClockConfig  stm32f1xx_hal_rcc.o
    0x08000b40   0x08000b40   0x00000040   Code   RO         1856    i.HAL_RCC_GetClockConfig  stm32f1xx_hal_rcc.o
    0x08000b80   0x08000b80   0x00000020   Code   RO         1859    i.HAL_RCC_GetPCLK1Freq  stm32f1xx_hal_rcc.o
    0x08000ba0   0x08000ba0   0x00000020   Code   RO         1860    i.HAL_RCC_GetPCLK2Freq  stm32f1xx_hal_rcc.o
    0x08000bc0   0x08000bc0   0x0000004c   Code   RO         1861    i.HAL_RCC_GetSysClockFreq  stm32f1xx_hal_rcc.o
    0x08000c0c   0x08000c0c   0x00000320   Code   RO         1864    i.HAL_RCC_OscConfig  stm32f1xx_hal_rcc.o
    0x08000f2c   0x08000f2c   0x00000002   Code   RO         1410    i.HAL_TIMEx_BreakCallback  stm32f1xx_hal_tim_ex.o
    0x08000f2e   0x08000f2e   0x00000002   Code   RO         1411    i.HAL_TIMEx_CommutCallback  stm32f1xx_hal_tim_ex.o
    0x08000f30   0x08000f30   0x00000068   Code   RO         1429    i.HAL_TIMEx_MasterConfigSynchronization  stm32f1xx_hal_tim_ex.o
    0x08000f98   0x08000f98   0x0000005a   Code   RO          706    i.HAL_TIM_Base_Init  stm32f1xx_hal_tim.o
    0x08000ff2   0x08000ff2   0x00000002   PAD
    0x08000ff4   0x08000ff4   0x00000024   Code   RO          416    i.HAL_TIM_Base_MspInit  tim.o
    0x08001018   0x08001018   0x00000058   Code   RO          711    i.HAL_TIM_Base_Start_IT  stm32f1xx_hal_tim.o
    0x08001070   0x08001070   0x000000dc   Code   RO          715    i.HAL_TIM_ConfigClockSource  stm32f1xx_hal_tim.o
    0x0800114c   0x0800114c   0x000000a4   Code   RO          727    i.HAL_TIM_Encoder_Init  stm32f1xx_hal_tim.o
    0x080011f0   0x080011f0   0x00000058   Code   RO          418    i.HAL_TIM_Encoder_MspInit  tim.o
    0x08001248   0x08001248   0x0000008e   Code   RO          730    i.HAL_TIM_Encoder_Start  stm32f1xx_hal_tim.o
    0x080012d6   0x080012d6   0x00000002   Code   RO          740    i.HAL_TIM_IC_CaptureCallback  stm32f1xx_hal_tim.o
    0x080012d8   0x080012d8   0x00000130   Code   RO          754    i.HAL_TIM_IRQHandler  stm32f1xx_hal_tim.o
    0x08001408   0x08001408   0x00000048   Code   RO          419    i.HAL_TIM_MspPostInit  tim.o
    0x08001450   0x08001450   0x00000002   Code   RO          757    i.HAL_TIM_OC_DelayElapsedCallback  stm32f1xx_hal_tim.o
    0x08001452   0x08001452   0x000000cc   Code   RO          778    i.HAL_TIM_PWM_ConfigChannel  stm32f1xx_hal_tim.o
    0x0800151e   0x0800151e   0x0000005a   Code   RO          781    i.HAL_TIM_PWM_Init  stm32f1xx_hal_tim.o
    0x08001578   0x08001578   0x00000002   Code   RO          783    i.HAL_TIM_PWM_MspInit  stm32f1xx_hal_tim.o
    0x0800157a   0x0800157a   0x00000002   Code   RO          784    i.HAL_TIM_PWM_PulseFinishedCallback  stm32f1xx_hal_tim.o
    0x0800157c   0x0800157c   0x0000009c   Code   RO          786    i.HAL_TIM_PWM_Start  stm32f1xx_hal_tim.o
    0x08001618   0x08001618   0x00000014   Code   RO          214    i.HAL_TIM_PeriodElapsedCallback  main.o
    0x0800162c   0x0800162c   0x00000002   Code   RO          797    i.HAL_TIM_TriggerCallback  stm32f1xx_hal_tim.o
    0x0800162e   0x0800162e   0x00000002   Code   RO         2666    i.HAL_UARTEx_RxEventCallback  stm32f1xx_hal_uart.o
    0x08001630   0x08001630   0x00000002   Code   RO         2680    i.HAL_UART_ErrorCallback  stm32f1xx_hal_uart.o
    0x08001632   0x08001632   0x00000002   PAD
    0x08001634   0x08001634   0x0000026c   Code   RO         2683    i.HAL_UART_IRQHandler  stm32f1xx_hal_uart.o
    0x080018a0   0x080018a0   0x00000064   Code   RO         2684    i.HAL_UART_Init     stm32f1xx_hal_uart.o
    0x08001904   0x08001904   0x000000dc   Code   RO          482    i.HAL_UART_MspInit  usart.o
    0x080019e0   0x080019e0   0x00000002   Code   RO         2690    i.HAL_UART_RxCpltCallback  stm32f1xx_hal_uart.o
    0x080019e2   0x080019e2   0x00000002   Code   RO         2695    i.HAL_UART_TxCpltCallback  stm32f1xx_hal_uart.o
    0x080019e4   0x080019e4   0x00000002   Code   RO          527    i.HardFault_Handler  stm32f1xx_it.o
    0x080019e6   0x080019e6   0x00000002   PAD
    0x080019e8   0x080019e8   0x0000003c   Code   RO          391    i.MX_DMA_Init       dma.o
    0x08001a24   0x08001a24   0x00000028   Code   RO          341    i.MX_FREERTOS_Init  freertos.o
    0x08001a4c   0x08001a4c   0x00000080   Code   RO          317    i.MX_GPIO_Init      gpio.o
    0x08001acc   0x08001acc   0x00000098   Code   RO          420    i.MX_TIM2_Init      tim.o
    0x08001b64   0x08001b64   0x0000006c   Code   RO          421    i.MX_TIM4_Init      tim.o
    0x08001bd0   0x08001bd0   0x00000038   Code   RO          483    i.MX_USART1_UART_Init  usart.o
    0x08001c08   0x08001c08   0x00000002   Code   RO          528    i.MemManage_Handler  stm32f1xx_it.o
    0x08001c0a   0x08001c0a   0x00000002   PAD
    0x08001c0c   0x08001c0c   0x00000048   Code   RO          140    i.Motor_Excu        motor_ctrl.o
    0x08001c54   0x08001c54   0x00000024   Code   RO          141    i.Motor_Init        motor_ctrl.o
    0x08001c78   0x08001c78   0x00000002   Code   RO          529    i.NMI_Handler       stm32f1xx_it.o
    0x08001c7a   0x08001c7a   0x00000012   Code   RO           13    i.PID_Init          pid.o
    0x08001c8c   0x08001c8c   0x00000004   Code   RO           14    i.PID_SPinit        pid.o
    0x08001c90   0x08001c90   0x000000a8   Code   RO           15    i.PID_compute       pid.o
    0x08001d38   0x08001d38   0x00000020   Code   RO          342    i.StartPID          freertos.o
    0x08001d58   0x08001d58   0x0000002c   Code   RO         4273    i.SysTick_Handler   port.o
    0x08001d84   0x08001d84   0x0000005e   Code   RO          215    i.SystemClock_Config  main.o
    0x08001de2   0x08001de2   0x00000002   Code   RO         3018    i.SystemInit        system_stm32f1xx.o
    0x08001de4   0x08001de4   0x0000000c   Code   RO          530    i.TIM3_IRQHandler   stm32f1xx_it.o
    0x08001df0   0x08001df0   0x00000078   Code   RO          799    i.TIM_Base_SetConfig  stm32f1xx_hal_tim.o
    0x08001e68   0x08001e68   0x0000001a   Code   RO          800    i.TIM_CCxChannelCmd  stm32f1xx_hal_tim.o
    0x08001e82   0x08001e82   0x00000014   Code   RO          810    i.TIM_ETR_SetConfig  stm32f1xx_hal_tim.o
    0x08001e96   0x08001e96   0x00000010   Code   RO          811    i.TIM_ITRx_SetConfig  stm32f1xx_hal_tim.o
    0x08001ea6   0x08001ea6   0x00000002   PAD
    0x08001ea8   0x08001ea8   0x00000050   Code   RO          812    i.TIM_OC1_SetConfig  stm32f1xx_hal_tim.o
    0x08001ef8   0x08001ef8   0x00000058   Code   RO          813    i.TIM_OC2_SetConfig  stm32f1xx_hal_tim.o
    0x08001f50   0x08001f50   0x00000058   Code   RO          814    i.TIM_OC3_SetConfig  stm32f1xx_hal_tim.o
    0x08001fa8   0x08001fa8   0x00000044   Code   RO          815    i.TIM_OC4_SetConfig  stm32f1xx_hal_tim.o
    0x08001fec   0x08001fec   0x00000022   Code   RO          817    i.TIM_TI1_ConfigInputStage  stm32f1xx_hal_tim.o
    0x0800200e   0x0800200e   0x00000024   Code   RO          819    i.TIM_TI2_ConfigInputStage  stm32f1xx_hal_tim.o
    0x08002032   0x08002032   0x00000010   Code   RO         2697    i.UART_DMAAbortOnError  stm32f1xx_hal_uart.o
    0x08002042   0x08002042   0x0000004e   Code   RO         2707    i.UART_EndRxTransfer  stm32f1xx_hal_uart.o
    0x08002090   0x08002090   0x000000c2   Code   RO         2709    i.UART_Receive_IT   stm32f1xx_hal_uart.o
    0x08002152   0x08002152   0x00000002   PAD
    0x08002154   0x08002154   0x000000b8   Code   RO         2710    i.UART_SetConfig    stm32f1xx_hal_uart.o
    0x0800220c   0x0800220c   0x0000000c   Code   RO          531    i.USART1_IRQHandler  stm32f1xx_it.o
    0x08002218   0x08002218   0x00000002   Code   RO          532    i.UsageFault_Handler  stm32f1xx_it.o
    0x0800221a   0x0800221a   0x00000020   Code   RO         2167    i.__NVIC_SetPriority  stm32f1xx_hal_cortex.o
    0x0800223a   0x0800223a   0x00000026   Code   RO          216    i.main              main.o
    0x08002260   0x08002260   0x0000000c   Code   RO         3838    i.makeFreeRtosPriority  cmsis_os.o
    0x0800226c   0x0800226c   0x0000000a   Code   RO         3843    i.osKernelStart     cmsis_os.o
    0x08002276   0x08002276   0x00000054   Code   RO         3877    i.osThreadCreate    cmsis_os.o
    0x080022ca   0x080022ca   0x00000002   PAD
    0x080022cc   0x080022cc   0x000000d0   Code   RO         3521    i.prvAddNewTaskToReadyList  tasks.o
    0x0800239c   0x0800239c   0x00000034   Code   RO         3522    i.prvDeleteTCB      tasks.o
    0x080023d0   0x080023d0   0x0000004c   Code   RO         4205    i.prvHeapInit       heap_4.o
    0x0800241c   0x0800241c   0x00000060   Code   RO         3523    i.prvIdleTask       tasks.o
    0x0800247c   0x0800247c   0x00000098   Code   RO         3524    i.prvInitialiseNewTask  tasks.o
    0x08002514   0x08002514   0x0000004c   Code   RO         4206    i.prvInsertBlockIntoFreeList  heap_4.o
    0x08002560   0x08002560   0x00000020   Code   RO         3525    i.prvResetNextTaskUnblockTime  tasks.o
    0x08002580   0x08002580   0x00000028   Code   RO         4274    i.prvTaskExitError  port.o
    0x080025a8   0x080025a8   0x000000dc   Code   RO         4207    i.pvPortMalloc      heap_4.o
    0x08002684   0x08002684   0x00000024   Code   RO         4275    i.pxPortInitialiseStack  port.o
    0x080026a8   0x080026a8   0x00000026   Code   RO         3156    i.uxListRemove      list.o
    0x080026ce   0x080026ce   0x00000002   PAD
    0x080026d0   0x080026d0   0x00000014   Code   RO          343    i.vApplicationGetIdleTaskMemory  freertos.o
    0x080026e4   0x080026e4   0x00000016   Code   RO         3157    i.vListInitialise   list.o
    0x080026fa   0x080026fa   0x00000006   Code   RO         3158    i.vListInitialiseItem  list.o
    0x08002700   0x08002700   0x00000018   Code   RO         3160    i.vListInsertEnd    list.o
    0x08002718   0x08002718   0x00000040   Code   RO         4277    i.vPortEnterCritical  port.o
    0x08002758   0x08002758   0x00000028   Code   RO         4278    i.vPortExitCritical  port.o
    0x08002780   0x08002780   0x00000064   Code   RO         4208    i.vPortFree         heap_4.o
    0x080027e4   0x080027e4   0x00000024   Code   RO         4279    i.vPortSetupTimerInterrupt  port.o
    0x08002808   0x08002808   0x0000006c   Code   RO         3547    i.vTaskStartScheduler  tasks.o
    0x08002874   0x08002874   0x00000010   Code   RO         3549    i.vTaskSuspendAll   tasks.o
    0x08002884   0x08002884   0x0000005c   Code   RO         3550    i.vTaskSwitchContext  tasks.o
    0x080028e0   0x080028e0   0x000000a8   Code   RO         4281    i.xPortStartScheduler  port.o
    0x08002988   0x08002988   0x0000005a   Code   RO         3553    i.xTaskCreate       tasks.o
    0x080029e2   0x080029e2   0x00000056   Code   RO         3554    i.xTaskCreateStatic  tasks.o
    0x08002a38   0x08002a38   0x000000cc   Code   RO         3561    i.xTaskIncrementTick  tasks.o
    0x08002b04   0x08002b04   0x000000c4   Code   RO         3567    i.xTaskResumeAll    tasks.o
    0x08002bc8   0x08002bc8   0x000000c4   Code   RO         4365    x$fpl$fadd          fz_ws.l(faddsub_clz.o)
    0x08002c8c   0x08002c8c   0x0000000c   Code   RO         4398    x$fpl$fcheck1       fz_ws.l(fcheck1.o)
    0x08002c98   0x08002c98   0x00000184   Code   RO         4372    x$fpl$fdiv          fz_ws.l(fdiv.o)
    0x08002e1c   0x08002e1c   0x0000003e   Code   RO         4375    x$fpl$ffixu         fz_ws.l(ffixu.o)
    0x08002e5a   0x08002e5a   0x00000002   PAD
    0x08002e5c   0x08002e5c   0x00000030   Code   RO         4384    x$fpl$fflt          fz_ws.l(fflt_clz.o)
    0x08002e8c   0x08002e8c   0x00000060   Code   RO         4389    x$fpl$ffltll        fz_ws.l(ffltll_clz.o)
    0x08002eec   0x08002eec   0x00000026   Code   RO         4383    x$fpl$ffltu         fz_ws.l(fflt_clz.o)
    0x08002f12   0x08002f12   0x00000002   PAD
    0x08002f14   0x08002f14   0x00000102   Code   RO         4391    x$fpl$fmul          fz_ws.l(fmul.o)
    0x08003016   0x08003016   0x0000008c   Code   RO         4400    x$fpl$fnaninf       fz_ws.l(fnaninf.o)
    0x080030a2   0x080030a2   0x0000000a   Code   RO         4402    x$fpl$fretinf       fz_ws.l(fretinf.o)
    0x080030ac   0x080030ac   0x00000014   Code   RO         4366    x$fpl$frsb          fz_ws.l(faddsub_clz.o)
    0x080030c0   0x080030c0   0x000000ea   Code   RO         4367    x$fpl$fsub          fz_ws.l(faddsub_clz.o)
    0x080031aa   0x080031aa   0x00000002   PAD
    0x080031ac   0x080031ac   0x0000005c   Code   RO         4379    x$fpl$llufromf      fz_ws.l(ffixull.o)
    0x08003208   0x08003208   0x00000064   Code   RO         4420    x$fpl$retnan        fz_ws.l(retnan.o)
    0x0800326c   0x0800326c   0x0000004c   Code   RO         4393    x$fpl$scalbnf       fz_ws.l(scalbnf.o)
    0x080032b8   0x080032b8   0x00000030   Code   RO         4432    x$fpl$trapveneer    fz_ws.l(trapv.o)
    0x080032e8   0x080032e8   0x00000000   Code   RO         4404    x$fpl$usenofp       fz_ws.l(usenofp.o)
    0x080032e8   0x080032e8   0x0000001c   Data   RO          345    .constdata          freertos.o
    0x08003304   0x08003304   0x00000012   Data   RO         1865    .constdata          stm32f1xx_hal_rcc.o
    0x08003316   0x08003316   0x00000010   Data   RO         3019    .constdata          system_stm32f1xx.o
    0x08003326   0x08003326   0x00000008   Data   RO         3020    .constdata          system_stm32f1xx.o
    0x0800332e   0x0800332e   0x00000002   PAD
    0x08003330   0x08003330   0x00000004   Data   RO          346    .conststring        freertos.o
    0x08003334   0x08003334   0x00000020   Data   RO         4561    Region$$Table       anon$$obj.o


    Execution Region RW_IRAM1 (Exec base: 0x20000000, Load base: 0x08003354, Size: 0x000017f0, Max: 0x00005000, ABSOLUTE)

    Exec Addr    Load Addr    Size         Type   Attr      Idx    E Section Name        Object

    0x20000000   0x08003354   0x00000004   Data   RW          143    .data               motor_ctrl.o
    0x20000004   0x08003358   0x00000004   Data   RW          347    .data               freertos.o
    0x20000008   0x0800335c   0x0000000c   Data   RW         1702    .data               stm32f1xx_hal.o
    0x20000014   0x08003368   0x00000004   Data   RW         3021    .data               system_stm32f1xx.o
    0x20000018   0x0800336c   0x0000003c   Data   RW         3570    .data               tasks.o
    0x20000054   0x080033a8   0x00000020   Data   RW         4214    .data               heap_4.o
    0x20000074   0x080033c8   0x0000000c   Data   RW         4282    .data               port.o
    0x20000080        -       0x00000020   Zero   RW          142    .bss                motor_ctrl.o
    0x200000a0        -       0x00000254   Zero   RW          344    .bss                freertos.o
    0x200002f4        -       0x00000090   Zero   RW          422    .bss                tim.o
    0x20000384        -       0x000000d0   Zero   RW          484    .bss                usart.o
    0x20000454        -       0x00000048   Zero   RW          632    .bss                stm32f1xx_hal_timebase_tim.o
    0x2000049c        -       0x000000f0   Zero   RW         3569    .bss                tasks.o
    0x2000058c        -       0x00000c00   Zero   RW         4213    .bss                heap_4.o
    0x2000118c        -       0x00000060   Zero   RW         4435    .bss                c_w.l(libspace.o)
    0x200011ec   0x080033d4   0x00000004   PAD
    0x200011f0        -       0x00000200   Zero   RW            2    HEAP                startup_stm32f103xb.o
    0x200013f0        -       0x00000400   Zero   RW            1    STACK               startup_stm32f103xb.o


==============================================================================

Image component sizes


      Code (inc. data)   RO Data    RW Data    ZI Data      Debug   Object Name

        76         14          0          0          0        960   app_encoder.o
       106          0          0          0          0      22435   cmsis_os.o
        60          4          0          0          0        718   dma.o
         0          0          0          0          0      16876   event_groups.o
        92         20         32          4        596       2290   freertos.o
       128          8          0          0          0        907   gpio.o
       472         24          0         32       3072       7171   heap_4.o
        90          0          0          0          0       2596   list.o
       156          6          0          0          0      33944   main.o
       108         24          0          4         32       1202   motor_ctrl.o
       190          4          0          0          0     428210   pid.o
       578         60          0         12          0       9992   port.o
        64         26        236          0       1536        788   startup_stm32f103xb.o
        64         14          0         12          0       4502   stm32f1xx_hal.o
       158         14          0          0          0      28078   stm32f1xx_hal_cortex.o
       654         36          0          0          0       3271   stm32f1xx_hal_dma.o
       490         34          0          0          0       2820   stm32f1xx_hal_gpio.o
        72         10          0          0          0        826   stm32f1xx_hal_msp.o
      1304         94         18          0          0       5573   stm32f1xx_hal_rcc.o
      2044         56          0          0          0      17437   stm32f1xx_hal_tim.o
       108         12          0          0          0       2309   stm32f1xx_hal_tim_ex.o
       152         20          0          0         72       1407   stm32f1xx_hal_timebase_tim.o
      1200         10          0          0          0       7728   stm32f1xx_hal_uart.o
        60         24          0          0          0       4125   stm32f1xx_it.o
         0          0          0          0          0        404   stream_buffer.o
         2          0         24          4          0       1047   system_stm32f1xx.o
      1332         92          0         60        240      17113   tasks.o
       456         42          0          0        144       3403   tim.o
       276         30          0          0        208       1784   usart.o

    ----------------------------------------------------------------------
     10518        678        344        128       5900     629916   Object Totals
         0          0         32          0          0          0   (incl. Generated)
        26          0          2          0          0          0   (incl. Padding)

    ----------------------------------------------------------------------

      Code (inc. data)   RO Data    RW Data    ZI Data      Debug   Library Member Name

         8          0          0          0          0         68   __main.o
         0          0          0          0          0          0   __rtentry.o
        12          0          0          0          0          0   __rtentry2.o
         6          0          0          0          0          0   __rtentry4.o
        52          8          0          0          0          0   __scatter.o
        26          0          0          0          0          0   __scatter_copy.o
        28          0          0          0          0          0   __scatter_zi.o
        18          0          0          0          0         80   exit.o
         6          0          0          0          0        152   heapauxi.o
         0          0          0          0          0          0   indicate_semi.o
         2          0          0          0          0          0   libinit.o
         2          0          0          0          0          0   libinit2.o
         2          0          0          0          0          0   libshutdown.o
         2          0          0          0          0          0   libshutdown2.o
         8          4          0          0         96         68   libspace.o
        78          0          0          0          0         80   rt_memclr_w.o
       100          0          0          0          0         80   rt_memcpy_w.o
         2          0          0          0          0          0   rtexit.o
        10          0          0          0          0          0   rtexit2.o
        12          4          0          0          0         68   sys_exit.o
        74          0          0          0          0         80   sys_stackheap_outer.o
         2          0          0          0          0         68   use_no_semi.o
       450          8          0          0          0        236   faddsub_clz.o
        12          4          0          0          0         68   fcheck1.o
       388         76          0          0          0         96   fdiv.o
        62          4          0          0          0         84   ffixu.o
        92          4          0          0          0         84   ffixull.o
        86          0          0          0          0        136   fflt_clz.o
        96          0          0          0          0         84   ffltll_clz.o
       258          4          0          0          0         84   fmul.o
       140          4          0          0          0         84   fnaninf.o
        10          0          0          0          0         68   fretinf.o
       100          0          0          0          0         68   retnan.o
        76          0          0          0          0         68   scalbnf.o
        48          0          0          0          0         68   trapv.o
         0          0          0          0          0          0   usenofp.o

    ----------------------------------------------------------------------
      2278        120          0          0        100       1972   Library Totals
        10          0          0          0          4          0   (incl. Padding)

    ----------------------------------------------------------------------

      Code (inc. data)   RO Data    RW Data    ZI Data      Debug   Library Name

       450         16          0          0         96        744   c_w.l
      1818        104          0          0          0       1228   fz_ws.l

    ----------------------------------------------------------------------
      2278        120          0          0        100       1972   Library Totals

    ----------------------------------------------------------------------

==============================================================================


      Code (inc. data)   RO Data    RW Data    ZI Data      Debug   

     12796        798        344        128       6000     624656   Grand Totals
     12796        798        344        128       6000     624656   ELF Image Totals
     12796        798        344        128          0          0   ROM Totals

==============================================================================

    Total RO  Size (Code + RO Data)                13140 (  12.83kB)
    Total RW  Size (RW Data + ZI Data)              6128 (   5.98kB)
    Total ROM Size (Code + RO Data + RW Data)      13268 (  12.96kB)

==============================================================================

