<html>
<body>
<pre>
<h1>�Vision Build Log</h1>
<h2>Tool Versions:</h2>
IDE-Version: ��Vision V5.43.1.0
Copyright (C) 2025 ARM Ltd and ARM Germany GmbH. All rights reserved.
License Information: l w, UESTC, LIC=----
 
Tool Versions:
Toolchain:       MDK-Lite  Version: 5.43.0.0
Toolchain Path:  D:\1Robot\keilv_5\ARM\ARMCC\Bin
C Compiler:      Armcc.exe V5.06 update 6 (build 750)
Assembler:       Armasm.exe V5.06 update 6 (build 750)
Linker/Locator:  ArmLink.exe V5.06 update 6 (build 750)
Library Manager: ArmAr.exe V5.06 update 6 (build 750)
Hex Converter:   FromElf.exe V5.06 update 6 (build 750)
CPU DLL:         SARMCM3.DLL V5.43.0.0
Dialog DLL:      DCM.DLL V1.17.5.0
Target DLL:      STLink\ST-LINKIII-KEIL_SWO.dll V3.3.1.0
Dialog DLL:      TCM.DLL V1.56.6.0
 
<h2>Project:</h2>
D:\1Robot\stm32_projects\PID\MDK-ARM\PID.uvprojx
Project File Date:  11/28/2025

<h2>Output:</h2>
*** Using Compiler 'V5.06 update 6 (build 750)', folder: 'D:\1Robot\keilv_5\ARM\ARMCC\Bin'
Build target 'PID'
compiling motor_ctrl.c...
../Core/Inc/motor_ctrl.h(7): warning:  #1295-D: Deprecated declaration Motor_Excu - give arg types
  void Motor_Excu();// 执行函数
../Core/Inc/app_encoder.h(6): warning:  #1295-D: Deprecated declaration Encoder_Init - give arg types
  void Encoder_Init(); // 编码器初始化
..\Core\Src\motor_ctrl.c: 2 warnings, 0 errors
compiling freertos.c...
../Core/Inc/motor_ctrl.h(7): warning:  #1295-D: Deprecated declaration Motor_Excu - give arg types
  void Motor_Excu();// 执行函数
../Core/Inc/app_encoder.h(6): warning:  #1295-D: Deprecated declaration Encoder_Init - give arg types
  void Encoder_Init(); // 编码器初始化
../Core/Src/freertos.c: 2 warnings, 0 errors
linking...
Program Size: Code=12796 RO-data=344 RW-data=128 ZI-data=6000  
FromELF: creating hex file...
"PID\PID.axf" - 0 Error(s), 4 Warning(s).

<h2>Software Packages used:</h2>

Package Vendor: ARM
                https://www.keil.com/pack/ARM.CMSIS.6.2.0.pack
                ARM::CMSIS@6.2.0
                CMSIS (Common Microcontroller Software Interface Standard)
   * Component: CORE Version: 6.1.1

Package Vendor: Keil
                https://www.keil.com/pack/Keil.STM32F1xx_DFP.2.4.1.pack
                Keil::STM32F1xx_DFP@2.4.1
                STMicroelectronics STM32F1 Series Device Support, Drivers and Examples

<h2>Collection of Component include folders:</h2>
  ./RTE/_PID
  D:/1Robot/arm/packs/ARM/CMSIS/6.2.0/CMSIS/Core/Include
  D:/1Robot/arm/packs/Keil/STM32F1xx_DFP/2.4.1/Device/Include

<h2>Collection of Component Files used:</h2>

   * Component: ARM::CMSIS:CORE@6.1.1
      Include file:  CMSIS/Core/Include/tz_context.h
Build Time Elapsed:  00:00:01
</pre>
</body>
</html>
